06-12 01:39:18.677 23032 23081 D WM-WorkConstraintsTrack: NetworkRequestConstraintController onCapabilitiesChanged callback
06-12 01:39:18.674  2778  2778 W qms     : type=1400 audit(0.0:335419): avc:  denied  { dac_read_search } for  capability=2  scontext=u:r:vendor_qms:s0 tcontext=u:r:vendor_qms:s0 tclass=capability permissive=0
06-12 01:39:18.674  2778  2778 W qms     : type=1400 audit(0.0:335420): avc:  denied  { dac_override } for  capability=1  scontext=u:r:vendor_qms:s0 tcontext=u:r:vendor_qms:s0 tclass=capability permissive=0
06-12 01:39:18.680   490   946 D WM-WorkConstraintsTrack: NetworkRequestConstraintController onCapabilitiesChanged callback
06-12 01:39:18.683  3386  4153 D ConnectivityService: NetReassign [no changes] [c 0] [a 0] [i 1]
06-12 01:39:18.683   506 27598 I NearbyMediums: Wifi changed new SSID: <unknown ssid>
06-12 01:39:18.683   506 27598 I NearbyMediums: WifiLanConnectivityInfo is not changed, skip notify.
06-12 01:39:18.684 21190 21308 I BugleRcsEngine: Rcs is enabled from user settings: true [CONTEXT log_prefix="ProvisioningEngineDataRetriever" thread_id=245 ]
06-12 01:39:18.704  8882  8882 E ThermalEngine: thermal-engine lockup detected count=1:prev_count=1
06-12 01:39:18.732  3386  8297 D FileUtils: Rounded bytes from 11859554304 to 16000000000
06-12 01:39:18.927 23412 23425 D UiDevice: Node not found with selector: BySelector [SCROLLABLE='true'].
06-12 01:39:18.927 23412 23425 D Benchmark: Flushing ART profiles for com.papernotes
06-12 01:39:19.182   506 27598 I NearbySharing: Network state changed: NetworkState(isRestricted=false, isOnline=true, isCongested=false, isMetered=false, isWifiConnected=true)
06-12 01:39:19.234  3386  8297 D FileUtils: Rounded bytes from 11859554304 to 16000000000
06-12 01:39:19.234  2343  5612 E PERF-LLLITE-LEARNER: PERF-LLLITE-LEARNER: getPid() 240: Failed to get pid for app_name android
06-12 01:39:19.513  3386  4153 D InetDiagMessage: Destroyed 0 sockets, proto=IPPROTO_TCP, family=AF_INET, states=14
06-12 01:39:19.516  3386  4153 D InetDiagMessage: Destroyed 0 sockets, proto=IPPROTO_TCP, family=AF_INET6, states=14
06-12 01:39:19.516  3386  4153 D InetDiagMessage: Destroyed live tcp sockets for uids={10294} in 5ms
06-12 01:39:19.518  3386  4153 D InetDiagMessage: Destroyed 0 sockets, proto=IPPROTO_TCP, family=AF_INET, states=14
06-12 01:39:19.520  3386  4153 D InetDiagMessage: Destroyed 0 sockets, proto=IPPROTO_TCP, family=AF_INET6, states=14
06-12 01:39:19.520  3386  4153 D InetDiagMessage: Destroyed live tcp sockets for uids={20294} in 4ms
06-12 01:39:19.539 10282 23683 W adbd    : timed out while waiting for FUNCTIONFS_BIND, trying again
06-12 01:39:19.540 10282 23683 I adbd    : UsbFfs: connection terminated: monitor thread finished
06-12 01:39:19.580 10282 10288 I adbd    : opening control endpoint /dev/usb-ffs/adb/ep0
06-12 01:39:19.644 23412 23685 D ProfileInstaller: Installing profile for com.papernotes.baselineprofile
06-12 01:39:19.686  2778  2778 W qms     : type=1400 audit(0.0:335421): avc:  denied  { dac_read_search } for  capability=2  scontext=u:r:vendor_qms:s0 tcontext=u:r:vendor_qms:s0 tclass=capability permissive=0
06-12 01:39:19.686  2778  2778 W qms     : type=1400 audit(0.0:335422): avc:  denied  { dac_override } for  capability=1  scontext=u:r:vendor_qms:s0 tcontext=u:r:vendor_qms:s0 tclass=capability permissive=0
06-12 01:39:19.738  3386 15683 D FileUtils: Rounded bytes from 11859554304 to 16000000000
06-12 01:39:19.886  8882  9062 E PT      : P1:0
06-12 01:39:19.886  2778  2778 W qms     : type=1400 audit(0.0:335423): avc:  denied  { dac_read_search } for  capability=2  scontext=u:r:vendor_qms:s0 tcontext=u:r:vendor_qms:s0 tclass=capability permissive=0
06-12 01:39:19.886  2778  2778 W qms     : type=1400 audit(0.0:335424): avc:  denied  { dac_override } for  capability=1  scontext=u:r:vendor_qms:s0 tcontext=u:r:vendor_qms:s0 tclass=capability permissive=0
06-12 01:39:20.241  3386 15683 D FileUtils: Rounded bytes from 11859554304 to 16000000000
06-12 01:39:20.282  2343  5612 E PERF-LLLITE-LEARNER: PERF-LLLITE-LEARNER: getPid() 240: Failed to get pid for app_name android
06-12 01:39:20.585 10282 23684 W adbd    : timed out while waiting for FUNCTIONFS_BIND, trying again
06-12 01:39:20.585 10282 23684 I adbd    : UsbFfs: connection terminated: monitor thread finished
06-12 01:39:20.616 10282 10288 I adbd    : opening control endpoint /dev/usb-ffs/adb/ep0
06-12 01:39:20.744  3386 15683 D FileUtils: Rounded bytes from 11859554304 to 16000000000
06-12 01:39:21.125  2199  2223 I android.hardware.thermal-service.qti: Sensor Name: skin temp: 27.865. prev severity:1. cur severity:0 New severity:0
06-12 01:39:21.159 22978 23229 D OgcLynx : cache loadFromDisk: 1 entries
06-12 01:39:21.246  3386 15683 D FileUtils: Rounded bytes from 11859554304 to 16000000000
06-12 01:39:21.324  2343  5612 E PERF-LLLITE-LEARNER: PERF-LLLITE-LEARNER: getPid() 240: Failed to get pid for app_name android
06-12 01:39:21.488 22978 23002 W System.err: FlagsHookHelper: skip hook flags method getInstanceHook
06-12 01:39:21.492 22978 23072 W System.err: FlagsHookHelper: skip hook flags method getInstanceHook
06-12 01:39:21.505 22978 23178 W NaviWarn: StackPtr is not 8-byte aligned.
06-12 01:39:21.517 22978 23178 W NaviWarn: StackPtr is not 8-byte aligned.
06-12 01:39:21.619 10282 23689 W adbd    : timed out while waiting for FUNCTIONFS_BIND, trying again
06-12 01:39:21.620 10282 23689 I adbd    : UsbFfs: connection terminated: monitor thread finished
06-12 01:39:21.656 22978 23692 W System.err: FlagsHookHelper: skip hook flags method getInstanceHook
06-12 01:39:21.684 10282 10288 I adbd    : opening control endpoint /dev/usb-ffs/adb/ep0
06-12 01:39:21.687  3386  3541 I MotoSoftApCheckin: onWifiNetworkStateChanged: 1
06-12 01:39:21.687  3386  4144 I HalDevMgr: bestIfaceCreationProposal is null, requestIface=STA, existingIface=[name=wlan0 type=STA]
06-12 01:39:21.688  3386  3541 I MotoStaCheckin: onCapabilitiesChanged, Network ID: 122, Valid: true, NetworkCapabilities: [ Transports: WIFI Capabilities: NOT_METERED&INTERNET&NOT_RESTRICTED&TRUSTED&NOT_VPN&VALIDATED&NOT_ROAMING&FOREGROUND&NOT_CONGESTED&NOT_SUSPENDED&NOT_VCN_MANAGED&NOT_BANDWIDTH_CONSTRAINED LinkUpBandwidth>=19748Kbps LinkDnBandwidth>=58859Kbps TransportInfo: <SSID: "BTMZ69_5G", BSSID: 8c:6a:8d:a3:9d:60, MAC: ca:88:f4:5d:84:17, IP: /192.168.0.4, Security type: 4, Supplicant state: COMPLETED, Wi-Fi standard: 11ax, RSSI: -65, Link speed: 288Mbps, Tx Link speed: 288Mbps, Max Supported Tx Link speed: 1200Mbps, Calculated Tx : 244Mbps, Rx Link speed: 288Mbps, Max Supported Rx Link speed: 1200Mbps, Calculated Rx : 192Mbps, Frequency: 5280MHz, Net ID: 1, Metered hint: false, score: 100, isUsable: true, CarrierMerged: false, SubscriptionId: -1, IsPrimary: 1, Trusted: true, Restricted: false, Ephemeral: false, OEM paid: false, OEM private: false, OSU AP: false, FQDN: <none>, Provider friendly name: <none>, Requesting package name: <none>"BTMZ69_5G"wpa3-saeMLO Information: , Is TID-To-Link negotiation supported by the AP: false, AP MLD Address: <none>, AP MLO Link Id: <none>, AP MLO Affiliated links: <none>, Vendor Data: <none>> SignalStrength: -65 AdminUids: [10339] SSID: "BTMZ69_5G" UnderlyingNetworks: Null]
06-12 01:39:21.688  3386  8757 I MotoStaCheckin: onWifiUsabilityStats, seqNum: 30215, isSameBssidAndFreq: true, RSSI: -65, isThroughputSufficient: true, LinkSpeed: 288 Mbps, RxLinkSpeed: 288 Mbps
06-12 01:39:21.688  3386  8757 I MotoStaCheckin: onWifiUsabilityStats, Duration: 401200899, Rx Good: 57 ( PPS: 0 ), Tx Good: 53, Tx Bad: 0 ( 0 % ), Tx Retry: 16 ( 23 % ), NSS: 2, Bandwidth: 2
06-12 01:39:21.694  3386  3386 D WiFiBlocklistController: Wifi onCapabilitiesChanged
06-12 01:39:21.694  3386  3386 D WiFiBlocklistController: Default net onCapabilitiesChanged
06-12 01:39:21.694  3386  3386 D WiFiBlocklistController: updateDefaultNet:122
06-12 01:39:21.694  3386  3386 D WiFiBlocklistController: mayUpdateNotification: shouldShow=false,UidsBlocked=false, net info=net:122,ifName=wlan0,securityType=4,isDefault=true,ssid="BTMZ69_5G",notificationId=0
06-12 01:39:21.696  3386  4183 I EnhancedConnectivity: [DataStallService] NetworkCallback  isDataStallNetwork=false isLabCard=false
06-12 01:39:21.696  6519  8351 I ModemStats: [DataStallDetectService] onCapabilitiesChanged networkCapabilities=[ Transports: WIFI Capabilities: NOT_METERED&INTERNET&NOT_RESTRICTED&TRUSTED&NOT_VPN&VALIDATED&NOT_ROAMING&FOREGROUND&NOT_CONGESTED&NOT_SUSPENDED&NOT_VCN_MANAGED&NOT_BANDWIDTH_CONSTRAINED LinkUpBandwidth>=19748Kbps LinkDnBandwidth>=58859Kbps TransportInfo: <SSID: <unknown ssid>, BSSID: 02:00:00:00:00:00, MAC: 02:00:00:00:00:00, IP: /192.168.0.4, Security type: 4, Supplicant state: COMPLETED, Wi-Fi standard: 11ax, RSSI: -65, Link speed: 288Mbps, Tx Link speed: 288Mbps, Max Supported Tx Link speed: 1200Mbps, Calculated Tx : 244Mbps, Rx Link speed: 288Mbps, Max Supported Rx Link speed: 1200Mbps, Calculated Rx : 192Mbps, Frequency: 5280MHz, Net ID: -1, Metered hint: false, score: 100, isUsable: true, CarrierMerged: false, SubscriptionId: -1, IsPrimary: -1, Trusted: true, Restricted: false, Ephemeral: false, OEM paid: false, OEM private: false, OSU AP: false, FQDN: <none>, Provider friendly name: <none>, Requesting package name: <none><none>MLO Information: , Is TID-To-Link negotiation supported by the AP: false, AP MLD Address: <none>, AP MLO Link Id: <none>, AP MLO Affiliated links: <none>, Vendor Data: <none>> SignalStrength: -65 UnderlyingNetworks: Null]
06-12 01:39:21.696  6519  8351 I ModemStats: [DataStallDetectService] onCapabilitiesChanged NET_CAPABILITY_VALIDATED=true
06-12 01:39:21.697  6519  8351 I ModemStats: [DataStallDetectService] onCapabilitiesChanged mDataStallManager.mDataStallInstance=null
06-12 01:39:21.697  6519  8351 I ModemStats: [DataStallDetectService] onCapabilitiesChanged mDataStallSmart5gManager.mDataStallInstance=null
06-12 01:39:21.697  4726  5381 D QCNEJ/NativeAidlConnector: -> SND notifyDefaultNetworkChanged(1)
06-12 01:39:21.697  4726  5381 D cneJni  : sendDefaultNwMsg start
06-12 01:39:21.698 21190 21308 I BugleRcsEngine: handleMessage processing message:[NOTIFY_UPTIME_IGNORE_STATE_CHANGED] with [non-null]:RcsEngineImpl reference [CONTEXT log_prefix="RcsEngineImpl[DUAL_REG]:[01031263-d77e]>Handler" thread_id=245 ]
06-12 01:39:21.698 23032 23081 D WM-WorkConstraintsTrack: NetworkRequestConstraintController onCapabilitiesChanged callback
06-12 01:39:21.698 21190 21277 I BugleRcsEngine: Connected state: [1], networkType: [WIFI] [CONTEXT thread_id=238 ]
06-12 01:39:21.698  4598  5378 D txpwrJni: sendNetworkInfo start
06-12 01:39:21.698  4598  5378 D txpwrJni: sendNetworkInfo RatType 0
06-12 01:39:21.699  4726  5381 D cneJni  : sendWifiStatus start
06-12 01:39:21.705   490   946 D WM-WorkConstraintsTrack: NetworkRequestConstraintController onCapabilitiesChanged callback
06-12 01:39:21.706 21190 21308 I BugleRcsEngine: Rcs is enabled from user settings: true [CONTEXT log_prefix="ProvisioningEngineDataRetriever" thread_id=245 ]
06-12 01:39:21.707  3386  4153 D ConnectivityService: NetReassign [no changes] [c 0] [a 0] [i 1]
06-12 01:39:21.707   506  1386 I NearbyMediums: Wifi changed new SSID: <unknown ssid>
06-12 01:39:21.707   506  1386 I NearbyMediums: WifiLanConnectivityInfo is not changed, skip notify.
06-12 01:39:21.702  2778  2778 W qms     : type=1400 audit(0.0:335425): avc:  denied  { dac_read_search } for  capability=2  scontext=u:r:vendor_qms:s0 tcontext=u:r:vendor_qms:s0 tclass=capability permissive=0
06-12 01:39:21.702  2778  2778 W qms     : type=1400 audit(0.0:335426): avc:  denied  { dac_override } for  capability=1  scontext=u:r:vendor_qms:s0 tcontext=u:r:vendor_qms:s0 tclass=capability permissive=0
06-12 01:39:21.749  3386  8297 D FileUtils: Rounded bytes from 11859554304 to 16000000000
06-12 01:39:21.814  2176  3977 D slpi-STK3BFX: Prox Cal complete, Cause PDATA0, New PDATA 1170, DALTA 485, PILT 1402, PIHT 1630
06-12 01:39:22.206   506  1386 I NearbySharing: Network state changed: NetworkState(isRestricted=false, isOnline=true, isCongested=false, isMetered=false, isWifiConnected=true)
06-12 01:39:22.241  4473 15803 D IpClient/wlan0: addressUpdated: 2a02:8071:7861:1480:c888:f4ff:fe5d:8417/64 on ifindex 24 flags 0x00000100 scope 0
06-12 01:39:22.241  4473 15803 D IpClient/wlan0: addressUpdated: 2a02:8071:7861:1480:1ac2:7bae:a3d8:3edf/64 on ifindex 24 flags 0x00000001 scope 0
06-12 01:39:22.241  4473 15803 W AlarmManager: Unrecognized alarm listener com.android.networkstack.android.net.ip.IpClientLinkObserver$Dhcp6PdPreferredPrefixAlarmListener@67ff17e
06-12 01:39:22.243  4473 15803 D ApfFilter: (wlan0): Ignoring RA RA fe80::10:18ff:fea3:9d54 -> ff02::1 180s 2a02:8071:7861:1480::/64 86400s/86400s DNS 86400s 2a02:8071:7861:1480:10:18ff:fea3:9d54 RIO 180s ::/0  which matches RA fe80::10:18ff:fea3:9d54 -> ff02::1 180s 2a02:8071:7861:1480::/64 86400s/86400s DNS 86400s 2a02:8071:7861:1480:10:18ff:fea3:9d54 RIO 180s ::/0
06-12 01:39:22.250  3386 25670 D FileUtils: Rounded bytes from 11859554304 to 16000000000
06-12 01:39:22.350  2343  5612 E PERF-LLLITE-LEARNER: PERF-LLLITE-LEARNER: getPid() 240: Failed to get pid for app_name android
06-12 01:39:22.385 23564 23694 D ProfileInstaller: Skipping profile installation for com.papernotes
06-12 01:39:22.692 10282 23693 W adbd    : timed out while waiting for FUNCTIONFS_BIND, trying again
06-12 01:39:22.693 10282 23693 I adbd    : UsbFfs: connection terminated: monitor thread finished
06-12 01:39:22.729 10282 10288 I adbd    : opening control endpoint /dev/usb-ffs/adb/ep0
06-12 01:39:22.752  3386 25670 D FileUtils: Rounded bytes from 11859554304 to 16000000000
06-12 01:39:22.887  8882  9062 E PT      : P1:0
06-12 01:39:23.259  3386  7667 D FileUtils: Rounded bytes from 11859554304 to 16000000000
06-12 01:39:23.258  2778  2778 W qms     : type=1400 audit(0.0:335427): avc:  denied  { dac_read_search } for  capability=2  scontext=u:r:vendor_qms:s0 tcontext=u:r:vendor_qms:s0 tclass=capability permissive=0
06-12 01:39:23.258  2778  2778 W qms     : type=1400 audit(0.0:335428): avc:  denied  { dac_override } for  capability=1  scontext=u:r:vendor_qms:s0 tcontext=u:r:vendor_qms:s0 tclass=capability permissive=0
06-12 01:39:23.281  4473 15803 D IpClient/wlan0: interfaceLinkStateChanged: ifindex 24 up
06-12 01:39:23.394  2343  5612 E PERF-LLLITE-LEARNER: PERF-LLLITE-LEARNER: getPid() 240: Failed to get pid for app_name android
06-12 01:39:23.462  2778  2778 W qms     : type=1400 audit(0.0:335429): avc:  denied  { dac_read_search } for  capability=2  scontext=u:r:vendor_qms:s0 tcontext=u:r:vendor_qms:s0 tclass=capability permissive=0
06-12 01:39:23.462  2778  2778 W qms     : type=1400 audit(0.0:335430): avc:  denied  { dac_override } for  capability=1  scontext=u:r:vendor_qms:s0 tcontext=u:r:vendor_qms:s0 tclass=capability permissive=0
06-12 01:39:23.645  5768  5790 V OsAgent : broadcastSystemEvent - 7
06-12 01:39:23.645  5768  5790 V OsAgent : broadcastSystemEvent - 7
06-12 01:39:23.645  5768  5790 V OsAgent : broadcastSystemEvent - 7
06-12 01:39:23.734 10282 23695 W adbd    : timed out while waiting for FUNCTIONFS_BIND, trying again
06-12 01:39:23.735 10282 23695 I adbd    : UsbFfs: connection terminated: monitor thread finished
06-12 01:39:23.762  3386  7667 D FileUtils: Rounded bytes from 11859554304 to 16000000000
06-12 01:39:23.772 10282 10288 I adbd    : opening control endpoint /dev/usb-ffs/adb/ep0
06-12 01:39:23.989 23412 23425 D Benchmark: Saving profiles for process ProcessPid(processName=com.papernotes, pid=23564)
06-12 01:39:23.989 23412 23425 D Benchmark: Profile Installer - Save Profile
06-12 01:39:24.021  3386  7667 I ActivityManager: Broadcasting: Intent { act=androidx.profileinstaller.action.SAVE_PROFILE flg=0x400000 cmp=com.papernotes/androidx.profileinstaller.ProfileInstallReceiver }
06-12 01:39:24.050 23564 23564 I Process : Sending signal. PID: 23564 SIG: 10
06-12 01:39:24.051 23564 23564 D ProfileInstaller:
06-12 01:39:24.051 23564 23566 I com.papernotes: Thread[2,tid=23566,WaitingInMainSignalCatcherLoop,Thread*=0xb400007bbca98b20,peer=0x2a48020,"Signal Catcher"]: reacting to signal 10
06-12 01:39:24.051 23564 23566 I com.papernotes:
06-12 01:39:24.051 23564 23566 I com.papernotes: SIGUSR1 forcing GC (no HPROF) and profile save
06-12 01:39:24.053  3386  3469 I ActivityManager: Broadcast completed: result=12
06-12 01:39:24.075 23564 23566 I com.papernotes: Explicit concurrent mark compact GC freed 13MB AllocSpace bytes, 1(20KB) LOS objects, 82% free, 3981KB/21MB, paused 116us,513us total 23.132ms
06-12 01:39:24.267  3386 25670 D FileUtils: Rounded bytes from 11859554304 to 16000000000
06-12 01:39:24.427  2343  5612 E PERF-LLLITE-LEARNER: PERF-LLLITE-LEARNER: getPid() 240: Failed to get pid for app_name android
06-12 01:39:24.705  3386  3541 I MotoSoftApCheckin: onWifiNetworkStateChanged: 1
06-12 01:39:24.705  3386  3541 I MotoStaCheckin: onCapabilitiesChanged, Network ID: 122, Valid: true, NetworkCapabilities: [ Transports: WIFI Capabilities: NOT_METERED&INTERNET&NOT_RESTRICTED&TRUSTED&NOT_VPN&VALIDATED&NOT_ROAMING&FOREGROUND&NOT_CONGESTED&NOT_SUSPENDED&NOT_VCN_MANAGED&NOT_BANDWIDTH_CONSTRAINED LinkUpBandwidth>=19748Kbps LinkDnBandwidth>=58911Kbps TransportInfo: <SSID: "BTMZ69_5G", BSSID: 8c:6a:8d:a3:9d:60, MAC: ca:88:f4:5d:84:17, IP: /192.168.0.4, Security type: 4, Supplicant state: COMPLETED, Wi-Fi standard: 11ax, RSSI: -65, Link speed: 216Mbps, Tx Link speed: 216Mbps, Max Supported Tx Link speed: 1200Mbps, Calculated Tx : 208Mbps, Rx Link speed: 204Mbps, Max Supported Rx Link speed: 1200Mbps, Calculated Rx : 271Mbps, Frequency: 5280MHz, Net ID: 1, Metered hint: false, score: 100, isUsable: true, CarrierMerged: false, SubscriptionId: -1, IsPrimary: 1, Trusted: true, Restricted: false, Ephemeral: false, OEM paid: false, OEM private: false, OSU AP: false, FQDN: <none>, Provider friendly name: <none>, Requesting package name: <none>"BTMZ69_5G"wpa3-saeMLO Information: , Is TID-To-Link negotiation supported by the AP: false, AP MLD Address: <none>, AP MLO Link Id: <none>, AP MLO Affiliated links: <none>, Vendor Data: <none>> SignalStrength: -65 AdminUids: [10339] SSID: "BTMZ69_5G" UnderlyingNetworks: Null]
06-12 01:39:24.708  3386  4144 I HalDevMgr: bestIfaceCreationProposal is null, requestIface=STA, existingIface=[name=wlan0 type=STA]
06-12 01:39:24.709  3386  8757 I MotoStaCheckin: onWifiUsabilityStats, seqNum: 30216, isSameBssidAndFreq: true, RSSI: -65, isThroughputSufficient: true, LinkSpeed: 216 Mbps, RxLinkSpeed: 204 Mbps
06-12 01:39:24.709  3386  8757 I MotoStaCheckin: onWifiUsabilityStats, Duration: 401203920, Rx Good: 56 ( PPS: 0 ), Tx Good: 51, Tx Bad: 0 ( 0 % ), Tx Retry: 18 ( 26 % ), NSS: 2, Bandwidth: 2
06-12 01:39:24.715  3386  3386 D WiFiBlocklistController: Wifi onCapabilitiesChanged
06-12 01:39:24.715  3386  3386 D WiFiBlocklistController: Default net onCapabilitiesChanged
06-12 01:39:24.715  3386  3386 D WiFiBlocklistController: updateDefaultNet:122
06-12 01:39:24.715  3386  3386 D WiFiBlocklistController: mayUpdateNotification: shouldShow=false,UidsBlocked=false, net info=net:122,ifName=wlan0,securityType=4,isDefault=true,ssid="BTMZ69_5G",notificationId=0
06-12 01:39:24.718  3386  4183 I EnhancedConnectivity: [DataStallService] NetworkCallback  isDataStallNetwork=false isLabCard=false
06-12 01:39:24.718  6519  8351 I ModemStats: [DataStallDetectService] onCapabilitiesChanged networkCapabilities=[ Transports: WIFI Capabilities: NOT_METERED&INTERNET&NOT_RESTRICTED&TRUSTED&NOT_VPN&VALIDATED&NOT_ROAMING&FOREGROUND&NOT_CONGESTED&NOT_SUSPENDED&NOT_VCN_MANAGED&NOT_BANDWIDTH_CONSTRAINED LinkUpBandwidth>=19748Kbps LinkDnBandwidth>=58911Kbps TransportInfo: <SSID: <unknown ssid>, BSSID: 02:00:00:00:00:00, MAC: 02:00:00:00:00:00, IP: /192.168.0.4, Security type: 4, Supplicant state: COMPLETED, Wi-Fi standard: 11ax, RSSI: -65, Link speed: 216Mbps, Tx Link speed: 216Mbps, Max Supported Tx Link speed: 1200Mbps, Calculated Tx : 208Mbps, Rx Link speed: 204Mbps, Max Supported Rx Link speed: 1200Mbps, Calculated Rx : 271Mbps, Frequency: 5280MHz, Net ID: -1, Metered hint: false, score: 100, isUsable: true, CarrierMerged: false, SubscriptionId: -1, IsPrimary: -1, Trusted: true, Restricted: false, Ephemeral: false, OEM paid: false, OEM private: false, OSU AP: false, FQDN: <none>, Provider friendly name: <none>, Requesting package name: <none><none>MLO Information: , Is TID-To-Link negotiation supported by the AP: false, AP MLD Address: <none>, AP MLO Link Id: <none>, AP MLO Affiliated links: <none>, Vendor Data: <none>> SignalStrength: -65 UnderlyingNetworks: Null]
06-12 01:39:24.719  6519  8351 I ModemStats: [DataStallDetectService] onCapabilitiesChanged NET_CAPABILITY_VALIDATED=true
06-12 01:39:24.719  6519  8351 I ModemStats: [DataStallDetectService] onCapabilitiesChanged mDataStallManager.mDataStallInstance=null
06-12 01:39:24.719  6519  8351 I ModemStats: [DataStallDetectService] onCapabilitiesChanged mDataStallSmart5gManager.mDataStallInstance=null
06-12 01:39:24.720  4726  5381 D cneJni  : sendWifiStatus start
06-12 01:39:24.726  2778  2778 W qms     : type=1400 audit(0.0:335431): avc:  denied  { dac_read_search } for  capability=2  scontext=u:r:vendor_qms:s0 tcontext=u:r:vendor_qms:s0 tclass=capability permissive=0
06-12 01:39:24.726  2778  2778 W qms     : type=1400 audit(0.0:335432): avc:  denied  { dac_override } for  capability=1  scontext=u:r:vendor_qms:s0 tcontext=u:r:vendor_qms:s0 tclass=capability permissive=0
06-12 01:39:24.721 23032 23081 D WM-WorkConstraintsTrack: NetworkRequestConstraintController onCapabilitiesChanged callback
06-12 01:39:24.723  4726  5381 D QCNEJ/NativeAidlConnector: -> SND notifyDefaultNetworkChanged(1)
06-12 01:39:24.723  4726  5381 D cneJni  : sendDefaultNwMsg start
06-12 01:39:24.724 21190 21277 I BugleRcsEngine: Connected state: [1], networkType: [WIFI] [CONTEXT thread_id=238 ]
06-12 01:39:24.724  4598  5378 D txpwrJni: sendNetworkInfo start
06-12 01:39:24.724  4598  5378 D txpwrJni: sendNetworkInfo RatType 0
06-12 01:39:24.724 21190 21308 I BugleRcsEngine: handleMessage processing message:[NOTIFY_UPTIME_IGNORE_STATE_CHANGED] with [non-null]:RcsEngineImpl reference [CONTEXT log_prefix="RcsEngineImpl[DUAL_REG]:[01031263-d77e]>Handler" thread_id=245 ]
06-12 01:39:24.727  3386  4153 D ConnectivityService: NetReassign [no changes] [c 0] [a 0] [i 0]
06-12 01:39:24.728   506  1386 I NearbyMediums: Wifi changed new SSID: <unknown ssid>
06-12 01:39:24.728   506  1386 I NearbyMediums: WifiLanConnectivityInfo is not changed, skip notify.
06-12 01:39:24.728   490   946 D WM-WorkConstraintsTrack: NetworkRequestConstraintController onCapabilitiesChanged callback
06-12 01:39:24.732 21190 21308 I BugleRcsEngine: Rcs is enabled from user settings: true [CONTEXT log_prefix="ProvisioningEngineDataRetriever" thread_id=245 ]
06-12 01:39:24.759 25881 25913 I Finsky  : [428] AIM: AppInfoManager-Perf > Destroying AppInfoManager ...
06-12 01:39:24.769  3386  7667 D FileUtils: Rounded bytes from 11859554304 to 16000000000
06-12 01:39:24.780 10282 23699 W adbd    : timed out while waiting for FUNCTIONFS_BIND, trying again
06-12 01:39:24.780 10282 23699 I adbd    : UsbFfs: connection terminated: monitor thread finished
06-12 01:39:24.860 10282 10288 I adbd    : opening control endpoint /dev/usb-ffs/adb/ep0
06-12 01:39:24.926  2778  2778 W qms     : type=1400 audit(0.0:335433): avc:  denied  { dac_read_search } for  capability=2  scontext=u:r:vendor_qms:s0 tcontext=u:r:vendor_qms:s0 tclass=capability permissive=0
06-12 01:39:24.926  2778  2778 W qms     : type=1400 audit(0.0:335434): avc:  denied  { dac_override } for  capability=1  scontext=u:r:vendor_qms:s0 tcontext=u:r:vendor_qms:s0 tclass=capability permissive=0
06-12 01:39:25.061 23412 23425 D Benchmark: Flushed profiles in 1 processes
06-12 01:39:25.114 23412 23425 D Benchmark: Force-stopping process com.papernotes
06-12 01:39:25.126  6373 25889 W MediaProvider: isAppCloneUserPair for user 0: false
06-12 01:39:25.170 22978 23721 W System.err: FlagsHookHelper: skip hook flags method getInstanceHook
06-12 01:39:25.182 22978 23178 W NaviWarn: StackPtr is not 8-byte aligned.
06-12 01:39:25.194  2448  2752 W IPCThreadState: Sending oneway calls to frozen process.
06-12 01:39:25.195  2343  2407 E PERFHAL-LLLITE: PERFHAL-LLLITE: CheckOngoingLaunchScenario() 188: mBoostedPkgName is empty!
06-12 01:39:25.192  5768  5790 V OsAgent : broadcastSystemEvent - 7
06-12 01:39:25.200  2567  2567 I TopTaskTracker: onTaskMovedToFront: (moved taskInfo to front) taskId=725, baseIntent=Intent { act=android.intent.action.MAIN cat=[android.intent.category.HOME] flg=0x10800100 cmp=com.example.androidlauncher/.MainActivity }
06-12 01:39:25.202  2567  7999 D LooperExecutor: main execute: com.android.quickstep.RecentTasksList$1$$ExternalSyntheticLambda3@974ffe8
06-12 01:39:25.202  2567  2567 D LooperExecutor: UiThreadHelper execute: com.android.quickstep.RecentTasksList$$ExternalSyntheticLambda0@239d601
06-12 01:39:25.203  3386  4572 I ModeMonitor: TOP: Uid:10475, Name:com.papernotes, Top:false , App is top:false
06-12 01:39:25.204  3386  4572 E ModeMonitor: It has no background voice app to use wifi data
06-12 01:39:25.204  3386  4572 I ModeMonitor: TOP: Uid:10469, Name:com.example.androidlauncher, Top:true , App is top:true
06-12 01:39:25.204  7310  7310 D ViewRootImpl: Skipping stats log for color mode
06-12 01:39:25.204  5768  5790 V OsAgent : broadcastSystemEvent - 7
06-12 01:39:25.207  7310  7310 D UsageReturn: hasUsageAccess=true mode=0
06-12 01:39:25.207  7310  7310 D ReturnStore: storedPackages=[com.ebay.mobile, com.google.android.apps.bard]
06-12 01:39:25.207  7310  7310 D UsageReturn: hasUsageAccess=true mode=0
06-12 01:39:25.207  4730  4730 D CarrierSvcBindHelper: onHandleForceStop: [com.papernotes]
06-12 01:39:25.208  7310  7310 D UsageReturn: eventCandidate=null
06-12 01:39:25.208  4473 15803 D IpClient/wlan0: addressUpdated: 2a02:8071:7861:1480:c888:f4ff:fe5d:8417/64 on ifindex 24 flags 0x00000100 scope 0
06-12 01:39:25.209  2448  2448 I BpBinder: onLastStrongRef automatically unlinking death recipients:
06-12 01:39:25.210  5287  5287 D MAC/ActionCoreApplicationMC: onTopResumedActivityChange()-->packageName=com.example.androidlauncher,isTop=true，UXCore is running=null,UXCore invisibility = null
06-12 01:39:25.210  4473 15803 D IpClient/wlan0: addressUpdated: 2a02:8071:7861:1480:1ac2:7bae:a3d8:3edf/64 on ifindex 24 flags 0x00000001 scope 0
06-12 01:39:25.210  4730  5046 D EuiccConnector: handleMessage: E msg.what=1
06-12 01:39:25.210  4730  5046 D EuiccConnector: processMsg: ConnectedState
06-12 01:39:25.210  4730  5046 D EuiccConnector: processMsg: DisconnectedState
06-12 01:39:25.211  2448  2752 W IPCThreadState: Sending oneway calls to frozen process.
06-12 01:39:25.211  2448  2448 D SurfaceFlinger: setDesiredDisplayModeSpecs[{0, false, PR={p[60.00-120.00]Hz, r[60.00-120.00]Hz}, AR={p[0.00-120.00]Hz, r[0.00-120.00]Hz}}]: by process 3386 uid 1000 for display 4630946747577212050
06-12 01:39:25.211  2448  2448 I SurfaceFlinger: doPolicyValidationAndCorrection for Prim to {0, false, PR={p[60.00-120.00]Hz, r[60.00-120.00]Hz}, AR={p[0.00-120.00]Hz, r[0.00-120.00]Hz}}
06-12 01:39:25.211  2448  2448 D RefreshRateSelector: constructAvailableRefreshRates: {defaultModeId=0, allowGroupSwitching=false, primaryRanges={physical=[60.00 Hz, 120.00 Hz], render=[60.00 Hz, 120.00 Hz]}, appRequestRanges={physical=[0.00 Hz, 120.00 Hz], render=[0.00 Hz, 120.00 Hz]} idleScreenConfig=nullptr}
06-12 01:39:25.211  2448  2448 D RefreshRateSelector: primary render rates: {fps=60.00 Hz, modePtr={id=0, vsyncRate=60.00 Hz, peakRefreshRate=60.00 Hz}} {fps=90.00 Hz, modePtr={id=2, vsyncRate=90.00 Hz, peakRefreshRate=90.00 Hz}} {fps=120.00 Hz, modePtr={id=1, vsyncRate=120.00 Hz, peakRefreshRate=120.00 Hz}} , isVrrDevice? 0
06-12 01:39:25.211  2448  2448 D RefreshRateSelector: app request render rates: {fps=20.00 Hz, modePtr={id=0, vsyncRate=60.00 Hz, peakRefreshRate=60.00 Hz}} {fps=22.50 Hz, modePtr={id=2, vsyncRate=90.00 Hz, peakRefreshRate=90.00 Hz}} {fps=24.00 Hz, modePtr={id=1, vsyncRate=120.00 Hz, peakRefreshRate=120.00 Hz}} {fps=30.00 Hz, modePtr={id=0, vsyncRate=60.00 Hz, peakRefreshRate=60.00 Hz}} {fps=40.00 Hz, modePtr={id=1, vsyncRate=120.00 Hz, peakRefreshRate=120.00 Hz}} {fps=45.00 Hz, modePtr={id=2, vsyncRate=90.00 Hz, peakRefreshRate=90.00 Hz}} {fps=60.00 Hz, modePtr={id=0, vsyncRate=60.00 Hz, peakRefreshRate=60.00 Hz}} {fps=90.00 Hz, modePtr={id=2, vsyncRate=90.00 Hz, peakRefreshRate=90.00 Hz}} {fps=120.00 Hz, modePtr={id=1, vsyncRate=120.00 Hz, peakRefreshRate=120.00 Hz}} , isVrrDevice? 0
06-12 01:39:25.211  2448  2448 D RefreshRateSelector: full frame rates render rates: {fps=20.00 Hz, modePtr={id=0, vsyncRate=60.00 Hz, peakRefreshRate=60.00 Hz}} {fps=22.50 Hz, modePtr={id=2, vsyncRate=90.00 Hz, peakRefreshRate=90.00 Hz}} {fps=24.00 Hz, modePtr={id=1, vsyncRate=120.00 Hz, peakRefreshRate=120.00 Hz}} {fps=30.00 Hz, modePtr={id=0, vsyncRate=60.00 Hz, peakRefreshRate=60.00 Hz}} {fps=40.00 Hz, modePtr={id=1, vsyncRate=120.00 Hz, peakRefreshRate=120.00 Hz}} {fps=45.00 Hz, modePtr={id=2, vsyncRate=90.00 Hz, peakRefreshRate=90.00 Hz}} {fps=60.00 Hz, modePtr={id=0, vsyncRate=60.00 Hz, peakRefreshRate=60.00 Hz}} {fps=90.00 Hz, modePtr={id=2, vsyncRate=90.00 Hz, peakRefreshRate=90.00 Hz}} {fps=120.00 Hz, modePtr={id=1, vsyncRate=120.00 Hz, peakRefreshRate=120.00 Hz}} , isVrrDevice? 0
06-12 01:39:25.211  2448  2448 D RefreshRateSelector: Special render rates:
06-12 01:39:25.211  2448  2448 D RefreshRateSelector: found  TouchBoostRefreshRate: {fps=90.00 Hz, modePtr={id=2, vsyncRate=90.00 Hz, peakRefreshRate=90.00 Hz}}
06-12 01:39:25.211  2448  2448 D RefreshRateSelector: found  ScrollBoostRefreshRate: {fps=120.00 Hz, modePtr={id=1, vsyncRate=120.00 Hz, peakRefreshRate=120.00 Hz}}
06-12 01:39:25.211  2448  2448 D RefreshRateSelector: [90:120:0]: mTouchBoostRefreshRateAvailable=1, mScrollBoostRefreshRateAvailable=1, mTouchOnBlankNotBoostRefreshRateAvailable=0
06-12 01:39:25.211  2448  2448 D RefreshRateSelector: found brightnessDimingBoostRefreshRate: {fps=60.00 Hz, modePtr={id=0, vsyncRate=60.00 Hz, peakRefreshRate=60.00 Hz}}
06-12 01:39:25.211  2448  2448 I RefreshRateSelector: Display 4630946747577212050 policy changed
06-12 01:39:25.211  2448  2448 I RefreshRateSelector: Previous: {defaultModeId=0, allowGroupSwitching=false, primaryRanges={physical=[60.00 Hz, 120.00 Hz], render=[60.00 Hz, 60.00 Hz]}, appRequestRanges={physical=[0.00 Hz, 120.00 Hz], render=[0.00 Hz, 120.00 Hz]} idleScreenConfig=nullptr}
06-12 01:39:25.211  2448  2448 I RefreshRateSelector: Current:  DisplayManagerPolicy{defaultModeId=0, allowGroupSwitching=false, primaryRanges={physical=[60.00 Hz, 120.00 Hz], render=[60.00 Hz, 120.00 Hz]}, appRequestRanges={physical=[0.00 Hz, 120.00 Hz], render=[0.00 Hz, 120.00 Hz]} idleScreenConfig=nullptr}
06-12 01:39:25.211  2448  2448 I RefreshRateSelector: 1 mode changes were performed under the previous policy
06-12 01:39:25.211  2448  2448 D SurfaceFlinger: Setting desired display mode specs: {0, false, PR={p[60.00-120.00]Hz, r[60.00-120.00]Hz}, AR={p[0.00-120.00]Hz, r[0.00-120.00]Hz}} for display 4630946747577212050
06-12 01:39:25.211  2448  2448 I Scheduler: onDisplayModeChanged: [0 60 0x1]
06-12 01:39:25.211  2448  2448 I Scheduler: getPreferredDisplayMode: UpdateRefreshRate 60 to 120 of group 1: [touch=0 scroll=0 idle=0 prr=0 brightnessDiming=0] for display 4630946747577212050
06-12 01:39:25.211  2448  2448 I SurfaceFlinger: Switching to Scheduler preferred mode 1 (120.00 Hz) for display 4630946747577212050
06-12 01:39:25.211  2448  2448 D DisplayModeController: setDesiredMode 4630946747577212050 {mode={fps=120.00 Hz, modePtr={id=1, vsyncRate=120.00 Hz, peakRefreshRate=120.00 Hz}}, emitEvent=true, force=false}
06-12 01:39:25.211  2448  2448 I DisplayModeController: Desired transition mode changed. 60 -> 120
06-12 01:39:25.212  7310  7310 D UsageReturn: statsCandidate=ForegroundAppObservation(packageName=com.google.android.apps.bard, observedAtMs=1781212702339, source=usage-stats)
06-12 01:39:25.212  7310  7310 D UsageReturn: recentForegroundObservation=ForegroundAppObservation(packageName=com.google.android.apps.bard, observedAtMs=1781212702339, source=usage-stats) eventCandidate=null statsCandidate=ForegroundAppObservation(packageName=com.google.android.apps.bard, observedAtMs=1781212702339, source=usage-stats)
06-12 01:39:25.212  7310  7310 D ReturnStore: storedOriginCount=2
06-12 01:39:25.212  7310  7310 D ReturnFlow: resume a11y=false usage=true storedPackages=[com.ebay.mobile, com.google.android.apps.bard] storedOrigins=2 pending=null pendingLaunchWall=0 beforeLauncher=null usageObservation=ForegroundAppObservation(packageName=com.google.android.apps.bard, observedAtMs=1781212702339, source=usage-stats)
06-12 01:39:25.212  7310  7310 D ReturnStore: get launched=com.ebay.mobile hit=true target=com.ebay.mobile source=HOME
06-12 01:39:25.212  7310  7310 D ReturnStore: get launched=com.google.android.apps.bard hit=true target=__search_return_target__ source=HOME
06-12 01:39:25.212  7310  7310 D ReturnFlow: resume gateReason=stale-animation matchedObservation=ForegroundAppObservation(packageName=com.google.android.apps.bard, observedAtMs=1781212702339, source=usage-stats) chosen=null target=null source=null bounds=false
06-12 01:39:25.213  4473 15803 W AlarmManager: Unrecognized alarm listener com.android.networkstack.android.net.ip.IpClientLinkObserver$Dhcp6PdPreferredPrefixAlarmListener@67ff17e
06-12 01:39:25.216  4473 15803 D ApfFilter: (wlan0): Ignoring RA RA fe80::10:18ff:fea3:9d54 -> ff02::1 180s 2a02:8071:7861:1480::/64 86400s/86400s DNS 86400s 2a02:8071:7861:1480:10:18ff:fea3:9d54 RIO 180s ::/0  which matches RA fe80::10:18ff:fea3:9d54 -> ff02::1 180s 2a02:8071:7861:1480::/64 86400s/86400s DNS 86400s 2a02:8071:7861:1480:10:18ff:fea3:9d54 RIO 180s ::/0
06-12 01:39:25.216  4730  5046 D EuiccConnector: handleMessage: X
06-12 01:39:25.218  4730  4730 D CarrierSvcBindHelper: No carrier app for: 0
06-12 01:39:25.219  4730  4730 D CarrierSvcBindHelper: No carrier app for: 1
06-12 01:39:25.224   506  1386 I NearbySharing: Network state changed: NetworkState(isRestricted=false, isOnline=true, isCongested=false, isMetered=false, isWifiConnected=true)
06-12 01:39:25.225  2448  5134 D VSyncReactor: 4630946747577212050: confirming period 16->8(cnt1)
06-12 01:39:25.226  3386  4060 W InputDispatcher: channel '45793ce com.papernotes/com.papernotes.MainActivity' ~ Consumer closed input channel or an error occurred.  events=0x9
06-12 01:39:25.226  3386  4060 E InputDispatcher: channel '45793ce com.papernotes/com.papernotes.MainActivity' ~ Channel is unrecoverably broken and will be disposed!
06-12 01:39:25.228 10282 10282 I adbd    : Remote process closed the socket (on MSG_PEEK)
06-12 01:39:25.229  2328 20186 I SnapAlloc: Using graphics libs for alignment calculations
06-12 01:39:25.230  2448  2448 I Scheduler: applyPolicy: UpdateRefreshRate 120 to 60 of group 1: [touch=0:0 touchBoost=0 scroll=0:0 idle=0:0 prr=0:0 brightnessDiming=0:0 qvrr=0:0] for display 4630946747577212050
06-12 01:39:25.230  2448  2448 D DisplayModeController: setDesiredMode 4630946747577212050 {mode={fps=60.00 Hz, modePtr={id=0, vsyncRate=60.00 Hz, peakRefreshRate=60.00 Hz}}, emitEvent=true, force=false}
06-12 01:39:25.230  2448  2448 I SurfaceFlinger: initiateDisplayModeChanges changing active mode from 0(60.00 Hz:1) to 2(90.00 Hz:1) for display 4630946747577212050
06-12 01:39:25.230  2448  2448 I SurfaceFlinger: initiateDisplayModeChanges active mode changed to 2(90.00 Hz) for display 4630946747577212050. mBrightnessDimingCnt=0
06-12 01:39:25.230  2177  2716 W SDM     : HWDeviceDRM::GetSupportedBitClkRate: Requested rate not supported: 0
06-12 01:39:25.231  2177  2716 I SDM     : HWDeviceDRM::UpdateMixerAttributes: Mixer WxH 1220x2712-1 for Peripheral
06-12 01:39:25.231  3386  6934 I ImeTracker: com.papernotes:8026f30b: onRequestHide at ORIGIN_SERVER reason HIDE_REMOVE_CLIENT fromUser false
06-12 01:39:25.231  3386  6934 I ImeTracker: com.papernotes:8026f30b: onCancelled at PHASE_SERVER_SHOULD_HIDE
06-12 01:39:25.232  2567  7999 D LooperExecutor: main execute: com.android.quickstep.HomeVisibilityState$init$1$onHomeVisibilityChanged$1@79a9ca6
06-12 01:39:25.232  2448  2752 D SurfaceFlinger: updateWinowInfo=1, setFocusedWindow timestamp=130016367899828, windowName=<null>
06-12 01:39:25.232  2177  2337 I SDM     : HWDeviceDRM::SetDisplaySwitchMode: Mode 2 already set
06-12 01:39:25.233  2094  2094 I Zygote  : Process 23564 exited due to signal 9 (Killed)
06-12 01:39:25.233  3386  3503 I libprocessgroup: Removed cgroup /sys/fs/cgroup/apps/uid_10475/pid_23564
06-12 01:39:25.233  3386  3503 W libprocessgroup: RemoveCgroup: /dev/memcg/apps/uid_10475/pid_23564 does not exist.
06-12 01:39:25.241  6373 23329 I MediaProvider: Invalidating LocalCallingIdentity cache for package com.papernotes.baselineprofile. Reason: owned_database_row_deleted:/storage/emulated/0/Android/media/com.papernotes.baselineprofile/temporaryScript_1546334615.sh
06-12 01:39:25.246  6373 23329 I MediaProvider: Deleted 0 0 0 0 0 0 1 items on external_primary due to com.android.shell
06-12 01:39:25.263  2448  2448 I Scheduler: applyPolicy: UpdateRefreshRate 60 to 120 of group 1: [touch=0:0 touchBoost=0 scroll=0:0 idle=0:0 prr=0:0 brightnessDiming=0:0 qvrr=0:0] for display 4630946747577212050
06-12 01:39:25.263  2448  2448 D DisplayModeController: setDesiredMode 4630946747577212050 {mode={fps=120.00 Hz, modePtr={id=1, vsyncRate=120.00 Hz, peakRefreshRate=120.00 Hz}}, emitEvent=true, force=false}
06-12 01:39:25.263  2448  2448 I SurfaceFlinger: initiateDisplayModeChanges changing active mode from 2(90.00 Hz:1) to 2(90.00 Hz:1) for display 4630946747577212050
06-12 01:39:25.268  2448  2752 D SurfaceFlinger: updateWinowInfo=1, setFocusedWindow timestamp=130016385761078, windowName=c5b8b1c com.example.androidlauncher/com.example.androidlauncher.MainActivity
06-12 01:39:25.269  2448  5134 D VSyncReactor: 4630946747577212050: period 11 confirmed(cnt3)
06-12 01:39:25.272  3386  4067 I ImeTracker: com.example.androidlauncher:8e090f7f: onRequestHide at ORIGIN_SERVER reason HIDE_UNSPECIFIED_WINDOW fromUser false
06-12 01:39:25.272  3386  4989 D FileUtils: Rounded bytes from 11859554304 to 16000000000
06-12 01:39:25.273  7310  7310 D InsetsController: hide(ime(), fromIme=false)
06-12 01:39:25.273  7310  7310 I ImeTracker: com.example.androidlauncher:8e090f7f: onCancelled at PHASE_CLIENT_ALREADY_HIDDEN
06-12 01:39:25.273  2176  3977 D slpi-STK3BFX: New FPS 90Hz, p_sync_delay_us changed (0x748f1 -> 0x6d9e2)
06-12 01:39:25.275  6281  6281 I GoogleInputMethodService: GoogleInputMethodService.onFinishInput():2259
06-12 01:39:25.275  3386  6933 I ImeTracker: system_server:1f269a8: onRequestHide at ORIGIN_SERVER reason IME_REQUESTED_CHANGED_LISTENER fromUser false
06-12 01:39:25.275  3386  3475 I ImeTracker: system_server:1f269a8: onCancelled at PHASE_SERVER_SHOULD_HIDE
06-12 01:39:25.275  6281  6281 I Module  : DeviceLockedStatusModuleProvider$Module.updateDeviceLockedStatus():103 repeatCheckTimes = 0, locked = false
06-12 01:39:25.276  6281  6281 I GoogleInputMethodService: GoogleInputMethodService.onStartInput():1446 onStartInput(EditorInfo{EditorInfo{packageName=com.example.androidlauncher, inputType=0, inputTypeString=NULL, enableLearning=false, autoCorrection=false, autoComplete=false, imeOptions=0, privateImeOptions=null, actionName=UNSPECIFIED, actionLabel=null, initialSelStart=-1, initialSelEnd=-1, initialCapsMode=0, label=null, fieldId=0, fieldName=null, extras=null, hintText=null, hintLocales=[]}}, false)
06-12 01:39:25.276  6281  6281 I AndroidIME: LatinIMEBase.updateInputViewCoverNavigation():322 Update input view padding, isNavbarOverInputWindow=true, bottom inset=0
06-12 01:39:25.276  6281  6281 I Module  : DeviceLockedStatusModuleProvider$Module.updateDeviceLockedStatus():103 repeatCheckTimes = 1, locked = false
06-12 01:39:25.277  2448  2448 I SurfaceFlinger: initiateDisplayModeChanges changing active mode from 2(90.00 Hz:1) to 1(120.00 Hz:1) for display 4630946747577212050
06-12 01:39:25.277  2448  2448 I SurfaceFlinger: initiateDisplayModeChanges active mode changed to 1(120.00 Hz) for display 4630946747577212050. mBrightnessDimingCnt=0
06-12 01:39:25.278  2177  2716 W SDM     : HWDeviceDRM::GetSupportedBitClkRate: Requested rate not supported: 0
06-12 01:39:25.278  2177  2716 I SDM     : HWDeviceDRM::UpdateMixerAttributes: Mixer WxH 1220x2712-1 for Peripheral
06-12 01:39:25.280  2177  2337 I SDM     : HWDeviceDRM::SetDisplaySwitchMode: Mode 1 already set
06-12 01:39:25.287  2448  2448 I Scheduler: onDisplayModeChanged: [1 120 0x1]
06-12 01:39:25.288  2448  2448 I SurfaceFlinger: initiateDisplayModeChanges changing active mode from 1(120.00 Hz:1) to 1(120.00 Hz:1) for display 4630946747577212050
06-12 01:39:25.294  6373  6799 W MediaProvider: isAppCloneUserPair for user 0: false
06-12 01:39:25.298   506   563 I UriTaskContentObserver: (REDACTED) Throttling content uri change event for %s
06-12 01:39:25.312  2176  3977 D slpi-STK3BFX: New FPS 120Hz, p_sync_delay_us changed (0x6d9e2 -> 0x6a038)
06-12 01:39:25.335 18478 20572 I artd    : Running profman: /apex/com.android.art/bin/art_exec --drop-capabilities --keep-fds=6:7:8 -- /apex/com.android.art/bin/profman --profile-file-fd=6 --reference-profile-file-fd=7 --apk-fd=8
06-12 01:39:25.335 18478 20572 I artd    : Opened FDs: 6:/data/misc/profiles/cur/0/com.papernotes/primary.prof 7:/data/misc/profiles/ref/com.papernotes/primary.prof.AIuEgK.tmp 8:/data/app/~~40EqDtKVkVMf2_zVRWAKDA==/com.papernotes-8jaWK_jQ1tbhbnuvlw5D4w==/base.apk
06-12 01:39:25.358 18478 20572 I artd    : profman returned code 1
06-12 01:39:25.360 18478 20572 I artd    : GetBestInfo: odex next to the dex file (/data/app/~~40EqDtKVkVMf2_zVRWAKDA==/com.papernotes-8jaWK_jQ1tbhbnuvlw5D4w==/oat/arm64/base.odex) is kOatUpToDate with filter 'verify' executable 'false'
06-12 01:39:25.360 18478 20572 I artd    : Should recompile: force recompilation
06-12 01:39:25.368 18478 20572 I artd    : Running dex2oat: /apex/com.android.art/bin/art_exec --drop-capabilities --set-task-profile=Dex2OatBootComplete --set-priority=background --keep-fds=6:7:8:9:10:11:12 -- /apex/com.android.art/bin/dex2oat64 --zip-fd=6 --zip-location=/data/app/~~40EqDtKVkVMf2_zVRWAKDA==/com.papernotes-8jaWK_jQ1tbhbnuvlw5D4w==/base.apk --oat-fd=7 --oat-location=/data/app/~~40EqDtKVkVMf2_zVRWAKDA==/com.papernotes-8jaWK_jQ1tbhbnuvlw5D4w==/oat/arm64/base.odex --output-vdex-fd=8 --app-image-fd=9 --image-format=lz4 --swap-fd=10 --class-loader-context=PCL[] --classpath-dir=/data/app/~~40EqDtKVkVMf2_zVRWAKDA==/com.papernotes-8jaWK_jQ1tbhbnuvlw5D4w== --input-vdex-fd=11 --profile-file-fd=12 --instruction-set=arm64 --instruction-set-features=default --instruction-set-variant=oryon --compiler-filter=speed-profile --compilation-reason=cmdline --max-image-block-size=524288 --resolve-startup-const-strings=true --generate-mini-debug-info --runtime-arg -Xtarget-sdk-version:35 --runtime-arg -Xhidden-api-policy:enabled --assume-value=Landroid/os/Build$VERSION;->SDK_INT:36 --no-allow-profile-code --cpu-set=0,1,2,3,4,5 -j6 --runtime-arg -Xms64m --runtime-arg -Xmx512m --comments=app-name:com.papernotes,app-version-name:1.0,app-version-code:1,art-version:370549100
06-12 01:39:25.368 18478 20572 I artd    : Opened FDs: 6:/data/app/~~40EqDtKVkVMf2_zVRWAKDA==/com.papernotes-8jaWK_jQ1tbhbnuvlw5D4w==/base.apk 7:/data/app/~~40EqDtKVkVMf2_zVRWAKDA==/com.papernotes-8jaWK_jQ1tbhbnuvlw5D4w==/oat/arm64/base.odex.mFtfKc.tmp 8:/data/app/~~40EqDtKVkVMf2_zVRWAKDA==/com.papernotes-8jaWK_jQ1tbhbnuvlw5D4w==/oat/arm64/base.vdex.67vQ2j.tmp 9:/data/app/~~40EqDtKVkVMf2_zVRWAKDA==/com.papernotes-8jaWK_jQ1tbhbnuvlw5D4w==/oat/arm64/base.art.1PME98.tmp 10:/data/app/~~40EqDtKVkVMf2_zVRWAKDA==/com.papernotes-8jaWK_jQ1tbhbnuvlw5D4w==/oat/arm64/base.odex.swap.qHyWGz.tmp 11:/data/app/~~40EqDtKVkVMf2_zVRWAKDA==/com.papernotes-8jaWK_jQ1tbhbnuvlw5D4w==/oat/arm64/base.vdex 12:/data/misc/profiles/ref/com.papernotes/primary.prof.AIuEgK.tmp
06-12 01:39:25.381 23749 23749 W libprocessgroup: JoinCgroup: controller schedtune is not found
06-12 01:39:25.403 23749 23749 I dex2oat64: /apex/com.android.art/bin/dex2oat64 --output-vdex-fd=8 --class-loader-context=PCL[] --classpath-dir=/data/app/~~40EqDtKVkVMf2_zVRWAKDA==/com.papernotes-8jaWK_jQ1tbhbnuvlw5D4w== --input-vdex-fd=11 --profile-file-fd=12 --compiler-filter=speed-profile --compilation-reason=cmdline --max-image-block-size=524288 --resolve-startup-const-strings=true --generate-mini-debug-info --assume-value=Landroid/os/Build$VERSION;->SDK_INT:36 --no-allow-profile-code --cpu-set=0,1,2,3,4,5 -j6 --comments=app-name:com.papernotes,app-version-name:1.0,app-version-code:1,art-version:370549100
06-12 01:39:25.411 23749 23749 I dex2oat64: Using generational CollectorTypeCMC GC.
06-12 01:39:25.446  2343  5612 E PERF-LLLITE-LEARNER: PERF-LLLITE-LEARNER: getPid() 240: Failed to get pid for app_name android
06-12 01:39:25.462 23749 23749 I dex2oat64: Large app, accepted running with swap.
06-12 01:39:25.479  2177  2386 I SDM     : QServiceBackend::notifyCallback: calling qservice command 26
06-12 01:39:25.479  2177  2386 I SDM     : SDMServices::notifyCallback: sdmclient qservice command 26
06-12 01:39:25.480  2263  2263 I qdutils : getActiveConfig() Received active config index 1
06-12 01:39:25.480  2177  2386 I SDM     : QServiceBackend::notifyCallback: calling qservice command 28
06-12 01:39:25.480  2177  2386 I SDM     : SDMServices::notifyCallback: sdmclient qservice command 28
06-12 01:39:25.480  2176  3977 D slpi-STK3BFX: ALS_OC: lux 142.2273, scale 1.00, ch 1126.5625, 1023.5625, 219.5625, 2855.8125, AWAIT:7143, STATE: 0xf | PS_INFO: ON, PSTHH 1402, PSTHL 1630, FPS 120 | PROX_OC: ON, Far, data 1168 th 1402 1630
06-12 01:39:25.484  2263  2263 I qdutils : getDisplayAttributes() Received attrs for index 1: xres 1220, yres 2712
06-12 01:39:25.486  2263  2263 D motorola.hardware.sensorext-service: handle id:4294967296 wxh:512x5120 uwxuh:1280x2992 size: 0 fd:10 fd_meta:11 flags:0x1 usage:0x270ae  format:0x4c8 layer_count: 1 reserved_size = 0 custom_content_md_reserved_size = 0
06-12 01:39:25.487  2177  2716 I SDM     : CWB config passed by cwb_client : tappoint 1  CWB_ROI : (672.000000 2.000000 792.000000 122.000000) for display-0
06-12 01:39:25.497  2177  2337 I SDM     : HWDeviceDRM::SetupConcurrentWriteback: Tear down the Concurrent Writeback topology
06-12 01:39:25.508  2177 23756 I SDM     : NotifyCWBStatus: Notify the client about buffer (0xd5a79d0) status 0 for display-0.
06-12 01:39:25.509  2177 23756 I SDM     : SDMConcurrentWriteBack::ProcessCWBStatus: CWB queue is empty. Display: 0
06-12 01:39:25.588  2263  2263 E motorola.hardware.sensorext-service: Could not close FD 11: Bad file descriptor
06-12 01:39:25.588  2263  2263 E motorola.hardware.sensorext-service: Could not close FD 10: Bad file descriptor
06-12 01:39:25.596  2263  2263 D SENSOREXT_ALS_COMP: FrontLight: ReportLux 45.71 (142.23-97.52), pre 39.53, dbv 6894, dc 0, fps 0, chPanel 6.61-6.50-1.37-18.41, facCal:lux_s 1.00 cha_s 1.05-1.03-0.92-1.01, RunInfo: DPB 26066-0, TF 26066-0
06-12 01:39:25.755  3386 15936 E IPCThreadState: Binder transaction failure. id: 70961051, BR_*: 29189, error: -22 (Invalid argument)
06-12 01:39:25.756  3386 15936 W Process : Unable to open /proc/23564/status
06-12 01:39:25.766  2567  2567 D RecentsView: onTaskRemoved, taskId : 863mHandleTaskStackChanges: false
06-12 01:39:25.766  2567  2567 I TopTaskTracker: onTaskRemoved: taskId=863
06-12 01:39:25.767  2567  2567 D RecentsView: onTaskRemoved, taskId : 863mHandleTaskStackChanges: false
06-12 01:39:25.767  2567  2567 I TopTaskTracker: onTaskRemoved: taskId=863
06-12 01:39:25.768 15871 20282 W MotoFreeForm: [FreeFormController] onTaskRemoved 863
06-12 01:39:25.769 15871 20282 W MotoFreeForm: [FreeFormController] onTaskRemoved 863
06-12 01:39:25.769  2567  7999 D LooperExecutor: main execute: com.android.quickstep.RecentTasksList$1$$ExternalSyntheticLambda3@b43dd32
06-12 01:39:25.769  2567  2567 D LooperExecutor: UiThreadHelper execute: com.android.quickstep.RecentTasksList$$ExternalSyntheticLambda0@ff69a83
06-12 01:39:25.775  3386  4803 D FileUtils: Rounded bytes from 11859554304 to 16000000000
06-12 01:39:25.777  2448  2448 D SurfaceFlinger: setDesiredDisplayModeSpecs[{0, false, PR={p[60.00-120.00]Hz, r[60.00-60.00]Hz}, AR={p[0.00-120.00]Hz, r[0.00-120.00]Hz}}]: by process 3386 uid 1000 for display 4630946747577212050
06-12 01:39:25.777  2448  2448 I SurfaceFlinger: doPolicyValidationAndCorrection for Prim to {0, false, PR={p[60.00-120.00]Hz, r[60.00-60.00]Hz}, AR={p[0.00-120.00]Hz, r[0.00-120.00]Hz}}
06-12 01:39:25.777  2448  2448 D RefreshRateSelector: constructAvailableRefreshRates: {defaultModeId=0, allowGroupSwitching=false, primaryRanges={physical=[60.00 Hz, 120.00 Hz], render=[60.00 Hz, 60.00 Hz]}, appRequestRanges={physical=[0.00 Hz, 120.00 Hz], render=[0.00 Hz, 120.00 Hz]} idleScreenConfig=nullptr}
06-12 01:39:25.777  2448  2448 D RefreshRateSelector: primary render rates: {fps=60.00 Hz, modePtr={id=0, vsyncRate=60.00 Hz, peakRefreshRate=60.00 Hz}} , isVrrDevice? 0
