06-12 01:39:52.610  3386  4399 D FileUtils: Rounded bytes from 11859554304 to 16000000000
06-12 01:39:52.685  3386  3541 D MotoPerf: setAffinity_native: for tid:2567 setting cpu mask 255
06-12 01:39:52.685  3386  3541 D MotoPerf: setAffinity_native: for tid:2619 setting cpu mask 255
06-12 01:39:52.891  8882  9062 E PT      : P1:0
06-12 01:39:53.068 23412 23425 D UiDevice: Node not found with selector: BySelector [SCROLLABLE='true'].
06-12 01:39:53.068 23412 23425 D Benchmark: Flushing ART profiles for com.papernotes
06-12 01:39:53.113  3386  4399 D FileUtils: Rounded bytes from 11859554304 to 16000000000
06-12 01:39:53.182 10282 24166 W adbd    : timed out while waiting for FUNCTIONFS_BIND, trying again
06-12 01:39:53.183 10282 24166 I adbd    : UsbFfs: connection terminated: monitor thread finished
06-12 01:39:53.217 10282 10288 I adbd    : opening control endpoint /dev/usb-ffs/adb/ep0
06-12 01:39:53.233  2343  5612 E PERF-LLLITE-LEARNER: PERF-LLLITE-LEARNER: getPid() 240: Failed to get pid for app_name android
06-12 01:39:53.615  3386  4863 D FileUtils: Rounded bytes from 11859554304 to 16000000000
06-12 01:39:53.744 22978 23214 W System.err: FlagsHookHelper: skip hook flags method getInstanceHook
06-12 01:39:53.754 22978 23178 W NaviWarn: StackPtr is not 8-byte aligned.
06-12 01:39:54.015  2176  3977 D slpi-STK3BFX: Prox Cal complete, Cause PDATA0, New PDATA 1174, DALTA 485, PILT 1406, PIHT 1634
06-12 01:39:54.118  3386  4399 D FileUtils: Rounded bytes from 11859554304 to 16000000000
06-12 01:39:54.220 10282 24167 W adbd    : timed out while waiting for FUNCTIONFS_BIND, trying again
06-12 01:39:54.221 10282 24167 I adbd    : UsbFfs: connection terminated: monitor thread finished
06-12 01:39:54.257  2343  5612 E PERF-LLLITE-LEARNER: PERF-LLLITE-LEARNER: getPid() 240: Failed to get pid for app_name android
06-12 01:39:54.268 10282 10288 I adbd    : opening control endpoint /dev/usb-ffs/adb/ep0
06-12 01:39:54.621  3386  4863 D FileUtils: Rounded bytes from 11859554304 to 16000000000
06-12 01:39:54.654   506 23261 I NetworkScheduler.Stats: (REDACTED) Task %s/%s started execution. cause:%s exec_start_elapsed_seconds: %s
06-12 01:39:54.663   506 23919 I NetworkScheduler.Stats: (REDACTED) Task %s/%s finished executing. cause:%s result: %s elapsed_millis: %s uptime_millis: %s exec_start_elapsed_seconds: %s
06-12 01:39:54.927  3386  3541 I MotoSoftApCheckin: onWifiNetworkStateChanged: 1
06-12 01:39:54.928  3386  3541 I MotoStaCheckin: onCapabilitiesChanged, Network ID: 122, Valid: true, NetworkCapabilities: [ Transports: WIFI Capabilities: NOT_METERED&INTERNET&NOT_RESTRICTED&TRUSTED&NOT_VPN&VALIDATED&NOT_ROAMING&FOREGROUND&NOT_CONGESTED&NOT_SUSPENDED&NOT_VCN_MANAGED&NOT_BANDWIDTH_CONSTRAINED LinkUpBandwidth>=19748Kbps LinkDnBandwidth>=58916Kbps TransportInfo: <SSID: "BTMZ69_5G", BSSID: 8c:6a:8d:a3:9d:60, MAC: ca:88:f4:5d:84:17, IP: /192.168.0.4, Security type: 4, Supplicant state: COMPLETED, Wi-Fi standard: 11ax, RSSI: -65, Link speed: 216Mbps, Tx Link speed: 216Mbps, Max Supported Tx Link speed: 1200Mbps, Calculated Tx : 170Mbps, Rx Link speed: 216Mbps, Max Supported Rx Link speed: 1200Mbps, Calculated Rx : 203Mbps, Frequency: 5280MHz, Net ID: 1, Metered hint: false, score: 100, isUsable: true, CarrierMerged: false, SubscriptionId: -1, IsPrimary: 1, Trusted: true, Restricted: false, Ephemeral: false, OEM paid: false, OEM private: false, OSU AP: false, FQDN: <none>, Provider friendly name: <none>, Requesting package name: <none>"BTMZ69_5G"wpa3-saeMLO Information: , Is TID-To-Link negotiation supported by the AP: false, AP MLD Address: <none>, AP MLO Link Id: <none>, AP MLO Affiliated links: <none>, Vendor Data: <none>> SignalStrength: -65 AdminUids: [10339] SSID: "BTMZ69_5G" UnderlyingNetworks: Null]
06-12 01:39:54.931  3386  4144 I HalDevMgr: bestIfaceCreationProposal is null, requestIface=STA, existingIface=[name=wlan0 type=STA]
06-12 01:39:54.932  3386  8757 I MotoStaCheckin: onWifiUsabilityStats, seqNum: 30226, isSameBssidAndFreq: true, RSSI: -65, isThroughputSufficient: true, LinkSpeed: 216 Mbps, RxLinkSpeed: 216 Mbps
06-12 01:39:54.933  3386  3386 D WiFiBlocklistController: Wifi onCapabilitiesChanged
06-12 01:39:54.933  3386  3386 D WiFiBlocklistController: Default net onCapabilitiesChanged
06-12 01:39:54.933  3386  3386 D WiFiBlocklistController: updateDefaultNet:122
06-12 01:39:54.933  3386  3386 D WiFiBlocklistController: mayUpdateNotification: shouldShow=false,UidsBlocked=false, net info=net:122,ifName=wlan0,securityType=4,isDefault=true,ssid="BTMZ69_5G",notificationId=0
06-12 01:39:54.934  3386  8757 I MotoStaCheckin: onWifiUsabilityStats, Duration: 401234144, Rx Good: 61 ( PPS: 0 ), Tx Good: 54, Tx Bad: 0 ( 0 % ), Tx Retry: 11 ( 16 % ), NSS: 2, Bandwidth: 2
06-12 01:39:54.938  6519  8351 I ModemStats: [DataStallDetectService] onCapabilitiesChanged networkCapabilities=[ Transports: WIFI Capabilities: NOT_METERED&INTERNET&NOT_RESTRICTED&TRUSTED&NOT_VPN&VALIDATED&NOT_ROAMING&FOREGROUND&NOT_CONGESTED&NOT_SUSPENDED&NOT_VCN_MANAGED&NOT_BANDWIDTH_CONSTRAINED LinkUpBandwidth>=19748Kbps LinkDnBandwidth>=58916Kbps TransportInfo: <SSID: <unknown ssid>, BSSID: 02:00:00:00:00:00, MAC: 02:00:00:00:00:00, IP: /192.168.0.4, Security type: 4, Supplicant state: COMPLETED, Wi-Fi standard: 11ax, RSSI: -65, Link speed: 216Mbps, Tx Link speed: 216Mbps, Max Supported Tx Link speed: 1200Mbps, Calculated Tx : 170Mbps, Rx Link speed: 216Mbps, Max Supported Rx Link speed: 1200Mbps, Calculated Rx : 203Mbps, Frequency: 5280MHz, Net ID: -1, Metered hint: false, score: 100, isUsable: true, CarrierMerged: false, SubscriptionId: -1, IsPrimary: -1, Trusted: true, Restricted: false, Ephemeral: false, OEM paid: false, OEM private: false, OSU AP: false, FQDN: <none>, Provider friendly name: <none>, Requesting package name: <none><none>MLO Information: , Is TID-To-Link negotiation supported by the AP: false, AP MLD Address: <none>, AP MLO Link Id: <none>, AP MLO Affiliated links: <none>, Vendor Data: <none>> SignalStrength: -65 UnderlyingNetworks: Null]
06-12 01:39:54.938  6519  8351 I ModemStats: [DataStallDetectService] onCapabilitiesChanged NET_CAPABILITY_VALIDATED=true
06-12 01:39:54.938  6519  8351 I ModemStats: [DataStallDetectService] onCapabilitiesChanged mDataStallManager.mDataStallInstance=null
06-12 01:39:54.938  6519  8351 I ModemStats: [DataStallDetectService] onCapabilitiesChanged mDataStallSmart5gManager.mDataStallInstance=null
06-12 01:39:54.938  4726  5381 D QCNEJ/NativeAidlConnector: -> SND notifyDefaultNetworkChanged(1)
06-12 01:39:54.938  4726  5381 D cneJni  : sendDefaultNwMsg start
06-12 01:39:54.940 21190 21308 I BugleRcsEngine: handleMessage processing message:[NOTIFY_UPTIME_IGNORE_STATE_CHANGED] with [non-null]:RcsEngineImpl reference [CONTEXT log_prefix="RcsEngineImpl[DUAL_REG]:[01031263-d77e]>Handler" thread_id=245 ]
06-12 01:39:54.940 21190 21277 I BugleRcsEngine: Connected state: [1], networkType: [WIFI] [CONTEXT thread_id=238 ]
06-12 01:39:54.941  4726  5381 D cneJni  : sendWifiStatus start
06-12 01:39:54.941  4598  5378 D txpwrJni: sendNetworkInfo start
06-12 01:39:54.941  4598  5378 D txpwrJni: sendNetworkInfo RatType 0
06-12 01:39:54.942 23032 23081 D WM-WorkConstraintsTrack: NetworkRequestConstraintController onCapabilitiesChanged callback
06-12 01:39:54.944  3386  4183 I EnhancedConnectivity: [DataStallService] NetworkCallback  isDataStallNetwork=false isLabCard=false
06-12 01:39:54.950  3386  4153 D ConnectivityService: NetReassign [no changes] [c 1] [a 0] [i 0]
06-12 01:39:54.950   506  1386 I NearbyMediums: Wifi changed new SSID: <unknown ssid>
06-12 01:39:54.950   506  1386 I NearbyMediums: WifiLanConnectivityInfo is not changed, skip notify.
06-12 01:39:54.951   490   946 D WM-WorkConstraintsTrack: NetworkRequestConstraintController onCapabilitiesChanged callback
06-12 01:39:54.942  2778  2778 W qms     : type=1400 audit(0.0:335461): avc:  denied  { dac_read_search } for  capability=2  scontext=u:r:vendor_qms:s0 tcontext=u:r:vendor_qms:s0 tclass=capability permissive=0
06-12 01:39:54.942  2778  2778 W qms     : type=1400 audit(0.0:335462): avc:  denied  { dac_override } for  capability=1  scontext=u:r:vendor_qms:s0 tcontext=u:r:vendor_qms:s0 tclass=capability permissive=0
06-12 01:39:55.124  3386  8297 D FileUtils: Rounded bytes from 11859554304 to 16000000000
06-12 01:39:55.217  4473 15803 D IpClient/wlan0: addressUpdated: 2a02:8071:7861:1480:c888:f4ff:fe5d:8417/64 on ifindex 24 flags 0x00000100 scope 0
06-12 01:39:55.217  4473 15803 D IpClient/wlan0: addressUpdated: 2a02:8071:7861:1480:1ac2:7bae:a3d8:3edf/64 on ifindex 24 flags 0x00000001 scope 0
06-12 01:39:55.217  4473 15803 W AlarmManager: Unrecognized alarm listener com.android.networkstack.android.net.ip.IpClientLinkObserver$Dhcp6PdPreferredPrefixAlarmListener@67ff17e
06-12 01:39:55.218  4473 15803 D ApfFilter: (wlan0): Ignoring RA RA fe80::10:18ff:fea3:9d54 -> ff02::1 180s 2a02:8071:7861:1480::/64 86400s/86400s DNS 86400s 2a02:8071:7861:1480:10:18ff:fea3:9d54 RIO 180s ::/0  which matches RA fe80::10:18ff:fea3:9d54 -> ff02::1 180s 2a02:8071:7861:1480::/64 86400s/86400s DNS 86400s 2a02:8071:7861:1480:10:18ff:fea3:9d54 RIO 180s ::/0
06-12 01:39:55.273 10282 24171 W adbd    : timed out while waiting for FUNCTIONFS_BIND, trying again
06-12 01:39:55.274 10282 24171 I adbd    : UsbFfs: connection terminated: monitor thread finished
06-12 01:39:55.284  2343  5612 E PERF-LLLITE-LEARNER: PERF-LLLITE-LEARNER: getPid() 240: Failed to get pid for app_name android
06-12 01:39:55.304 10282 10288 I adbd    : opening control endpoint /dev/usb-ffs/adb/ep0
06-12 01:39:55.450   506  1386 I NearbySharing: Network state changed: NetworkState(isRestricted=false, isOnline=true, isCongested=false, isMetered=false, isWifiConnected=true)
06-12 01:39:55.590   506   506 D BoundBrokerSvc: onRebind: Intent { act=com.google.android.gms.libs.gmscorelogger.service.START dat=chimera-action:/... xflg=0x4 cmp=com.google.android.gms/.chimera.PersistentDirectBootAwareApiService }
06-12 01:39:55.626  3386  4810 D FileUtils: Rounded bytes from 11859554304 to 16000000000
06-12 01:39:55.891  8882  9062 E PT      : P1:0
06-12 01:39:56.016  2681  2681 I CNSS    : /sys/wifi/dump_in_progress doesn't exist
06-12 01:39:56.016  2681  2681 I CNSS    : /sys/wifi/max_chipset_log_size doesn't exist
06-12 01:39:56.123  2199  2223 I android.hardware.thermal-service.qti: Sensor Name: skin temp: 27.81. prev severity:1. cur severity:0 New severity:0
06-12 01:39:56.128  3386  4810 D FileUtils: Rounded bytes from 11859554304 to 16000000000
06-12 01:39:56.309  2343  5612 E PERF-LLLITE-LEARNER: PERF-LLLITE-LEARNER: getPid() 240: Failed to get pid for app_name android
06-12 01:39:56.309 10282 24174 W adbd    : timed out while waiting for FUNCTIONFS_BIND, trying again
06-12 01:39:56.309 10282 24174 I adbd    : UsbFfs: connection terminated: monitor thread finished
06-12 01:39:56.344 10282 10288 I adbd    : opening control endpoint /dev/usb-ffs/adb/ep0
06-12 01:39:56.630  3386  4810 D FileUtils: Rounded bytes from 11859554304 to 16000000000
06-12 01:39:56.827 22978 23117 W System.err: FlagsHookHelper: skip hook flags method getInstanceHook
06-12 01:39:56.846 22978 23178 W NaviWarn: StackPtr is not 8-byte aligned.
06-12 01:39:56.875 22978 23192 W System.err: FlagsHookHelper: skip hook flags method getInstanceHook
06-12 01:39:56.885 22978 23178 W NaviWarn: StackPtr is not 8-byte aligned.
06-12 01:39:56.886 22978 23721 W System.err: FlagsHookHelper: skip hook flags method getInstanceHook
06-12 01:39:57.134  3386  4810 D FileUtils: Rounded bytes from 11859554304 to 16000000000
06-12 01:39:57.158 24075 24182 D ProfileInstaller: Skipping profile installation for com.papernotes
06-12 01:39:57.333  2343  5612 E PERF-LLLITE-LEARNER: PERF-LLLITE-LEARNER: getPid() 240: Failed to get pid for app_name android
06-12 01:39:57.348 10282 24175 W adbd    : timed out while waiting for FUNCTIONFS_BIND, trying again
06-12 01:39:57.348 10282 24175 I adbd    : UsbFfs: connection terminated: monitor thread finished
06-12 01:39:57.372 10282 10288 I adbd    : opening control endpoint /dev/usb-ffs/adb/ep0
06-12 01:39:57.637  3386  4810 D FileUtils: Rounded bytes from 11859554304 to 16000000000
06-12 01:39:57.825  5768  5790 V OsAgent : broadcastSystemEvent - 7
06-12 01:39:57.949  3386  3541 I MotoSoftApCheckin: onWifiNetworkStateChanged: 1
06-12 01:39:57.949  3386  3541 I MotoStaCheckin: onCapabilitiesChanged, Network ID: 122, Valid: true, NetworkCapabilities: [ Transports: WIFI Capabilities: NOT_METERED&INTERNET&NOT_RESTRICTED&TRUSTED&NOT_VPN&VALIDATED&NOT_ROAMING&FOREGROUND&NOT_CONGESTED&NOT_SUSPENDED&NOT_VCN_MANAGED&NOT_BANDWIDTH_CONSTRAINED LinkUpBandwidth>=19748Kbps LinkDnBandwidth>=58916Kbps TransportInfo: <SSID: "BTMZ69_5G", BSSID: 8c:6a:8d:a3:9d:60, MAC: ca:88:f4:5d:84:17, IP: /192.168.0.4, Security type: 4, Supplicant state: COMPLETED, Wi-Fi standard: 11ax, RSSI: -65, Link speed: 216Mbps, Tx Link speed: 216Mbps, Max Supported Tx Link speed: 1200Mbps, Calculated Tx : 170Mbps, Rx Link speed: 272Mbps, Max Supported Rx Link speed: 1200Mbps, Calculated Rx : 203Mbps, Frequency: 5280MHz, Net ID: 1, Metered hint: false, score: 100, isUsable: true, CarrierMerged: false, SubscriptionId: -1, IsPrimary: 1, Trusted: true, Restricted: false, Ephemeral: false, OEM paid: false, OEM private: false, OSU AP: false, FQDN: <none>, Provider friendly name: <none>, Requesting package name: <none>"BTMZ69_5G"wpa3-saeMLO Information: , Is TID-To-Link negotiation supported by the AP: false, AP MLD Address: <none>, AP MLO Link Id: <none>, AP MLO Affiliated links: <none>, Vendor Data: <none>> SignalStrength: -65 AdminUids: [10339] SSID: "BTMZ69_5G" UnderlyingNetworks: Null]
06-12 01:39:57.954  3386  3386 D WiFiBlocklistController: Wifi onCapabilitiesChanged
06-12 01:39:57.954  3386  3386 D WiFiBlocklistController: Default net onCapabilitiesChanged
06-12 01:39:57.954  3386  3386 D WiFiBlocklistController: updateDefaultNet:122
06-12 01:39:57.954  3386  3386 D WiFiBlocklistController: mayUpdateNotification: shouldShow=false,UidsBlocked=false, net info=net:122,ifName=wlan0,securityType=4,isDefault=true,ssid="BTMZ69_5G",notificationId=0
06-12 01:39:57.958  6519  8351 I ModemStats: [DataStallDetectService] onCapabilitiesChanged networkCapabilities=[ Transports: WIFI Capabilities: NOT_METERED&INTERNET&NOT_RESTRICTED&TRUSTED&NOT_VPN&VALIDATED&NOT_ROAMING&FOREGROUND&NOT_CONGESTED&NOT_SUSPENDED&NOT_VCN_MANAGED&NOT_BANDWIDTH_CONSTRAINED LinkUpBandwidth>=19748Kbps LinkDnBandwidth>=58916Kbps TransportInfo: <SSID: <unknown ssid>, BSSID: 02:00:00:00:00:00, MAC: 02:00:00:00:00:00, IP: /192.168.0.4, Security type: 4, Supplicant state: COMPLETED, Wi-Fi standard: 11ax, RSSI: -65, Link speed: 216Mbps, Tx Link speed: 216Mbps, Max Supported Tx Link speed: 1200Mbps, Calculated Tx : 170Mbps, Rx Link speed: 272Mbps, Max Supported Rx Link speed: 1200Mbps, Calculated Rx : 203Mbps, Frequency: 5280MHz, Net ID: -1, Metered hint: false, score: 100, isUsable: true, CarrierMerged: false, SubscriptionId: -1, IsPrimary: -1, Trusted: true, Restricted: false, Ephemeral: false, OEM paid: false, OEM private: false, OSU AP: false, FQDN: <none>, Provider friendly name: <none>, Requesting package name: <none><none>MLO Information: , Is TID-To-Link negotiation supported by the AP: false, AP MLD Address: <none>, AP MLO Link Id: <none>, AP MLO Affiliated links: <none>, Vendor Data: <none>> SignalStrength: -65 UnderlyingNetworks: Null]
06-12 01:39:57.958  6519  8351 I ModemStats: [DataStallDetectService] onCapabilitiesChanged NET_CAPABILITY_VALIDATED=true
06-12 01:39:57.958  6519  8351 I ModemStats: [DataStallDetectService] onCapabilitiesChanged mDataStallManager.mDataStallInstance=null
06-12 01:39:57.958  6519  8351 I ModemStats: [DataStallDetectService] onCapabilitiesChanged mDataStallSmart5gManager.mDataStallInstance=null
06-12 01:39:57.960 23032 23081 D WM-WorkConstraintsTrack: NetworkRequestConstraintController onCapabilitiesChanged callback
06-12 01:39:57.960 21190 21277 I BugleRcsEngine: Connected state: [1], networkType: [WIFI] [CONTEXT thread_id=238 ]
06-12 01:39:57.960 21190 21308 I BugleRcsEngine: handleMessage processing message:[NOTIFY_UPTIME_IGNORE_STATE_CHANGED] with [non-null]:RcsEngineImpl reference [CONTEXT log_prefix="RcsEngineImpl[DUAL_REG]:[01031263-d77e]>Handler" thread_id=245 ]
06-12 01:39:57.961  4726  5381 D QCNEJ/NativeAidlConnector: -> SND notifyDefaultNetworkChanged(1)
06-12 01:39:57.961  4726  5381 D cneJni  : sendDefaultNwMsg start
06-12 01:39:57.961  3386  4144 I HalDevMgr: bestIfaceCreationProposal is null, requestIface=STA, existingIface=[name=wlan0 type=STA]
06-12 01:39:57.963  3386  8757 I MotoStaCheckin: onWifiUsabilityStats, seqNum: 30227, isSameBssidAndFreq: true, RSSI: -65, isThroughputSufficient: true, LinkSpeed: 216 Mbps, RxLinkSpeed: 272 Mbps
06-12 01:39:57.963  3386  8757 I MotoStaCheckin: onWifiUsabilityStats, Duration: 401237174, Rx Good: 58 ( PPS: 0 ), Tx Good: 56, Tx Bad: 0 ( 0 % ), Tx Retry: 15 ( 21 % ), NSS: 2, Bandwidth: 2
06-12 01:39:57.965  4726  5381 D cneJni  : sendWifiStatus start
06-12 01:39:57.968  3386  4153 D ConnectivityService: NetReassign [no changes] [c 0] [a 0] [i 1]
06-12 01:39:57.968  4598  5378 D txpwrJni: sendNetworkInfo start
06-12 01:39:57.968  4598  5378 D txpwrJni: sendNetworkInfo RatType 0
06-12 01:39:57.969   490   946 D WM-WorkConstraintsTrack: NetworkRequestConstraintController onCapabilitiesChanged callback
06-12 01:39:57.970   506 27598 I NearbyMediums: Wifi changed new SSID: <unknown ssid>
06-12 01:39:57.970   506 27598 I NearbyMediums: WifiLanConnectivityInfo is not changed, skip notify.
06-12 01:39:57.971 21190 21308 I BugleRcsEngine: Rcs is enabled from user settings: true [CONTEXT log_prefix="ProvisioningEngineDataRetriever" thread_id=245 ]
06-12 01:39:57.970  2778  2778 W qms     : type=1400 audit(0.0:335463): avc:  denied  { dac_read_search } for  capability=2  scontext=u:r:vendor_qms:s0 tcontext=u:r:vendor_qms:s0 tclass=capability permissive=0
06-12 01:39:57.970  2778  2778 W qms     : type=1400 audit(0.0:335464): avc:  denied  { dac_override } for  capability=1  scontext=u:r:vendor_qms:s0 tcontext=u:r:vendor_qms:s0 tclass=capability permissive=0
06-12 01:39:57.976  3386  4183 I EnhancedConnectivity: [DataStallService] NetworkCallback  isDataStallNetwork=false isLabCard=false
06-12 01:39:58.124 23412 23425 D Benchmark: Saving profiles for process ProcessPid(processName=com.papernotes, pid=24075)
06-12 01:39:58.124 23412 23425 D Benchmark: Profile Installer - Save Profile
06-12 01:39:58.141  3386 15683 D FileUtils: Rounded bytes from 11859554304 to 16000000000
06-12 01:39:58.158  3386 15683 I ActivityManager: Broadcasting: Intent { act=androidx.profileinstaller.action.SAVE_PROFILE flg=0x400000 cmp=com.papernotes/androidx.profileinstaller.ProfileInstallReceiver }
06-12 01:39:58.165 24075 24075 I Process : Sending signal. PID: 24075 SIG: 10
06-12 01:39:58.166 24075 24075 D ProfileInstaller:
06-12 01:39:58.166 24075 24077 I com.papernotes: Thread[2,tid=24077,WaitingInMainSignalCatcherLoop,Thread*=0xb400007bbca98b20,peer=0x2a48020,"Signal Catcher"]: reacting to signal 10
06-12 01:39:58.166 24075 24077 I com.papernotes:
06-12 01:39:58.166 24075 24077 I com.papernotes: SIGUSR1 forcing GC (no HPROF) and profile save
06-12 01:39:58.167  3386  3469 I ActivityManager: Broadcast completed: result=12
06-12 01:39:58.184 24075 24077 I com.papernotes: Explicit concurrent mark compact GC freed 12MB AllocSpace bytes, 1(20KB) LOS objects, 86% free, 2915KB/20MB, paused 150us,698us total 18.197ms
06-12 01:39:58.350 22978 23799 W System.err: FlagsHookHelper: skip hook flags method getInstanceHook
06-12 01:39:58.358  2343  5612 E PERF-LLLITE-LEARNER: PERF-LLLITE-LEARNER: getPid() 240: Failed to get pid for app_name android
06-12 01:39:58.361 22978 23925 W System.err: FlagsHookHelper: skip hook flags method getInstanceHook
06-12 01:39:58.366 22978 23178 W NaviWarn: StackPtr is not 8-byte aligned.
06-12 01:39:58.379 10282 24183 W adbd    : timed out while waiting for FUNCTIONFS_BIND, trying again
06-12 01:39:58.379 10282 24183 I adbd    : UsbFfs: connection terminated: monitor thread finished
06-12 01:39:58.380 22978 23178 W NaviWarn: StackPtr is not 8-byte aligned.
06-12 01:39:58.421 10282 10288 I adbd    : opening control endpoint /dev/usb-ffs/adb/ep0
06-12 01:39:58.467   506 27598 I NearbySharing: Network state changed: NetworkState(isRestricted=false, isOnline=true, isCongested=false, isMetered=false, isWifiConnected=true)
06-12 01:39:58.644  3386  4810 D FileUtils: Rounded bytes from 11859554304 to 16000000000
06-12 01:39:58.766  4730  5046 D EuiccConnector: handleMessage: E msg.what=3
06-12 01:39:58.767  4730  5046 D EuiccConnector: processMsg: ConnectedState
06-12 01:39:58.774 11288 11288 I EuiccGoogle: [2] EuiccServiceImpl.onDestroy: onDestroy: EuiccService on destroy.
06-12 01:39:58.784  4730  5046 D EuiccConnector: transitionTo: destState=AvailableState
06-12 01:39:58.784  4730  5046 D EuiccConnector: handleMessage: new destination call exit/enter
06-12 01:39:58.784  4730  5046 D EuiccConnector: setupTempStateStackWithStatesToEnter: X mTempStateStackCount=2,curStateInfo: null
06-12 01:39:58.784  4730  5046 D EuiccConnector: invokeExitMethods: ConnectedState
06-12 01:39:58.784  4730  5046 D EuiccConnector: invokeExitMethods: DisconnectedState
06-12 01:39:58.784  4730  5046 D EuiccConnector: moveTempStackToStateStack: i=1,j=0
06-12 01:39:58.784  4730  5046 D EuiccConnector: moveTempStackToStateStack: i=0,j=1
06-12 01:39:58.784  4730  5046 D EuiccConnector: moveTempStackToStateStack: X mStateStackTop=1,startingIndex=0,Top=AvailableState
06-12 01:39:58.784  4730  5046 D EuiccConnector: invokeEnterMethods: UnavailableState
06-12 01:39:58.784  4730  5046 D EuiccConnector: invokeEnterMethods: AvailableState
06-12 01:39:58.784  4730  5046 D EuiccConnector: handleMessage: X
06-12 01:39:58.878 22978 23286 W System.err: FlagsHookHelper: skip hook flags method getInstanceHook
06-12 01:39:58.886 22978 23178 W NaviWarn: StackPtr is not 8-byte aligned.
06-12 01:39:58.892  8882  9062 E PT      : P1:0
06-12 01:39:59.147  3386 12976 D FileUtils: Rounded bytes from 11859554304 to 16000000000
06-12 01:39:59.174 23412 23425 D Benchmark: Flushed profiles in 1 processes
06-12 01:39:59.234 23412 23425 D Benchmark: Force-stopping process com.papernotes
06-12 01:39:59.253  6373 22157 W MediaProvider: isAppCloneUserPair for user 0: false
06-12 01:39:59.349  5768  5790 V OsAgent : broadcastSystemEvent - 7
06-12 01:39:59.356  2448  2752 W IPCThreadState: Sending oneway calls to frozen process.
06-12 01:39:59.358  2343  2407 E PERFHAL-LLLITE: PERFHAL-LLLITE: CheckOngoingLaunchScenario() 188: mBoostedPkgName is empty!
06-12 01:39:59.362  5287  5287 D MAC/ActionCoreApplicationMC: onTopResumedActivityChange()-->packageName=com.example.androidlauncher,isTop=true，UXCore is running=null,UXCore invisibility = null
06-12 01:39:59.363  3386  4572 I ModeMonitor: TOP: Uid:10475, Name:com.papernotes, Top:false , App is top:false
06-12 01:39:59.364  2567  2567 I TopTaskTracker: onTaskMovedToFront: (moved taskInfo to front) taskId=725, baseIntent=Intent { act=android.intent.action.MAIN cat=[android.intent.category.HOME] flg=0x10800100 cmp=com.example.androidlauncher/.MainActivity }
06-12 01:39:59.366  2567  4335 D LooperExecutor: main execute: com.android.quickstep.RecentTasksList$1$$ExternalSyntheticLambda3@3a1dc92
06-12 01:39:59.366  2567  2567 D LooperExecutor: UiThreadHelper execute: com.android.quickstep.RecentTasksList$$ExternalSyntheticLambda0@80b9663
06-12 01:39:59.366  7310  7310 D ViewRootImpl: Skipping stats log for color mode
06-12 01:39:59.368  5768  5790 V OsAgent : broadcastSystemEvent - 7
06-12 01:39:59.369  3386  4572 E ModeMonitor: It has no background voice app to use wifi data
06-12 01:39:59.369  3386  4572 I ModeMonitor: TOP: Uid:10469, Name:com.example.androidlauncher, Top:true , App is top:true
06-12 01:39:59.370  7310  7310 D UsageReturn: hasUsageAccess=true mode=0
06-12 01:39:59.370  7310  7310 D ReturnStore: storedPackages=[com.ebay.mobile, com.google.android.apps.bard]
06-12 01:39:59.370  7310  7310 D UsageReturn: hasUsageAccess=true mode=0
06-12 01:39:59.371  2448  2448 D SurfaceFlinger: setDesiredDisplayModeSpecs[{0, false, PR={p[60.00-120.00]Hz, r[60.00-120.00]Hz}, AR={p[0.00-120.00]Hz, r[0.00-120.00]Hz}}]: by process 3386 uid 1000 for display 4630946747577212050
06-12 01:39:59.371  2448  2448 I SurfaceFlinger: doPolicyValidationAndCorrection for Prim to {0, false, PR={p[60.00-120.00]Hz, r[60.00-120.00]Hz}, AR={p[0.00-120.00]Hz, r[0.00-120.00]Hz}}
06-12 01:39:59.371  2448  2448 D RefreshRateSelector: constructAvailableRefreshRates: {defaultModeId=0, allowGroupSwitching=false, primaryRanges={physical=[60.00 Hz, 120.00 Hz], render=[60.00 Hz, 120.00 Hz]}, appRequestRanges={physical=[0.00 Hz, 120.00 Hz], render=[0.00 Hz, 120.00 Hz]} idleScreenConfig=nullptr}
06-12 01:39:59.371  2448  2448 D RefreshRateSelector: primary render rates: {fps=60.00 Hz, modePtr={id=0, vsyncRate=60.00 Hz, peakRefreshRate=60.00 Hz}} {fps=90.00 Hz, modePtr={id=2, vsyncRate=90.00 Hz, peakRefreshRate=90.00 Hz}} {fps=120.00 Hz, modePtr={id=1, vsyncRate=120.00 Hz, peakRefreshRate=120.00 Hz}} , isVrrDevice? 0
06-12 01:39:59.371  2448  2448 D RefreshRateSelector: app request render rates: {fps=20.00 Hz, modePtr={id=0, vsyncRate=60.00 Hz, peakRefreshRate=60.00 Hz}} {fps=22.50 Hz, modePtr={id=2, vsyncRate=90.00 Hz, peakRefreshRate=90.00 Hz}} {fps=24.00 Hz, modePtr={id=1, vsyncRate=120.00 Hz, peakRefreshRate=120.00 Hz}} {fps=30.00 Hz, modePtr={id=0, vsyncRate=60.00 Hz, peakRefreshRate=60.00 Hz}} {fps=40.00 Hz, modePtr={id=1, vsyncRate=120.00 Hz, peakRefreshRate=120.00 Hz}} {fps=45.00 Hz, modePtr={id=2, vsyncRate=90.00 Hz, peakRefreshRate=90.00 Hz}} {fps=60.00 Hz, modePtr={id=0, vsyncRate=60.00 Hz, peakRefreshRate=60.00 Hz}} {fps=90.00 Hz, modePtr={id=2, vsyncRate=90.00 Hz, peakRefreshRate=90.00 Hz}} {fps=120.00 Hz, modePtr={id=1, vsyncRate=120.00 Hz, peakRefreshRate=120.00 Hz}} , isVrrDevice? 0
06-12 01:39:59.371  2448  2448 D RefreshRateSelector: full frame rates render rates: {fps=20.00 Hz, modePtr={id=0, vsyncRate=60.00 Hz, peakRefreshRate=60.00 Hz}} {fps=22.50 Hz, modePtr={id=2, vsyncRate=90.00 Hz, peakRefreshRate=90.00 Hz}} {fps=24.00 Hz, modePtr={id=1, vsyncRate=120.00 Hz, peakRefreshRate=120.00 Hz}} {fps=30.00 Hz, modePtr={id=0, vsyncRate=60.00 Hz, peakRefreshRate=60.00 Hz}} {fps=40.00 Hz, modePtr={id=1, vsyncRate=120.00 Hz, peakRefreshRate=120.00 Hz}} {fps=45.00 Hz, modePtr={id=2, vsyncRate=90.00 Hz, peakRefreshRate=90.00 Hz}} {fps=60.00 Hz, modePtr={id=0, vsyncRate=60.00 Hz, peakRefreshRate=60.00 Hz}} {fps=90.00 Hz, modePtr={id=2, vsyncRate=90.00 Hz, peakRefreshRate=90.00 Hz}} {fps=120.00 Hz, modePtr={id=1, vsyncRate=120.00 Hz, peakRefreshRate=120.00 Hz}} , isVrrDevice? 0
06-12 01:39:59.371  2448  2448 D RefreshRateSelector: Special render rates:
06-12 01:39:59.371  2448  2448 D RefreshRateSelector: found  TouchBoostRefreshRate: {fps=90.00 Hz, modePtr={id=2, vsyncRate=90.00 Hz, peakRefreshRate=90.00 Hz}}
06-12 01:39:59.371  2448  2448 D RefreshRateSelector: found  ScrollBoostRefreshRate: {fps=120.00 Hz, modePtr={id=1, vsyncRate=120.00 Hz, peakRefreshRate=120.00 Hz}}
06-12 01:39:59.371  2448  2448 D RefreshRateSelector: [90:120:0]: mTouchBoostRefreshRateAvailable=1, mScrollBoostRefreshRateAvailable=1, mTouchOnBlankNotBoostRefreshRateAvailable=0
06-12 01:39:59.371  2448  2448 D RefreshRateSelector: found brightnessDimingBoostRefreshRate: {fps=60.00 Hz, modePtr={id=0, vsyncRate=60.00 Hz, peakRefreshRate=60.00 Hz}}
06-12 01:39:59.371  2448  2448 I RefreshRateSelector: Display 4630946747577212050 policy changed
06-12 01:39:59.371  2448  2448 I RefreshRateSelector: Previous: {defaultModeId=0, allowGroupSwitching=false, primaryRanges={physical=[60.00 Hz, 120.00 Hz], render=[60.00 Hz, 60.00 Hz]}, appRequestRanges={physical=[0.00 Hz, 120.00 Hz], render=[0.00 Hz, 120.00 Hz]} idleScreenConfig=nullptr}
06-12 01:39:59.371  2448  2448 I RefreshRateSelector: Current:  DisplayManagerPolicy{defaultModeId=0, allowGroupSwitching=false, primaryRanges={physical=[60.00 Hz, 120.00 Hz], render=[60.00 Hz, 120.00 Hz]}, appRequestRanges={physical=[0.00 Hz, 120.00 Hz], render=[0.00 Hz, 120.00 Hz]} idleScreenConfig=nullptr}
06-12 01:39:59.371  2448  2448 I RefreshRateSelector: 1 mode changes were performed under the previous policy
06-12 01:39:59.371  2448  2448 D SurfaceFlinger: Setting desired display mode specs: {0, false, PR={p[60.00-120.00]Hz, r[60.00-120.00]Hz}, AR={p[0.00-120.00]Hz, r[0.00-120.00]Hz}} for display 4630946747577212050
06-12 01:39:59.371  2448  2448 I Scheduler: onDisplayModeChanged: [0 60 0x1]
06-12 01:39:59.371  2448  2448 I Scheduler: getPreferredDisplayMode: UpdateRefreshRate 60 to 120 of group 1: [touch=0 scroll=0 idle=0 prr=0 brightnessDiming=0] for display 4630946747577212050
06-12 01:39:59.371  2448  2448 I SurfaceFlinger: Switching to Scheduler preferred mode 1 (120.00 Hz) for display 4630946747577212050
06-12 01:39:59.371  2448  2448 D DisplayModeController: setDesiredMode 4630946747577212050 {mode={fps=120.00 Hz, modePtr={id=1, vsyncRate=120.00 Hz, peakRefreshRate=120.00 Hz}}, emitEvent=true, force=false}
06-12 01:39:59.371  2448  2448 I DisplayModeController: Desired transition mode changed. 60 -> 120
06-12 01:39:59.371  7310  7310 D UsageReturn: eventCandidate=null
06-12 01:39:59.372  2448  2448 I Scheduler: applyPolicy: UpdateRefreshRate 120 to 60 of group 1: [touch=0:0 touchBoost=0 scroll=0:0 idle=0:0 prr=0:0 brightnessDiming=0:0 qvrr=0:0] for display 4630946747577212050
06-12 01:39:59.372  2448  2448 D DisplayModeController: setDesiredMode 4630946747577212050 {mode={fps=60.00 Hz, modePtr={id=0, vsyncRate=60.00 Hz, peakRefreshRate=60.00 Hz}}, emitEvent=true, force=false}
06-12 01:39:59.372  2448  2448 I SurfaceFlinger: initiateDisplayModeChanges changing active mode from 0(60.00 Hz:1) to 2(90.00 Hz:1) for display 4630946747577212050
06-12 01:39:59.372  2448  2448 I SurfaceFlinger: initiateDisplayModeChanges active mode changed to 2(90.00 Hz) for display 4630946747577212050. mBrightnessDimingCnt=0
06-12 01:39:59.373  2177  2177 W SDM     : HWDeviceDRM::GetSupportedBitClkRate: Requested rate not supported: 0
06-12 01:39:59.373  2177  2177 I SDM     : HWDeviceDRM::UpdateMixerAttributes: Mixer WxH 1220x2712-1 for Peripheral
06-12 01:39:59.373  3386  4060 W InputDispatcher: channel 'be147e3 com.papernotes/com.papernotes.MainActivity' ~ Consumer closed input channel or an error occurred.  events=0x9
06-12 01:39:59.373  3386  4060 E InputDispatcher: channel 'be147e3 com.papernotes/com.papernotes.MainActivity' ~ Channel is unrecoverably broken and will be disposed!
06-12 01:39:59.374  2177  2337 I SDM     : HWDeviceDRM::SetDisplaySwitchMode: Mode 2 already set
06-12 01:39:59.374  2448  2752 E IPCThreadState: Binder transaction failure. id: 70978324, BR_*: 29189, error: -3 (No such process)
06-12 01:39:59.374  2448  2752 E BpTransactionCompletedListener: Failed to transact (-32)
06-12 01:39:59.377  7310  7310 D UsageReturn: statsCandidate=ForegroundAppObservation(packageName=com.google.android.apps.bard, observedAtMs=1781212702339, source=usage-stats)
06-12 01:39:59.377  7310  7310 D UsageReturn: recentForegroundObservation=ForegroundAppObservation(packageName=com.google.android.apps.bard, observedAtMs=1781212702339, source=usage-stats) eventCandidate=null statsCandidate=ForegroundAppObservation(packageName=com.google.android.apps.bard, observedAtMs=1781212702339, source=usage-stats)
06-12 01:39:59.377  7310  7310 D ReturnStore: storedOriginCount=2
06-12 01:39:59.377  7310  7310 D ReturnFlow: resume a11y=false usage=true storedPackages=[com.ebay.mobile, com.google.android.apps.bard] storedOrigins=2 pending=null pendingLaunchWall=0 beforeLauncher=null usageObservation=ForegroundAppObservation(packageName=com.google.android.apps.bard, observedAtMs=1781212702339, source=usage-stats)
06-12 01:39:59.377  3386  3441 I ImeTracker: com.papernotes:6df8d64f: onRequestHide at ORIGIN_SERVER reason HIDE_REMOVE_CLIENT fromUser false
06-12 01:39:59.377  3386  3441 I ImeTracker: com.papernotes:6df8d64f: onCancelled at PHASE_SERVER_SHOULD_HIDE
06-12 01:39:59.377  7310  7310 D ReturnStore: get launched=com.ebay.mobile hit=true target=com.ebay.mobile source=HOME
06-12 01:39:59.377  7310  7310 D ReturnStore: get launched=com.google.android.apps.bard hit=true target=__search_return_target__ source=HOME
06-12 01:39:59.377  7310  7310 D ReturnFlow: resume gateReason=stale-animation matchedObservation=ForegroundAppObservation(packageName=com.google.android.apps.bard, observedAtMs=1781212702339, source=usage-stats) chosen=null target=null source=null bounds=false
06-12 01:39:59.379 10282 10282 I adbd    : Remote process closed the socket (on MSG_PEEK)
06-12 01:39:59.383  2343  5612 E PERF-LLLITE-LEARNER: PERF-LLLITE-LEARNER: getPid() 240: Failed to get pid for app_name android
06-12 01:39:59.383  2094  2094 I Zygote  : Process 24075 exited due to signal 9 (Killed)
06-12 01:39:59.384  4730  4730 D CarrierSvcBindHelper: onHandleForceStop: [com.papernotes]
06-12 01:39:59.384  3386  3503 I libprocessgroup: Removed cgroup /sys/fs/cgroup/apps/uid_10475/pid_24075
06-12 01:39:59.384  3386  3503 W libprocessgroup: RemoveCgroup: /dev/memcg/apps/uid_10475/pid_24075 does not exist.
06-12 01:39:59.383  4730  5046 D EuiccConnector: handleMessage: E msg.what=1
06-12 01:39:59.385  4730  5046 D EuiccConnector: processMsg: AvailableState
06-12 01:39:59.386  4730  5046 D EuiccConnector: processMsg: UnavailableState
06-12 01:39:59.386  4730  4730 D CarrierSvcBindHelper: No carrier app for: 0
06-12 01:39:59.386  4730  4730 D CarrierSvcBindHelper: No carrier app for: 1
06-12 01:39:59.387  2448  2575 D VSyncReactor: 4630946747577212050: confirming period 16->8(cnt1)
06-12 01:39:59.388  4730  5046 D EuiccConnector: transitionTo: destState=AvailableState
06-12 01:39:59.390  4730  5046 D EuiccConnector: handleMessage: new destination call exit/enter
06-12 01:39:59.391  4730  5046 D EuiccConnector: setupTempStateStackWithStatesToEnter: X mTempStateStackCount=1,curStateInfo: state=UnavailableState,active=true,parent=null
06-12 01:39:59.391  4730  5046 D EuiccConnector: invokeExitMethods: AvailableState
06-12 01:39:59.391  4730  5046 D EuiccConnector: moveTempStackToStateStack: i=0,j=1
06-12 01:39:59.391  4730  5046 D EuiccConnector: moveTempStackToStateStack: X mStateStackTop=1,startingIndex=1,Top=AvailableState
06-12 01:39:59.391  4730  5046 D EuiccConnector: invokeEnterMethods: AvailableState
06-12 01:39:59.391  4730  5046 D EuiccConnector: handleMessage: X
06-12 01:39:59.392  2448  2448 I BpBinder: onLastStrongRef automatically unlinking death recipients:
06-12 01:39:59.392  2448  2448 I SurfaceFlinger: initiateDisplayModeChanges changing active mode from 2(90.00 Hz:1) to 2(90.00 Hz:1) for display 4630946747577212050
06-12 01:39:59.392  4730  5046 D EuiccConnector: handleMessage: E msg.what=103
06-12 01:39:59.393  4730  5046 D EuiccConnector: processMsg: AvailableState
06-12 01:39:59.393  4730  5046 D EuiccConnector: deferMessage: msg=103
06-12 01:39:59.393  4730  5046 D EuiccConnector: transitionTo: destState=BindingState
06-12 01:39:59.393  4730  5046 D EuiccConnector: handleMessage: new destination call exit/enter
06-12 01:39:59.393  4730  5046 D EuiccConnector: setupTempStateStackWithStatesToEnter: X mTempStateStackCount=1,curStateInfo: null
06-12 01:39:59.393  4730  5046 D EuiccConnector: invokeExitMethods: AvailableState
06-12 01:39:59.393  4730  5046 D EuiccConnector: invokeExitMethods: UnavailableState
06-12 01:39:59.393  4730  5046 D EuiccConnector: moveTempStackToStateStack: i=0,j=0
06-12 01:39:59.393  4730  5046 D EuiccConnector: moveTempStackToStateStack: X mStateStackTop=0,startingIndex=0,Top=BindingState
06-12 01:39:59.393  4730  5046 D EuiccConnector: invokeEnterMethods: BindingState
06-12 01:39:59.394  2448  2752 D SurfaceFlinger: updateWinowInfo=1, setFocusedWindow timestamp=130050533652992, windowName=<null>
06-12 01:39:59.396  2328 20186 I SnapAlloc: Using graphics libs for alignment calculations
06-12 01:39:59.396  4730  5046 D EuiccConnector: transitionTo: destState=DisconnectedState
06-12 01:39:59.396  4730  5046 D EuiccConnector: moveDeferredMessageAtFrontOfQueue; what=103
06-12 01:39:59.396  4730  5046 D EuiccConnector: handleMessage: new destination call exit/enter
06-12 01:39:59.396  4730  5046 D EuiccConnector: setupTempStateStackWithStatesToEnter: X mTempStateStackCount=1,curStateInfo: null
06-12 01:39:59.396  4730  5046 D EuiccConnector: invokeExitMethods: BindingState
06-12 01:39:59.397  4730  5046 D EuiccConnector: moveTempStackToStateStack: i=0,j=0
06-12 01:39:59.397  4730  5046 D EuiccConnector: moveTempStackToStateStack: X mStateStackTop=0,startingIndex=0,Top=DisconnectedState
06-12 01:39:59.397  4730  5046 D EuiccConnector: invokeEnterMethods: DisconnectedState
06-12 01:39:59.396  2567  4335 D LooperExecutor: main execute: com.android.quickstep.HomeVisibilityState$init$1$onHomeVisibilityChanged$1@8536260
06-12 01:39:59.397  4730  5046 D EuiccConnector: handleMessage: X
06-12 01:39:59.397  4730  5046 D EuiccConnector: handleMessage: E msg.what=103
06-12 01:39:59.397  4730  5046 D EuiccConnector: processMsg: DisconnectedState
06-12 01:39:59.397  4730  5046 D EuiccConnector: deferMessage: msg=103
06-12 01:39:59.397  4730  5046 D EuiccConnector: handleMessage: X
06-12 01:39:59.398  2448  3225 D VSyncReactor: 4630946747577212050: period 11 confirmed(cnt1)
06-12 01:39:59.401  2176  3977 D slpi-STK3BFX: New FPS 90Hz, p_sync_delay_us changed (0x748f1 -> 0x6d9e2)
06-12 01:39:59.406  2448  2448 I Scheduler: applyPolicy: UpdateRefreshRate 60 to 120 of group 1: [touch=0:0 touchBoost=0 scroll=0:0 idle=0:0 prr=0:0 brightnessDiming=0:0 qvrr=0:0] for display 4630946747577212050
06-12 01:39:59.406  2448  2448 D DisplayModeController: setDesiredMode 4630946747577212050 {mode={fps=120.00 Hz, modePtr={id=1, vsyncRate=120.00 Hz, peakRefreshRate=120.00 Hz}}, emitEvent=true, force=false}
06-12 01:39:59.406  2448  2448 I SurfaceFlinger: initiateDisplayModeChanges changing active mode from 2(90.00 Hz:1) to 1(120.00 Hz:1) for display 4630946747577212050
06-12 01:39:59.406  2448  2448 I SurfaceFlinger: initiateDisplayModeChanges active mode changed to 1(120.00 Hz) for display 4630946747577212050. mBrightnessDimingCnt=0
06-12 01:39:59.407  2177  2177 W SDM     : HWDeviceDRM::GetSupportedBitClkRate: Requested rate not supported: 0
06-12 01:39:59.407  2177  2177 I SDM     : HWDeviceDRM::UpdateMixerAttributes: Mixer WxH 1220x2712-1 for Peripheral
06-12 01:39:59.407 11288 11288 I EuiccGoogle: [2] NetworkFetcher.getFirstActiveEuiccSlotId: isRemovableEsimDefault: false
06-12 01:39:59.409  2177  2337 I SDM     : HWDeviceDRM::SetDisplaySwitchMode: Mode 1 already set
06-12 01:39:59.410  2448  2752 D SurfaceFlinger: updateWinowInfo=1, setFocusedWindow timestamp=130050551984346, windowName=c5b8b1c com.example.androidlauncher/com.example.androidlauncher.MainActivity
06-12 01:39:59.414  3386  4067 I ImeTracker: com.example.androidlauncher:475eb1e3: onRequestHide at ORIGIN_SERVER reason HIDE_UNSPECIFIED_WINDOW fromUser false
06-12 01:39:59.414 11288 11288 I EuiccGoogle: [2] EuiccServiceImpl.onCreate: onCreate DSDS mode: simCardState is 11
06-12 01:39:59.415  7310  7310 D InsetsController: hide(ime(), fromIme=false)
06-12 01:39:59.415  7310  7310 I ImeTracker: com.example.androidlauncher:475eb1e3: onCancelled at PHASE_CLIENT_ALREADY_HIDDEN
06-12 01:39:59.415 11288 11288 I EuiccGoogle: [2] Partner.getResourceEntry$ar$ds$ar$class_merging$ar$class_merging$ar$class_merging: Partner app=com.oem.euiccpartnerapp, Resource name=esim_supported_countries, type=string, partnerResId = 2130837507
06-12 01:39:59.416 11288 11288 I EuiccGoogle: [2] Partner.getResourceEntry$ar$ds$ar$class_merging$ar$class_merging$ar$class_merging: Partner app=com.oem.euiccpartnerapp, Resource name=esim_unsupported_countries, type=string, partnerResId = 0
06-12 01:39:59.416  2448  2448 I Scheduler: onDisplayModeChanged: [1 120 0x1]
06-12 01:39:59.417  2448  2448 I SurfaceFlinger: initiateDisplayModeChanges changing active mode from 1(120.00 Hz:1) to 1(120.00 Hz:1) for display 4630946747577212050
06-12 01:39:59.419  6281  6281 I GoogleInputMethodService: GoogleInputMethodService.onFinishInput():2259
06-12 01:39:59.420  6281  6281 I Module  : DeviceLockedStatusModuleProvider$Module.updateDeviceLockedStatus():103 repeatCheckTimes = 0, locked = false
06-12 01:39:59.421  6281  6281 I GoogleInputMethodService: GoogleInputMethodService.onStartInput():1446 onStartInput(EditorInfo{EditorInfo{packageName=com.example.androidlauncher, inputType=0, inputTypeString=NULL, enableLearning=false, autoCorrection=false, autoComplete=false, imeOptions=0, privateImeOptions=null, actionName=UNSPECIFIED, actionLabel=null, initialSelStart=-1, initialSelEnd=-1, initialCapsMode=0, label=null, fieldId=0, fieldName=null, extras=null, hintText=null, hintLocales=[]}}, false)
06-12 01:39:59.421  6281  6281 I AndroidIME: LatinIMEBase.updateInputViewCoverNavigation():322 Update input view padding, isNavbarOverInputWindow=true, bottom inset=0
06-12 01:39:59.421  6281  6281 I Module  : DeviceLockedStatusModuleProvider$Module.updateDeviceLockedStatus():103 repeatCheckTimes = 1, locked = false
06-12 01:39:59.424  3386  4807 I ImeTracker: system_server:7424d69a: onRequestHide at ORIGIN_SERVER reason IME_REQUESTED_CHANGED_LISTENER fromUser false
06-12 01:39:59.424  3386  3475 I ImeTracker: system_server:7424d69a: onCancelled at PHASE_SERVER_SHOULD_HIDE
06-12 01:39:59.424 11288 11288 I EuiccGoogle: [2] ViewCompat$Api28Impl.getOverrideCarrierInfoListForConversion: enableNewConversionApi: true, enableConversionXosCarrierIdFromTransferConfig: false
06-12 01:39:59.425 11288 11288 I EuiccGoogle: [2] ViewCompat$Api28Impl.getCarrierInfos: All carrier info overrides: []
06-12 01:39:59.426 10282 24196 W adbd    : timed out while waiting for FUNCTIONFS_BIND, trying again
06-12 01:39:59.426 10282 24196 I adbd    : UsbFfs: connection terminated: monitor thread finished
06-12 01:39:59.427 11288 11288 I EuiccGoogle: [2] PhenotypeUpdatedReceiver.setPsimConversionSupportedCarriers: setPsimConversionSupportedCarriers:[1, 3, 16, 576, 850, 1404, 2020, 2021, 2122, 27, 2, 4, 6, 14, 580, 1187, 1403, 1492, 1670, 1779, 1895, 1915, 1962, 2053, 2090, 2102, 2119, 2419, 2683, 2018, 32, 1581, 2110, 34, 530]
06-12 01:39:59.428  6373  8524 I MediaProvider: Invalidating LocalCallingIdentity cache for package com.papernotes.baselineprofile. Reason: owned_database_row_deleted:/storage/emulated/0/Android/media/com.papernotes.baselineprofile/temporaryScript_63095623.sh
06-12 01:39:59.429  4730  5046 D EuiccConnector: handleMessage: E msg.what=4
06-12 01:39:59.429  4730  5046 D EuiccConnector: processMsg: DisconnectedState
06-12 01:39:59.430  4730  5046 D EuiccConnector: transitionTo: destState=ConnectedState
06-12 01:39:59.430  4730  5046 D EuiccConnector: handleMessage: new destination call exit/enter
06-12 01:39:59.430  4730  5046 D EuiccConnector: setupTempStateStackWithStatesToEnter: X mTempStateStackCount=1,curStateInfo: state=DisconnectedState,active=true,parent=null
06-12 01:39:59.430  4730  5046 D EuiccConnector: moveTempStackToStateStack: i=0,j=1
06-12 01:39:59.430  4730  5046 D EuiccConnector: moveTempStackToStateStack: X mStateStackTop=1,startingIndex=1,Top=ConnectedState
06-12 01:39:59.430  4730  5046 D EuiccConnector: invokeEnterMethods: ConnectedState
06-12 01:39:59.430  4730  5046 D EuiccConnector: moveDeferredMessageAtFrontOfQueue; what=103
06-12 01:39:59.430  4730  5046 D EuiccConnector: handleMessage: X
06-12 01:39:59.430  4730  5046 D EuiccConnector: handleMessage: E msg.what=103
06-12 01:39:59.430  4730  5046 D EuiccConnector: processMsg: ConnectedState
06-12 01:39:59.431  4730  5046 D EuiccConnector: handleMessage: X
06-12 01:39:59.432 11288 24223 I EuiccGoogle: [479] EuiccServiceImpl.onGetEuiccProfileInfoList: onGetEuiccProfileInfoList: slotId = 1
06-12 01:39:59.432  6373  8524 I MediaProvider: Deleted 0 0 0 0 0 0 1 items on external_primary due to com.android.shell
06-12 01:39:59.434 11288 24223 I EuiccGoogle: [479] EuiccServiceImpl.onGetEuiccProfileInfoList: slotId = 1, isRemovable = false
06-12 01:39:59.434 11288 24223 I EuiccGoogle: [479] EuiccServiceImpl.onGetEuiccProfileInfoList: onGetEuiccProfileInfoList: isRemovable = false.
06-12 01:39:59.434 11288 24223 I EuiccGoogle: [479] EuiccServiceImpl.onGetEuiccProfileInfoList: getSimCardState for slotId: 1
06-12 01:39:59.435  2176  3977 D slpi-STK3BFX: New FPS 120Hz, p_sync_delay_us changed (0x6d9e2 -> 0x6a038)
06-12 01:39:59.437 11288 24223 I EuiccGoogle: [479] EuiccServiceImpl.onGetEuiccProfileInfoList: GetEuiccProfileInfoListResult: simCardState :11and simCardStateAtTelephony:11 for slot:1
06-12 01:39:59.437 11288 24223 I EuiccGoogle: [479] EuiccServiceImpl.getProfileInfoList: getProfileInfoList: slotId = 1, includeTestProfiles = false
06-12 01:39:59.437 11288 24223 I EuiccGoogle: [479] EuiccServiceImpl.getProfileInfoList: getProfileInfoList: slotId = 1, includeTestProfiles = false.
06-12 01:39:59.437 11288 24223 I EuiccGoogle: [479] EuiccServiceImpl.getEidFromSlotId: getEidFromSlotId: slotId = 1.
06-12 01:39:59.438 11288 24223 I EuiccGoogle: [479] NetworkFetcher.getEidForSlot: getEidForSlot: 1
06-12 01:39:59.440 11288 24223 I EuiccGoogle: [479] BlockingEuiccCardManager.requestAllProfiles: requestAllProfiles: cardId = [07XfjotX8hUlr3vpuCgmywYfjrU]
06-12 01:39:59.472 10282 10288 I adbd    : opening control endpoint /dev/usb-ffs/adb/ep0
06-12 01:39:59.486  6373  6799 W MediaProvider: isAppCloneUserPair for user 0: false
06-12 01:39:59.492   506   563 I UriTaskContentObserver: (REDACTED) Throttling content uri change event for %s
06-12 01:39:59.498  4730  5046 D EuiccConnector: handleMessage: E msg.what=6
06-12 01:39:59.498  4730  5046 D EuiccConnector: processMsg: ConnectedState
06-12 01:39:59.498  4730  5046 D EuiccConnector: handleMessage: X
06-12 01:39:59.502  6373  6533 V DatabaseBackupAndRecovery: Backed up next generation number 59492 for volume external_primary
06-12 01:39:59.537 18478 20901 I artd    : Running profman: /apex/com.android.art/bin/art_exec --drop-capabilities --keep-fds=6:7 -- /apex/com.android.art/bin/profman --reference-profile-file-fd=6 --apk-fd=7
06-12 01:39:59.537 18478 20901 I artd    : Opened FDs: 6:/data/misc/profiles/ref/com.papernotes/primary.prof 7:/data/app/~~40EqDtKVkVMf2_zVRWAKDA==/com.papernotes-8jaWK_jQ1tbhbnuvlw5D4w==/base.apk
06-12 01:39:59.560 18478 20901 I artd    : profman returned code 2
06-12 01:39:59.565 18478 20901 I artd    : Running profman: /apex/com.android.art/bin/art_exec --drop-capabilities --keep-fds=6:7:8 -- /apex/com.android.art/bin/profman --profile-file-fd=6 --reference-profile-file-fd=7 --apk-fd=8
06-12 01:39:59.565 18478 20901 I artd    : Opened FDs: 6:/data/misc/profiles/cur/0/com.papernotes/primary.prof 7:/data/misc/profiles/ref/com.papernotes/primary.prof.JELEqF.tmp 8:/data/app/~~40EqDtKVkVMf2_zVRWAKDA==/com.papernotes-8jaWK_jQ1tbhbnuvlw5D4w==/base.apk
06-12 01:39:59.593 18478 20901 I artd    : profman returned code 2
06-12 01:39:59.596 18478 20901 I artd    : GetBestInfo: odex next to the dex file (/data/app/~~40EqDtKVkVMf2_zVRWAKDA==/com.papernotes-8jaWK_jQ1tbhbnuvlw5D4w==/oat/arm64/base.odex) is kOatUpToDate with filter 'speed-profile' executable 'false'
06-12 01:39:59.596 18478 20901 I artd    : Should recompile: force recompilation
06-12 01:39:59.614 18478 18479 I artd    : Running dex2oat: /apex/com.android.art/bin/art_exec --drop-capabilities --set-task-profile=Dex2OatBootComplete --set-priority=background --keep-fds=6:7:8:9:10:11:12 -- /apex/com.android.art/bin/dex2oat64 --zip-fd=6 --zip-location=/data/app/~~40EqDtKVkVMf2_zVRWAKDA==/com.papernotes-8jaWK_jQ1tbhbnuvlw5D4w==/base.apk --oat-fd=7 --oat-location=/data/app/~~40EqDtKVkVMf2_zVRWAKDA==/com.papernotes-8jaWK_jQ1tbhbnuvlw5D4w==/oat/arm64/base.odex --output-vdex-fd=8 --app-image-fd=9 --image-format=lz4 --swap-fd=10 --class-loader-context=PCL[] --classpath-dir=/data/app/~~40EqDtKVkVMf2_zVRWAKDA==/com.papernotes-8jaWK_jQ1tbhbnuvlw5D4w== --input-vdex-fd=11 --profile-file-fd=12 --instruction-set=arm64 --instruction-set-features=default --instruction-set-variant=oryon --compiler-filter=speed-profile --compilation-reason=cmdline --max-image-block-size=524288 --resolve-startup-const-strings=true --generate-mini-debug-info --runtime-arg -Xtarget-sdk-version:35 --runtime-arg -Xhidden-api-policy:enabled --assume-value=Landroid/os/Build$VERSION;->SDK_INT:36 --no-allow-profile-code --cpu-set=0,1,2,3,4,5 -j6 --runtime-arg -Xms64m --runtime-arg -Xmx512m --comments=app-name:com.papernotes,app-version-name:1.0,app-version-code:1,art-version:370549100
06-12 01:39:59.614 18478 18479 I artd    : Opened FDs: 6:/data/app/~~40EqDtKVkVMf2_zVRWAKDA==/com.papernotes-8jaWK_jQ1tbhbnuvlw5D4w==/base.apk 7:/data/app/~~40EqDtKVkVMf2_zVRWAKDA==/com.papernotes-8jaWK_jQ1tbhbnuvlw5D4w==/oat/arm64/base.odex.et87OY.tmp 8:/data/app/~~40EqDtKVkVMf2_zVRWAKDA==/com.papernotes-8jaWK_jQ1tbhbnuvlw5D4w==/oat/arm64/base.vdex.RQ5L6S.tmp 9:/data/app/~~40EqDtKVkVMf2_zVRWAKDA==/com.papernotes-8jaWK_jQ1tbhbnuvlw5D4w==/oat/arm64/base.art.rSOf9D.tmp 10:/data/app/~~40EqDtKVkVMf2_zVRWAKDA==/com.papernotes-8jaWK_jQ1tbhbnuvlw5D4w==/oat/arm64/base.odex.swap.nTMNTL.tmp 11:/data/app/~~40EqDtKVkVMf2_zVRWAKDA==/com.papernotes-8jaWK_jQ1tbhbnuvlw5D4w==/oat/arm64/base.vdex 12:/data/misc/profiles/ref/com.papernotes/primary.prof
06-12 01:39:59.629 24239 24239 W libprocessgroup: JoinCgroup: controller schedtune is not found
