06-12 01:39:17.256  2177  2386 I SDM     : QServiceBackend::notifyCallback: calling qservice command 28
06-12 01:39:17.256  2177  2386 I SDM     : SDMServices::notifyCallback: sdmclient qservice command 28
06-12 01:39:17.256  2263  2263 I qdutils : getDisplayAttributes() Received attrs for index 1: xres 1220, yres 2712
06-12 01:39:17.257  2176  3977 D slpi-STK3BFX: ALS_OC: lux 41.8954, scale 1.00, ch 353.8750, 297.1250, 68.6875, 872.5000, AWAIT:7143, STATE: 0xf | PS_INFO: ON, PSTHH 1431, PSTHL 1659, FPS 120 | PROX_OC: ON, Far, data 1190 th 1431 1659
06-12 01:39:17.257  2263  2263 D motorola.hardware.sensorext-service: handle id:4294967296 wxh:512x5120 uwxuh:1280x2992 size: 0 fd:10 fd_meta:11 flags:0x1 usage:0x270a8  format:0x4c8 layer_count: 1 reserved_size = 0 custom_content_md_reserved_size = 0
06-12 01:39:17.257  2177  2716 I SDM     : CWB config passed by cwb_client : tappoint 1  CWB_ROI : (672.000000 2.000000 792.000000 122.000000) for display-0
06-12 01:39:17.263 25881 25881 W Finsky  : [2] STU: Failed to get storage stats for package 'com.google.android.uwb' (1601: Error getting stats: android.content.pm.PackageManager.NameNotFoundException)
06-12 01:39:17.266 25881 25881 W Finsky  : [2] STU: Failed to get storage stats for package 'com.google.android.widevine.nonupdatable' (1601: Error getting stats: android.content.pm.PackageManager.NameNotFoundException)
06-12 01:39:17.267 25881 25881 W Finsky  : [2] STU: Failed to get storage stats for package 'com.android.nfcservices' (1601: Error getting stats: android.content.pm.PackageManager.NameNotFoundException)
06-12 01:39:17.268  2177  2337 I SDM     : HWDeviceDRM::SetupConcurrentWriteback: Tear down the Concurrent Writeback topology
06-12 01:39:17.279  2177 23608 I SDM     : NotifyCWBStatus: Notify the client about buffer (0xd5ac0a0) status 0 for display-0.
06-12 01:39:17.279  2177 23608 I SDM     : SDMConcurrentWriteBack::ProcessCWBStatus: CWB queue is empty. Display: 0
06-12 01:39:17.280  3386  4153 D InetDiagMessage: Destroyed 0 sockets, proto=IPPROTO_TCP, family=AF_INET, states=14
06-12 01:39:17.280  3386  4153 D InetDiagMessage: Destroyed 0 sockets, proto=IPPROTO_TCP, family=AF_INET6, states=14
06-12 01:39:17.280  3386  4153 D InetDiagMessage: Destroyed live tcp sockets for uids={10328} in 1ms
06-12 01:39:17.281  3386  4153 D InetDiagMessage: Destroyed 0 sockets, proto=IPPROTO_TCP, family=AF_INET, states=14
06-12 01:39:17.282  3386  4153 D InetDiagMessage: Destroyed 0 sockets, proto=IPPROTO_TCP, family=AF_INET6, states=14
06-12 01:39:17.282  3386  4153 D InetDiagMessage: Destroyed live tcp sockets for uids={20328} in 1ms
06-12 01:39:17.283  3386  4153 D InetDiagMessage: Destroyed 0 sockets, proto=IPPROTO_TCP, family=AF_INET, states=14
06-12 01:39:17.284  3386  4153 D InetDiagMessage: Destroyed 0 sockets, proto=IPPROTO_TCP, family=AF_INET6, states=14
06-12 01:39:17.284  3386  4153 D InetDiagMessage: Destroyed live tcp sockets for uids={10179} in 2ms
06-12 01:39:17.284  3386  4153 D InetDiagMessage: Destroyed 0 sockets, proto=IPPROTO_TCP, family=AF_INET, states=14
06-12 01:39:17.285  3386  4153 D InetDiagMessage: Destroyed 0 sockets, proto=IPPROTO_TCP, family=AF_INET6, states=14
06-12 01:39:17.285  3386  4153 D InetDiagMessage: Destroyed live tcp sockets for uids={20179} in 1ms
06-12 01:39:17.293 23564 23583 D Surface : Surface::disconnect
06-12 01:39:17.293 23564 23583 D BufferQueueProducer: [ImageReader-1220x2712f1u2816m2-23564-0](id:5c0c00000001,api:1,p:23564,c:23564) disconnect: api 1
06-12 01:39:17.318 25881 25881 W Finsky  : [2] STU: Failed to get storage stats for package 'com.motorola.motosecure' (1601: Error getting stats: android.content.pm.PackageManager.NameNotFoundException)
06-12 01:39:17.323 25881 25881 W Finsky  : [2] STU: Failed to get storage stats for package 'com.android.apex.cts.shim' (1601: Error getting stats: android.content.pm.PackageManager.NameNotFoundException)
06-12 01:39:17.345 25881 25881 W Finsky  : [2] STU: Failed to get storage stats for package 'com.google.android.appsearch' (1601: Error getting stats: android.content.pm.PackageManager.NameNotFoundException)
06-12 01:39:17.349 25881 25881 W Finsky  : [2] STU: Failed to get storage stats for package 'com.google.android.art' (1601: Error getting stats: android.content.pm.PackageManager.NameNotFoundException)
06-12 01:39:17.354 25881 25881 W Finsky  : [2] STU: Failed to get storage stats for package 'com.android.bt' (1601: Error getting stats: android.content.pm.PackageManager.NameNotFoundException)
06-12 01:39:17.358  2263  2263 E motorola.hardware.sensorext-service: Could not close FD 11: Bad file descriptor
06-12 01:39:17.358  2263  2263 E motorola.hardware.sensorext-service: Could not close FD 10: Bad file descriptor
06-12 01:39:17.363  3386 25670 W ServiceManagerCppClient: Permission failure: android.permission.ACCESS_SURFACE_FLINGER from uid=10475 pid=0
06-12 01:39:17.363  3386 25670 D PermissionCache: checking android.permission.ACCESS_SURFACE_FLINGER for uid=10475 => denied (121 us)
06-12 01:39:17.363  3386 25670 W ServiceManagerCppClient: Permission failure: android.permission.ROTATE_SURFACE_FLINGER from uid=10475 pid=0
06-12 01:39:17.363  3386 25670 D PermissionCache: checking android.permission.ROTATE_SURFACE_FLINGER for uid=10475 => denied (53 us)
06-12 01:39:17.363  3386 25670 W ServiceManagerCppClient: Permission failure: android.permission.INTERNAL_SYSTEM_WINDOW from uid=10475 pid=0
06-12 01:39:17.363  3386 25670 D PermissionCache: checking android.permission.INTERNAL_SYSTEM_WINDOW for uid=10475 => denied (36 us)
06-12 01:39:17.365  2263  2263 D SENSOREXT_ALS_COMP: FrontLight: ReportLux 39.53 (41.90-3.36), pre 42.18, dbv 6894, dc 0, fps 0, chPanel 0.21-0.23-0.05-0.59, facCal:lux_s 1.00 cha_s 1.05-1.03-0.92-1.01, RunInfo: DPB 26065-0, TF 26065-0
06-12 01:39:17.365  2343  2407 E PERFHAL-BOOSTCONFIG: PERFHAL-BOOSTCONFIG: GetBoostConfig() 1456: Not able to fetch object
06-12 01:39:17.366  2343  5627 E ANDR-PERF-LM: PrefAppsDB: get_total_pkg_bindapp_count() 667: App = (com.papernotes) not found in LatData DB.
06-12 01:39:17.369  3386  3469 I ActivityTaskManager: Displayed com.papernotes/.MainActivity for user 0: +398ms
06-12 01:39:17.370  2343  2407 E PERFHAL-BOOSTCONFIG: PERFHAL-BOOSTCONFIG: GetBoostConfig() 1456: Not able to fetch object
06-12 01:39:17.378 25881 25881 W Finsky  : [2] STU: Failed to get storage stats for package 'com.google.android.mediaprovider' (1601: Error getting stats: android.content.pm.PackageManager.NameNotFoundException)
06-12 01:39:17.381  3386  4067 I ImeTracker: com.papernotes:1c1c1bf6: onRequestHide at ORIGIN_SERVER reason HIDE_UNSPECIFIED_WINDOW fromUser false
06-12 01:39:17.383 23564 23564 D InsetsController: hide(ime(), fromIme=false)
06-12 01:39:17.383 23564 23564 I ImeTracker: com.papernotes:1c1c1bf6: onCancelled at PHASE_CLIENT_ALREADY_HIDDEN
06-12 01:39:17.389  3386 25670 I ImeTracker: system_server:514a9e0d: onRequestHide at ORIGIN_SERVER reason IME_REQUESTED_CHANGED_LISTENER fromUser false
06-12 01:39:17.389  6281  6281 I GoogleInputMethodService: GoogleInputMethodService.onFinishInput():2259
06-12 01:39:17.389  6281  6281 I Module  : DeviceLockedStatusModuleProvider$Module.updateDeviceLockedStatus():103 repeatCheckTimes = 0, locked = false
06-12 01:39:17.389  3386  3475 I ImeTracker: system_server:514a9e0d: onCancelled at PHASE_SERVER_SHOULD_HIDE
06-12 01:39:17.390  6281  6281 I GoogleInputMethodService: GoogleInputMethodService.onStartInput():1446 onStartInput(EditorInfo{EditorInfo{packageName=com.papernotes, inputType=0, inputTypeString=NULL, enableLearning=false, autoCorrection=false, autoComplete=false, imeOptions=0, privateImeOptions=null, actionName=UNSPECIFIED, actionLabel=null, initialSelStart=-1, initialSelEnd=-1, initialCapsMode=0, label=null, fieldId=0, fieldName=null, extras=null, hintText=null, hintLocales=[]}}, false)
06-12 01:39:17.390  6281  6281 I AndroidIME: LatinIMEBase.updateInputViewCoverNavigation():322 Update input view padding, isNavbarOverInputWindow=true, bottom inset=0
06-12 01:39:17.390  6281  6281 I Module  : DeviceLockedStatusModuleProvider$Module.updateDeviceLockedStatus():103 repeatCheckTimes = 1, locked = false
06-12 01:39:17.402 25881 25881 W Finsky  : [2] STU: Failed to get storage stats for package 'com.android.virt' (1601: Error getting stats: android.content.pm.PackageManager.NameNotFoundException)
06-12 01:39:17.405  6373 25889 I MediaProvider: Invalidating LocalCallingIdentity cache for package com.papernotes.baselineprofile. Reason: owned_database_row_deleted:/storage/emulated/0/Android/media/com.papernotes.baselineprofile/temporaryScript_3128430702.sh
06-12 01:39:17.405 25881 25881 W Finsky  : [2] STU: Failed to get storage stats for package 'com.google.android.resolv' (1601: Error getting stats: android.content.pm.PackageManager.NameNotFoundException)
06-12 01:39:17.406  6373 25889 I MediaProvider: Deleted 0 0 0 0 0 0 1 items on external_primary due to com.android.shell
06-12 01:39:17.409 23412 23425 D Benchmark: Result: Starting: Intent { act=android.intent.action.MAIN cat=[android.intent.category.LAUNCHER] flg=0x10008000 pkg=com.papernotes cmp=com.papernotes/.MainActivity }
06-12 01:39:17.409 23412 23425 D Benchmark: Status: ok
06-12 01:39:17.409 23412 23425 D Benchmark: LaunchState: COLD
06-12 01:39:17.409 23412 23425 D Benchmark: Activity: com.papernotes/.MainActivity
06-12 01:39:17.409 23412 23425 D Benchmark: TotalTime: 398
06-12 01:39:17.409 23412 23425 D Benchmark: WaitTime: 400
06-12 01:39:17.409 23412 23425 D Benchmark: Complete
06-12 01:39:17.417 25881 25881 W Finsky  : [2] STU: Failed to get storage stats for package 'com.google.android.configinfrastructure' (1601: Error getting stats: android.content.pm.PackageManager.NameNotFoundException)
06-12 01:39:17.417 25881 25881 W Finsky  : [2] STU: Failed to get storage stats for package 'com.google.android.media' (1601: Error getting stats: android.content.pm.PackageManager.NameNotFoundException)
06-12 01:39:17.431 25881 25881 W Finsky  : [2] STU: Failed to get storage stats for package 'com.android.vndk.v31' (1601: Error getting stats: android.content.pm.PackageManager.NameNotFoundException)
06-12 01:39:17.433 25881 25881 W Finsky  : [2] STU: Failed to get storage stats for package 'com.android.vndk.v30' (1601: Error getting stats: android.content.pm.PackageManager.NameNotFoundException)
06-12 01:39:17.434 25881 25881 W Finsky  : [2] STU: Failed to get storage stats for package 'com.android.vndk.v33' (1601: Error getting stats: android.content.pm.PackageManager.NameNotFoundException)
06-12 01:39:17.435 25881 25881 W Finsky  : [2] STU: Failed to get storage stats for package 'com.android.vndk.v32' (1601: Error getting stats: android.content.pm.PackageManager.NameNotFoundException)
06-12 01:39:17.437 25881 25881 W Finsky  : [2] STU: Failed to get storage stats for package 'com.android.vndk.v34' (1601: Error getting stats: android.content.pm.PackageManager.NameNotFoundException)
06-12 01:39:17.451 10282 23545 W adbd    : timed out while waiting for FUNCTIONFS_BIND, trying again
06-12 01:39:17.451 10282 23545 I adbd    : UsbFfs: connection terminated: monitor thread finished
06-12 01:39:17.454 25881 25881 W Finsky  : [2] STU: Failed to get storage stats for package 'com.android.crashrecovery' (1601: Error getting stats: android.content.pm.PackageManager.NameNotFoundException)
06-12 01:39:17.468 25881 25881 W Finsky  : [2] STU: Failed to get storage stats for package 'com.google.android.sdkext' (1601: Error getting stats: android.content.pm.PackageManager.NameNotFoundException)
06-12 01:39:17.478 25881 25881 W Finsky  : [2] STU: Failed to get storage stats for package 'com.google.android.adservices' (1601: Error getting stats: android.content.pm.PackageManager.NameNotFoundException)
06-12 01:39:17.480 25881 25881 W Finsky  : [2] STU: Failed to get storage stats for package 'com.google.android.tethering' (1601: Error getting stats: android.content.pm.PackageManager.NameNotFoundException)
06-12 01:39:17.491 10282 10288 I adbd    : opening control endpoint /dev/usb-ffs/adb/ep0
06-12 01:39:17.497  6373 23329 W MediaProvider: isAppCloneUserPair for user 0: false
06-12 01:39:17.500   506   563 I UriTaskContentObserver: (REDACTED) Throttling content uri change event for %s
06-12 01:39:17.501 25881 25881 W Finsky  : [2] STU: Failed to get storage stats for package 'com.android.runtime' (1601: Error getting stats: android.content.pm.PackageManager.NameNotFoundException)
06-12 01:39:17.507  4368  4920 D Surface : Surface::disconnect
06-12 01:39:17.507  4368  4920 D BufferQueueProducer: [Splash Screen com.papernotes#67611(BLAST Consumer)pid:4368](id:11100000125f,api:1,p:4368,c:4368) disconnect: api 1
06-12 01:39:17.513  4368  4857 W WindowOnBackDispatcher: sendCancelIfRunning: isInProgress=false callback=android.view.ViewRootImpl$$ExternalSyntheticLambda14@af3d98c
06-12 01:39:17.518  2448  2737 I Scheduler: applyPolicy: UpdateRefreshRate 120 to 90 of group 1: [touch=1:1 touchBoost=1 scroll=0:0 idle=0:0 prr=0:0 brightnessDiming=0:0 qvrr=0:0] for display 4630946747577212050
06-12 01:39:17.518  2448  2737 D DisplayModeController: setDesiredMode 4630946747577212050 {mode={fps=90.00 Hz, modePtr={id=2, vsyncRate=90.00 Hz, peakRefreshRate=90.00 Hz}}, emitEvent=true, force=false}
06-12 01:39:17.524  2448  2448 I SurfaceFlinger: initiateDisplayModeChanges changing active mode from 1(120.00 Hz:1) to 2(90.00 Hz:1) for display 4630946747577212050
06-12 01:39:17.524  2448  2448 I SurfaceFlinger: initiateDisplayModeChanges active mode changed to 2(90.00 Hz) for display 4630946747577212050. mBrightnessDimingCnt=0
06-12 01:39:17.524  2177  2716 W SDM     : HWDeviceDRM::GetSupportedBitClkRate: Requested rate not supported: 0
06-12 01:39:17.525  2177  2716 I SDM     : HWDeviceDRM::UpdateMixerAttributes: Mixer WxH 1220x2712-1 for Peripheral
06-12 01:39:17.529 25881 25881 W Finsky  : [2] STU: Failed to get storage stats for package 'com.google.android.cellbroadcast' (1601: Error getting stats: android.content.pm.PackageManager.NameNotFoundException)
06-12 01:39:17.530  2177  2337 I SDM     : HWDeviceDRM::SetDisplaySwitchMode: Mode 2 already set
06-12 01:39:17.530  2448  3213 D VSyncReactor: 4630946747577212050: confirming period 8->11(cnt1)
06-12 01:39:17.531  2448  2448 I Scheduler: onDisplayModeChanged: [2 90 0x1]
06-12 01:39:17.532  2448  2448 I SurfaceFlinger: initiateDisplayModeChanges changing active mode from 2(90.00 Hz:1) to 2(90.00 Hz:1) for display 4630946747577212050
06-12 01:39:17.537 23628 23628 W dumpsys : Thread Pool max thread count is 0. Cannot cache binder as linkToDeath cannot be implemented. serviceName: gfxinfo
06-12 01:39:17.538  2448  3213 D VSyncReactor: 4630946747577212050: period 11 confirmed(cnt1)
06-12 01:39:17.554  7310  7310 D VRI[MainActivity]: visibilityChanged oldVisibility=true newVisibility=false
06-12 01:39:17.560  5768  5790 V OsAgent : broadcastSystemEvent - 7
06-12 01:39:17.566  7310  7326 D Surface : Surface::disconnect
06-12 01:39:17.566  7310  7326 D BufferQueueProducer: [com.example.androidlauncher/com.example.androidlauncher.MainActivity#67599(BLAST Consumer)pid:7310](id:1c8e0000015e,api:1,p:7310,c:7310) disconnect: api 1
06-12 01:39:17.567  2176  3977 D slpi-STK3BFX: New FPS 90Hz, p_sync_delay_us changed (0x6a038 -> 0x6d9e2)
06-12 01:39:17.571  7310  7310 W WindowOnBackDispatcher: sendCancelIfRunning: isInProgress=false callback=androidx.activity.OnBackPressedDispatcher$Api34Impl$createOnBackAnimationCallback$1@2065e15
06-12 01:39:17.588  6373  8524 I MediaProvider: Invalidating LocalCallingIdentity cache for package com.papernotes.baselineprofile. Reason: owned_database_row_deleted:/storage/emulated/0/Android/media/com.papernotes.baselineprofile/temporaryScript_1875060196.sh
06-12 01:39:17.589  6373  8524 I MediaProvider: Deleted 0 0 0 0 0 0 1 items on external_primary due to com.android.shell
06-12 01:39:17.593 23412 23425 I System.out: 0 Flags,FrameTimelineVsyncId,IntendedVsync,Vsync,InputEventId,HandleInputStart,AnimationStart,PerformTraversalsStart,DrawStart,FrameDeadline,FrameStartTime,FrameInterval,WorkloadTarget,SyncQueued,SyncStart,IssueDrawCommandsStart,SwapBuffers,FrameCompleted,DequeueBufferDuration,QueueBufferDuration,GpuCompleted,SwapBuffersCompleted,DisplayPresentTime,CommandSubmissionCompleted,
06-12 01:39:17.594 23412 23425 I System.out: 1 1,44937630,130008390532615,130008390532615,0,130008390844414,130008390844779,130008396883789,130008397675820,130008402199281,130008390842748,8333333,11666666,130008467927956,130008467975560,130008468176081,130008530951393,130008531773008,8542,341563,130008531773008,130008531376862,130008548160143,130008530951393,
06-12 01:39:17.594 23412 23425 I System.out: 2 0,44937809,130008540863980,130008540863980,0,130008541207695,130008541208320,130008542092852,130008542113060,130008552530646,130008541204675,8351891,11666666,130008542228737,130008542303633,130008542370195,130008543651445,130008544313008,9166,265573,130008544313008,130008543952956,130008564863945,130008543651445,
06-12 01:39:17.594 23412 23425 I System.out: 3 0,44937838,130008549215859,130008549215859,0,130008549708425,130008549708789,130008550307435,130008550326393,130008560882525,130008549707018,8351889,11666666,130008550429310,130008550515716,130008550580456,130008551600768,130008552275404,12031,153594,130008552275404,130008551797227,130008573215820,130008551600768,
06-12 01:39:17.594 23412 23425 I System.out: 4 0,44937860,130008557567682,130008557567682,0,130008557861966,130008557862331,130008558581185,130008558599154,130008569234348,130008557860247,8351883,11666666,130008558700300,130008558754727,130008558830977,130008559704206,130008560561497,10052,159531,130008560561497,130008559912018,130008581567747,130008559704206,
06-12 01:39:17.594 23412 23425 I System.out: 5 0,44937889,130008565919632,130008565919632,0,130008566199675,130008566200352,130008566903789,130008566919831,130008577586298,130008566197852,8351890,11666666,130008567006133,130008567056133,130008567115716,130008568124414,130008568779570,11145,140313,130008568779570,130008568325195,130008589919570,130008568124414,
06-12 01:39:17.594 23412 23425 I System.out: 6 0,44937918,130008574271491,130008574271491,0,130008574543060,130008574543529,130008575232747,130008575249883,130008585938157,130008574540404,8351887,11666666,130008575348893,130008575427383,130008575495143,130008576696185,130008577350143,12969,175365,130008577350143,130008576956758,130008598271549,130008576696185,
06-12 01:39:17.594 23412 23425 I System.out: 7 0,44937940,130008582623379,130008582623379,0,130008582944102,130008582944622,130008583787695,130008583817539,130008594290045,130008582941810,8351887,11666666,130008583992227,130008584172435,130008584278841,130008585217487,130008585870039,10052,131354,130008585870039,130008585399831,130008606623424,130008585217487,
06-12 01:39:17.594 23412 23425 I System.out: 8 0,44937962,130008590975289,130008590975289,0,130008591264831,130008591265195,130008591959831,130008591976237,130008602641955,130008591263060,8351889,11666666,130008592118581,130008592176862,130008592268685,130008593237852,130008593906341,15989,169427,130008593906341,130008593474050,130008614975299,130008593237852,
06-12 01:39:17.594 23412 23425 I System.out: 9 0,44937984,130008599327171,130008599327171,0,130008599599987,130008599600456,130008600345195,130008600363581,130008610993837,130008599598425,8351889,11666666,130008600456289,130008600852643,130008600924518,130008601805768,130008602471654,11145,185000,130008602471654,130008602059622,130008623327226,130008601805768,
06-12 01:39:17.594 23412 23425 I System.out: 10 0,44938006,130008607679075,130008607679075,0,130008608088216,130008608088529,130008608749414,130008608762904,130008619345741,130008608086497,8351890,11666666,130008608831133,130008608883581,130008608944935,130008609690768,130008610325872,10104,174896,130008610325872,130008609927122,130008631679101,130008609690768,
06-12 01:39:17.594 23412 23425 I System.out: 11 0,44938028,130008616030968,130008616030968,0,130008616288529,130008616288737,130008616885508,130008616898060,130008627697634,130008616287227,8351890,11666666,130008616961185,130008617036393,130008617097904,130008617848008,130008618540404,9843,175833,130008618540404,130008618090456,130008640031028,130008617848008,
06-12 01:39:17.594 23412 23425 I System.out: 12 0,44938050,130008624382837,130008624382837,0,130008624725091,130008624725456,130008625536445,130008625553893,130008636049503,130008624722956,8351888,11666666,130008625661758,130008625714518,130008625764935,130008626366810,130008626976029,9740,150937,130008626976029,130008626572122,130008648382904,130008626366810,
06-12 01:39:17.594 23412 23425 I System.out: 13 0,44938072,130008632734752,130008632734752,0,130008633009102,130008633009362,130008633769779,130008633786914,130008644401418,130008633006862,8351890,11666666,130008633884831,130008633934466,130008633986602,130008634552852,130008635180456,10260,152291,130008635180456,130008634760039,130008656734830,130008634552852,
06-12 01:39:17.595 23412 23425 I System.out: 14 0,44938094,130008641086632,130008641086632,0,130008641391341,130008641391654,130008642171029,130008642190664,130008652753298,130008641389154,8351889,11666666,130008642291237,130008642361185,130008642431862,130008643157852,130008643799050,11511,211354,130008643799050,130008643574362,130008665086654,130008643157852,
06-12 01:39:17.595 23412 23425 I System.out: 15 0,44938116,130008649438506,130008649438506,0,130008649719987,130008649720560,130008650312487,130008650324675,130008661105172,130008649717279,8351887,11666666,130008650388216,130008650458216,130008650523320,130008651167175,130008652182904,9844,129323,130008652182904,130008651352852,130008673438685,130008651167175,
06-12 01:39:17.595 23412 23425 I System.out: 16 0,44938138,130008657790421,130008657790421,0,130008658092383,130008658092643,130008658651654,130008658665456,130008669457087,130008658090039,8351889,11666666,130008658728581,130008658783112,130008658847956,130008659495560,130008660304154,10521,164740,130008660304154,130008659723060,130008681790508,130008659495560,
06-12 01:39:17.595 23412 23425 I System.out: 17 0,44938160,130008666142317,130008666142317,0,130008666416341,130008666416706,130008667137175,130008667155456,130008677808983,130008666414310,8351889,11666666,130008667246289,130008667304622,130008667366862,130008668155508,130008668772643,10990,211198,130008668772643,130008668437956,130008690142383,130008668155508,
06-12 01:39:17.595 23412 23425 I System.out: 18 0,44938182,130008674494227,130008674494227,0,130008674913320,130008674913789,130008675736654,130008675757383,130008686160893,130008674911133,8351891,11666666,130008675868320,130008675944727,130008676084518,130008677100768,130008677762695,12500,221197,130008677762695,130008677474831,2314885530818453536,130008677100768,
06-12 01:39:17.595 23412 23425 I System.out: 19 0,44938204,130008682846194,130008682846194,0,130008683197227,130008683197539,130008683920247,130008683939154,130008694512860,130008683195404,8351897,11666666,130008684091341,130008684244883,130008684403060,130008686386654,130008687044154,22968,503802,130008687026497,130008687044154,2314885530818453536,130008686386654,
06-12 01:39:17.595 23412 23425 I System.out: 20 0,44938240,130008687324675,130008687324675,0,130008687608581,130008687609102,130008688473893,130008688493112,130008699994239,130008687606185,8333333,12669564,130008688600039,130008688678945,130008688754518,130008689694206,130008690797122,11198,205104,130008690797122,130008689961550,2314885530818453536,130008689694206,
06-12 01:39:17.595 23412 23425 I System.out: 21 0,44938276,130008691105350,130008691105350,0,130008691382747,130008691383060,130008692055925,130008692096706,130008708327572,130008691381185,8333333,17222222,130008692175195,130008692270977,130008692362435,130008693285820,2314885530818453536,14844,263385,2314885530818453536,130008693634883,7309475735946948197,130008693285820,
06-12 01:39:17.595 23412 23425 I System.out: 22 0,44938291,130008699438683,130008699438683,0,130008699710716,130008699711081,130008700544466,130008700564154,130008716660905,130008699708893,8333333,17222222,130008700676497,130008700856133,130008700930768,130008701881341,2314885530818453536,12812,244687,2308706361371402274,130008702210300,2314885530818453536,130008701881341,
06-12 01:39:17.595 23412 23425 I System.out: 23 0,44938326,130008707846000,130008707846000,0,130008708061497,130008708061862,130008708801185,130008708821758,130008725068222,130008708059414,11111111,17222222,130008708918685,130008708975456,130008709044831,130008709992279,7080601042260992034,11823,235052,2314885530818453536,130008710302435,8319395810545661043,130008709992279,
06-12 01:39:17.606 15536 15536 I MemoryController: onTrimMemory(40)
06-12 01:39:17.607 15536 15536 I MemoryController: onTrimMemory(40)
06-12 01:39:17.607 15536 15536 I FenixApplication: onTrimMemory(), level=40, main=true
06-12 01:39:17.607 15536 15536 I LogMiddleware - BrowserStore: mozilla.components.browser.state.action.SystemAction$LowMemoryAction
06-12 01:39:17.607  5768  5790 V OsAgent : broadcastSystemEvent - 7
06-12 01:39:17.607  5768  5790 V OsAgent : broadcastSystemEvent - 7
06-12 01:39:17.607  5768  5790 V OsAgent : broadcastSystemEvent - 7
06-12 01:39:17.608   506   692 I FontLog : (REDACTED) Received query %s, URI %s
06-12 01:39:17.608   506   692 I FontLog : (REDACTED) Query [%s] resolved to %s
06-12 01:39:17.610   506   692 I FontLog : (REDACTED) Fetch %s end status %s
06-12 01:39:17.614   506   692 I FontLog : (REDACTED) Pulling font file for id = %d, cache size = %d
06-12 01:39:17.616   506   692 I FontLog : (REDACTED) Pulling font file for id = %d, cache size = %d
06-12 01:39:17.651 22978 22982 W aoapp.musically: Suspending all threads took: 56.566ms
06-12 01:39:17.679  9433  9954 I ReactNativeJNI: Memory warning (pressure level: TRIM_MEMORY_BACKGROUND) received by JS VM, running a GC
06-12 01:39:17.693 15536 15536 I MemoryController: onTrimMemory(40)
06-12 01:39:17.693 15536 15536 I MemoryController: onTrimMemory(40)
06-12 01:39:17.693 15536 15536 I FenixApplication: onTrimMemory(), level=40, main=true
06-12 01:39:17.693 15536 15536 I LogMiddleware - BrowserStore: mozilla.components.browser.state.action.SystemAction$LowMemoryAction
06-12 01:39:17.700  2448  2448 D SurfaceFlinger: setDesiredDisplayModeSpecs[{0, false, PR={p[60.00-120.00]Hz, r[60.00-60.00]Hz}, AR={p[0.00-120.00]Hz, r[0.00-120.00]Hz}}]: by process 3386 uid 1000 for display 4630946747577212050
06-12 01:39:17.700  2448  2448 I SurfaceFlinger: doPolicyValidationAndCorrection for Prim to {0, false, PR={p[60.00-120.00]Hz, r[60.00-60.00]Hz}, AR={p[0.00-120.00]Hz, r[0.00-120.00]Hz}}
06-12 01:39:17.700  2448  2448 D RefreshRateSelector: constructAvailableRefreshRates: {defaultModeId=0, allowGroupSwitching=false, primaryRanges={physical=[60.00 Hz, 120.00 Hz], render=[60.00 Hz, 60.00 Hz]}, appRequestRanges={physical=[0.00 Hz, 120.00 Hz], render=[0.00 Hz, 120.00 Hz]} idleScreenConfig=nullptr}
06-12 01:39:17.700  2448  2448 D RefreshRateSelector: primary render rates: {fps=60.00 Hz, modePtr={id=0, vsyncRate=60.00 Hz, peakRefreshRate=60.00 Hz}} , isVrrDevice? 0
06-12 01:39:17.700  2448  2448 D RefreshRateSelector: app request render rates: {fps=20.00 Hz, modePtr={id=0, vsyncRate=60.00 Hz, peakRefreshRate=60.00 Hz}} {fps=22.50 Hz, modePtr={id=2, vsyncRate=90.00 Hz, peakRefreshRate=90.00 Hz}} {fps=24.00 Hz, modePtr={id=1, vsyncRate=120.00 Hz, peakRefreshRate=120.00 Hz}} {fps=30.00 Hz, modePtr={id=0, vsyncRate=60.00 Hz, peakRefreshRate=60.00 Hz}} {fps=40.00 Hz, modePtr={id=1, vsyncRate=120.00 Hz, peakRefreshRate=120.00 Hz}} {fps=45.00 Hz, modePtr={id=2, vsyncRate=90.00 Hz, peakRefreshRate=90.00 Hz}} {fps=60.00 Hz, modePtr={id=0, vsyncRate=60.00 Hz, peakRefreshRate=60.00 Hz}} {fps=90.00 Hz, modePtr={id=2, vsyncRate=90.00 Hz, peakRefreshRate=90.00 Hz}} {fps=120.00 Hz, modePtr={id=1, vsyncRate=120.00 Hz, peakRefreshRate=120.00 Hz}} , isVrrDevice? 0
06-12 01:39:17.700  2448  2448 D RefreshRateSelector: full frame rates render rates: {fps=20.00 Hz, modePtr={id=0, vsyncRate=60.00 Hz, peakRefreshRate=60.00 Hz}} {fps=22.50 Hz, modePtr={id=2, vsyncRate=90.00 Hz, peakRefreshRate=90.00 Hz}} {fps=24.00 Hz, modePtr={id=1, vsyncRate=120.00 Hz, peakRefreshRate=120.00 Hz}} {fps=30.00 Hz, modePtr={id=0, vsyncRate=60.00 Hz, peakRefreshRate=60.00 Hz}} {fps=40.00 Hz, modePtr={id=1, vsyncRate=120.00 Hz, peakRefreshRate=120.00 Hz}} {fps=45.00 Hz, modePtr={id=2, vsyncRate=90.00 Hz, peakRefreshRate=90.00 Hz}} {fps=60.00 Hz, modePtr={id=0, vsyncRate=60.00 Hz, peakRefreshRate=60.00 Hz}} {fps=90.00 Hz, modePtr={id=2, vsyncRate=90.00 Hz, peakRefreshRate=90.00 Hz}} {fps=120.00 Hz, modePtr={id=1, vsyncRate=120.00 Hz, peakRefreshRate=120.00 Hz}} , isVrrDevice? 0
06-12 01:39:17.700  2448  2448 D RefreshRateSelector: Special render rates:
06-12 01:39:17.700  2448  2448 D RefreshRateSelector: [90:120:0]: mTouchBoostRefreshRateAvailable=0, mScrollBoostRefreshRateAvailable=0, mTouchOnBlankNotBoostRefreshRateAvailable=0
06-12 01:39:17.700  2448  2448 D RefreshRateSelector: found brightnessDimingBoostRefreshRate: {fps=60.00 Hz, modePtr={id=0, vsyncRate=60.00 Hz, peakRefreshRate=60.00 Hz}}
06-12 01:39:17.700  2448  2448 I RefreshRateSelector: Display 4630946747577212050 policy changed
06-12 01:39:17.700  2448  2448 I RefreshRateSelector: Previous: {defaultModeId=0, allowGroupSwitching=false, primaryRanges={physical=[60.00 Hz, 120.00 Hz], render=[60.00 Hz, 120.00 Hz]}, appRequestRanges={physical=[0.00 Hz, 120.00 Hz], render=[0.00 Hz, 120.00 Hz]} idleScreenConfig=nullptr}
06-12 01:39:17.700  2448  2448 I RefreshRateSelector: Current:  DisplayManagerPolicy{defaultModeId=0, allowGroupSwitching=false, primaryRanges={physical=[60.00 Hz, 120.00 Hz], render=[60.00 Hz, 60.00 Hz]}, appRequestRanges={physical=[0.00 Hz, 120.00 Hz], render=[0.00 Hz, 120.00 Hz]} idleScreenConfig=nullptr}
06-12 01:39:17.700  2448  2448 I RefreshRateSelector: 3 mode changes were performed under the previous policy
06-12 01:39:17.700  2448  2448 D SurfaceFlinger: Setting desired display mode specs: {0, false, PR={p[60.00-120.00]Hz, r[60.00-60.00]Hz}, AR={p[0.00-120.00]Hz, r[0.00-120.00]Hz}} for display 4630946747577212050
06-12 01:39:17.700  2448  2448 I Scheduler: onDisplayModeChanged: [2 90 0x1]
06-12 01:39:17.700  2448  2448 I Scheduler: getPreferredDisplayMode: UpdateRefreshRate 90 to 60 of group 1: [touch=1 scroll=0 idle=0 prr=0 brightnessDiming=0] for display 4630946747577212050
06-12 01:39:17.700  2448  2448 I SurfaceFlinger: Switching to Scheduler preferred mode 0 (60.00 Hz) for display 4630946747577212050
06-12 01:39:17.701  2448  2448 D DisplayModeController: setDesiredMode 4630946747577212050 {mode={fps=60.00 Hz, modePtr={id=0, vsyncRate=60.00 Hz, peakRefreshRate=60.00 Hz}}, emitEvent=true, force=false}
06-12 01:39:17.710  2448  2448 I SurfaceFlinger: initiateDisplayModeChanges changing active mode from 2(90.00 Hz:1) to 0(60.00 Hz:1) for display 4630946747577212050
06-12 01:39:17.710  2448  2448 I SurfaceFlinger: initiateDisplayModeChanges active mode changed to 0(60.00 Hz) for display 4630946747577212050. mBrightnessDimingCnt=0
06-12 01:39:17.711  2177  2716 W SDM     : HWDeviceDRM::GetSupportedBitClkRate: Requested rate not supported: 0
06-12 01:39:17.711  2177  2716 I SDM     : HWDeviceDRM::UpdateMixerAttributes: Mixer WxH 1220x2712-1 for Peripheral
06-12 01:39:17.713  2177  2337 I SDM     : HWDeviceDRM::SetDisplaySwitchMode: Mode 0 already set
06-12 01:39:17.714  2448  5134 D VSyncReactor: 4630946747577212050: confirming period 11->16(cnt1)
06-12 01:39:17.720  2448  2448 I Scheduler: onDisplayModeChanged: [0 60 0x1]
06-12 01:39:17.720  2448  2448 I SurfaceFlinger: initiateDisplayModeChanges changing active mode from 0(60.00 Hz:1) to 0(60.00 Hz:1) for display 4630946747577212050
06-12 01:39:17.725  2448  5134 D VSyncReactor: 4630946747577212050: period 16 confirmed(cnt1)
06-12 01:39:17.727  3386 15683 D FileUtils: Rounded bytes from 11859554304 to 16000000000
06-12 01:39:17.735 25881 25881 W Finsky  : [2] STU: Failed to get storage stats for package 'com.google.android.rkpd' (1601: Error getting stats: android.content.pm.PackageManager.NameNotFoundException)
06-12 01:39:17.745  3386  8297 D FileUtils: Rounded bytes from 11859554304 to 16000000000
06-12 01:39:17.760  2176  3977 D slpi-STK3BFX: New FPS 60Hz, p_sync_delay_us changed (0x6d9e2 -> 0x748f1)
06-12 01:39:17.797  3386  8297 W ParceledListSlice: Element #327 is 21896 bytes. Ele = android.content.pm.ApplicationInfo, callingPid = 19581
06-12 01:39:17.801  3386  8663 D FileUtils: Rounded bytes from 11859554304 to 16000000000
06-12 01:39:17.834 19546 19734 E PlayCommon: [471] way.f: Failed to connect to server for server timestamp: java.net.UnknownHostException: Unable to resolve host "play.googleapis.com": No address associated with hostname
06-12 01:39:17.837 19546 19733 E PlayCommon: [470] way.f: Failed to connect to server for server timestamp: java.net.UnknownHostException: Unable to resolve host "play.googleapis.com": No address associated with hostname
06-12 01:39:17.856 19546 19734 E PlayCommon: [471] way.f: Failed to connect to server for log upload.
06-12 01:39:17.857 19546 19733 E PlayCommon: [470] way.f: Failed to connect to server for log upload.
06-12 01:39:17.895 25881 25881 W Finsky  : [2] STU: Failed to get storage stats for package 'com.motorola.enterprise' (1601: Error getting stats: android.content.pm.PackageManager.NameNotFoundException)
06-12 01:39:17.923 25881 25881 W Finsky  : [2] STU: Failed to get storage stats for package 'com.android.compos' (1601: Error getting stats: android.content.pm.PackageManager.NameNotFoundException)
06-12 01:39:17.926 25881 25913 I Finsky  : [428] com.zhiliaoapp.musically: Account determined from installer data - [Fp1wrwa-fHPLsUTvWNulvfYepwbbNHxelfZ6gH8Noow]
06-12 01:39:17.928 25881 25910 I Finsky  : [425] Billing preferred account via installer for com.zhiliaoapp.musically: [Fp1wrwa-fHPLsUTvWNulvfYepwbbNHxelfZ6gH8Noow]
06-12 01:39:17.955 25881 25881 W Finsky  : [2] STU: Failed to get storage stats for package 'com.google.android.tzdata6' (1601: Error getting stats: android.content.pm.PackageManager.NameNotFoundException)
06-12 01:39:17.976 25881 25913 I Finsky  : [428] com.zhiliaoapp.musically: Account determined from installer data - [Fp1wrwa-fHPLsUTvWNulvfYepwbbNHxelfZ6gH8Noow]
06-12 01:39:17.979 25881 25913 I Finsky  : [428] Billing preferred account via installer for com.zhiliaoapp.musically: [Fp1wrwa-fHPLsUTvWNulvfYepwbbNHxelfZ6gH8Noow]
06-12 01:39:17.993 25881 25881 W Finsky  : [2] STU: Failed to get storage stats for package 'com.google.android.permission' (1601: Error getting stats: android.content.pm.PackageManager.NameNotFoundException)
06-12 01:39:17.996  2343  2402 E PERFHAL-OPTSHANDLER: PERFHAL-OPTSHANDLER: modify_sysfsnode() 1142: Perflock resource /sys/devices/system/cpu/bus_dcvs/L3/soc:qcom,memlat:l3:prime/min_freq not supported
06-12 01:39:17.996  2343  2402 E PERFHAL-RESOURCEQS: PERFHAL-RESOURCEQS: RemoveAndApply() 292: Failed to reset optimization here [13, 22]
06-12 01:39:18.000  2343  2402 E PERFHAL-OPTSHANDLER: PERFHAL-OPTSHANDLER: modify_sysfsnode() 1142: Perflock resource /sys/devices/system/cpu/bus_dcvs/L3/soc:qcom,memlat:l3:prime/min_freq not supported
06-12 01:39:18.000  2343  2402 E PERFHAL-RESOURCEQS: PERFHAL-RESOURCEQS: RemoveAndApply() 292: Failed to reset optimization here [13, 22]
06-12 01:39:18.035 25881 25881 W Finsky  : [2] STU: Failed to get storage stats for package 'com.google.android.wifi' (1601: Error getting stats: android.content.pm.PackageManager.NameNotFoundException)
06-12 01:39:18.083 25881 25881 W Finsky  : [2] STU: Failed to get storage stats for package 'com.google.android.media.swcodec' (1601: Error getting stats: android.content.pm.PackageManager.NameNotFoundException)
06-12 01:39:18.085 25881 25881 W Finsky  : [2] STU: Failed to get storage stats for package 'com.android.uprobestats' (1601: Error getting stats: android.content.pm.PackageManager.NameNotFoundException)
06-12 01:39:18.086 25881 25881 W Finsky  : [2] STU: Failed to get storage stats for package 'com.motorola.modules.factorycustomization' (1601: Error getting stats: android.content.pm.PackageManager.NameNotFoundException)
06-12 01:39:18.095 25881 25881 W Finsky  : [2] STU: Failed to get storage stats for package 'com.android.profiling' (1601: Error getting stats: android.content.pm.PackageManager.NameNotFoundException)
06-12 01:39:18.169 25881 25881 W Finsky  : [2] STU: Failed to get storage stats for package 'com.google.android.adbd' (1601: Error getting stats: android.content.pm.PackageManager.NameNotFoundException)
06-12 01:39:18.187 25881 25881 W Finsky  : [2] STU: Failed to get storage stats for package 'com.android.i18n' (1601: Error getting stats: android.content.pm.PackageManager.NameNotFoundException)
06-12 01:39:18.199 25881 25881 W Finsky  : [2] STU: Failed to get storage stats for package 'com.google.android.conscrypt' (1601: Error getting stats: android.content.pm.PackageManager.NameNotFoundException)
06-12 01:39:18.209  2343  5612 E PERF-LLLITE-LEARNER: PERF-LLLITE-LEARNER: getPid() 240: Failed to get pid for app_name android
06-12 01:39:18.209 25881 25881 W Finsky  : [2] STU: Failed to get storage stats for package 'com.android.hardware.cas' (1601: Error getting stats: android.content.pm.PackageManager.NameNotFoundException)
06-12 01:39:18.226 22978 23012 E Forest_null: could not get any valid access key from remote settings
06-12 01:39:18.230  3386  4863 D FileUtils: Rounded bytes from 11859554304 to 16000000000
06-12 01:39:18.231 22978 23012 I Forest_GeckoFetcher: [KeyInfo:fetchAsync] msg = offline resource exist:true extraRuntimeInfo = {support_directory=false, gecko_config_from=client_config, gecko_channel=tiktok_webview_hook, wait_low_storage_update=false, check_gecko_file_available=true, gecko_access_key=365b20e8f6c343df1eff65214a0e3e74, disable_gecko_update=false, gecko_sync_update=false, gecko_bundle=hook.js}
06-12 01:39:18.241 22978 23681 I Forest_GeckoXAdapter: onCheckServerVersionSuccess:requestMap:null responseMap:null
06-12 01:39:18.241 22978 23681 E Forest_GeckoFetcher: download failed with waitGeckoUpdate=false ,channel = tiktok_webview_hook,bundle = hook.js
06-12 01:39:18.241 22978 23681 E Forest_GeckoFetcher: java.lang.Throwable: invalid channel
06-12 01:39:18.241 22978 23681 E Forest_GeckoFetcher: 	at X.0jrT.LJIIIIZZ(SourceFile:33554554)
06-12 01:39:18.241 22978 23681 E Forest_GeckoFetcher: 	at X.0jbc.LIZ(SourceFile:378)
06-12 01:39:18.241 22978 23681 E Forest_GeckoFetcher: 	at X.0jbc.run(SourceFile:5)
06-12 01:39:18.241 22978 23681 E Forest_GeckoFetcher: 	at Y.AObjectS357S0100000_4.invoke$2(SourceFile:16777222)
06-12 01:39:18.241 22978 23681 E Forest_GeckoFetcher: 	at Y.AObjectS357S0100000_4.invoke(SourceFile:32)
06-12 01:39:18.241 22978 23681 E Forest_GeckoFetcher: 	at X.0CRf.invoke(SourceFile:4)
06-12 01:39:18.241 22978 23681 E Forest_GeckoFetcher: 	at X.0sAX.LIZ(SourceFile:50331890)
06-12 01:39:18.241 22978 23681 E Forest_GeckoFetcher: 	at X.0CRd.LIZJ(SourceFile:86)
06-12 01:39:18.241 22978 23681 E Forest_GeckoFetcher: 	at X.0CRd.run(SourceFile:0)
06-12 01:39:18.241 22978 23681 E Forest_GeckoFetcher: 	at X.0XKU.run(SourceFile:2)
06-12 01:39:18.241 22978 23681 E Forest_GeckoFetcher: 	at java.util.concurrent.ThreadPoolExecutor.runWorker(ThreadPoolExecutor.java:1100)
06-12 01:39:18.241 22978 23681 E Forest_GeckoFetcher: 	at java.util.concurrent.ThreadPoolExecutor$Worker.run(ThreadPoolExecutor.java:624)
06-12 01:39:18.241 22978 23681 E Forest_GeckoFetcher: 	at X.0Bcm.run(SourceFile:9)
06-12 01:39:18.241 22978 23681 E Forest_GeckoFetcher: 	at java.lang.Thread.run(Thread.java:1572)
06-12 01:39:18.241 22978 23681 E Forest_GeckoFetcher: 	at com.bytedance.bpea.transmit.delegate.BPEAThread.com_bytedance_bpea_transmit_delegate_BPEAThread__run$___twin___(SourceFile:9)
06-12 01:39:18.241 22978 23681 E Forest_GeckoFetcher: 	at com.bytedance.bpea.transmit.delegate.BPEAThread.com_bytedance_bpea_transmit_delegate_BPEAThread_com_ss_android_ugc_aweme_lancet_RunnableGuardLancet_run(SourceFile:16777216)
06-12 01:39:18.241 22978 23681 E Forest_GeckoFetcher: 	at com.bytedance.bpea.transmit.delegate.BPEAThread.run(SourceFile:0)
06-12 01:39:18.243 25881 25881 W Finsky  : [2] STU: Failed to get storage stats for package 'com.google.android.neuralnetworks' (1601: Error getting stats: android.content.pm.PackageManager.NameNotFoundException)
06-12 01:39:18.252 23412 23425 D UiDevice: Retrieving node with selector: BySelector [SCROLLABLE='true'].
06-12 01:39:18.256 25881 25881 W Finsky  : [2] STU: Failed to get storage stats for package 'com.google.android.ipsec' (1601: Error getting stats: android.content.pm.PackageManager.NameNotFoundException)
06-12 01:39:18.258 25881 25881 W Finsky  : [2] STU: Failed to get storage stats for package 'com.android.devicelock' (1601: Error getting stats: android.content.pm.PackageManager.NameNotFoundException)
06-12 01:39:18.273 25881 25881 W Finsky  : [2] STU: Failed to get storage stats for package 'com.google.android.ondevicepersonalization' (1601: Error getting stats: android.content.pm.PackageManager.NameNotFoundException)
06-12 01:39:18.280 25881 25881 W Finsky  : [2] STU: Failed to get storage stats for package 'com.google.android.healthfitness' (1601: Error getting stats: android.content.pm.PackageManager.NameNotFoundException)
06-12 01:39:18.304  3386  8663 W ParceledListSlice: Element #327 is 21896 bytes. Ele = android.content.pm.ApplicationInfo, callingPid = 19581
06-12 01:39:18.324 25881 25881 W Finsky  : [2] STU: Failed to get storage stats for package 'com.google.android.extservices' (1601: Error getting stats: android.content.pm.PackageManager.NameNotFoundException)
06-12 01:39:18.370 25881 25881 W Finsky  : [2] STU: Failed to get storage stats for package 'com.google.android.os.statsd' (1601: Error getting stats: android.content.pm.PackageManager.NameNotFoundException)
06-12 01:39:18.416 25881 25881 W Finsky  : [2] STU: Failed to get storage stats for package 'com.google.android.scheduling' (1601: Error getting stats: android.content.pm.PackageManager.NameNotFoundException)
06-12 01:39:18.434 25881 25881 I Finsky  : [2] App states replicator found 38 unowned apps
06-12 01:39:18.454 25881 25910 I Finsky  : [425] Completed 0 account content syncs with 0 successful.
06-12 01:39:18.455 25881 25881 I Finsky  : [2] [ContentSync] Installation state replication succeeded.
06-12 01:39:18.455 25881 25881 I Finsky  : [2] SCH: jobFinished: 12-1. TimeElapsed: 1388ms.
06-12 01:39:18.455 25881 25881 I Finsky  : [2] WM::SCH: Logging work end for 12-1
06-12 01:39:18.468  3386  3541 D MotoPerf: setAffinity_native: for tid:2567 setting cpu mask 255
06-12 01:39:18.468  3386  3541 D MotoPerf: setAffinity_native: for tid:2619 setting cpu mask 255
06-12 01:39:18.469 25881 25913 I Finsky  : [428] SCH: Scheduling phonesky job Id: 1-1337, CT: 1781195650644, Constraints: [{ L: 42509223, D: 85709223, C: CHARGING_NONE, I: IDLE_NONE, N: NET_ANY, B: BATTERY_ANY }]
06-12 01:39:18.469 25881 25913 I Finsky  : [428] SCH: Scheduling phonesky job Id: 34-250, CT: 1781195653748, Constraints: [{ L: 604800000, D: 2469531913, C: CHARGING_NONE, I: IDLE_NONE, N: NET_ANY, B: BATTERY_ANY }]
06-12 01:39:18.469 25881 25913 I Finsky  : [428] SCH: Scheduling phonesky job Id: 34-254, CT: 1781195653748, Constraints: [{ L: 604800000, D: 2550699868, C: CHARGING_NONE, I: IDLE_NONE, N: NET_ANY, B: BATTERY_ANY }]
06-12 01:39:18.469 25881 25913 I Finsky  : [428] SCH: Scheduling phonesky job Id: 34-257, CT: 1781195653748, Constraints: [{ L: 37898241, D: 1333898241, C: CHARGING_NONE, I: IDLE_NONE, N: NET_ANY, B: BATTERY_ANY }]
06-12 01:39:18.473 25881 25909 I Finsky  : [424] SCH: Scheduling 1 system job(s)
06-12 01:39:18.473 25881 25909 I Finsky  : [424] SCH: Scheduling system job Id: 9641, L: 12393516, D: 60201394, C: false, I: false, N: 1
06-12 01:39:18.482 25881 22963 I Finsky  : [687] SCH: job service finished with id 9630.
06-12 01:39:18.494 10282 23622 W adbd    : timed out while waiting for FUNCTIONFS_BIND, trying again
06-12 01:39:18.494 10282 23622 I adbd    : UsbFfs: connection terminated: monitor thread finished
06-12 01:39:18.535 10282 10288 I adbd    : opening control endpoint /dev/usb-ffs/adb/ep0
06-12 01:39:18.594 11498 11498 I Finsky:background: [2] Memory trim requested to level 40
06-12 01:39:18.594 25881 25881 I Finsky  : [2] Memory trim requested to level 40
06-12 01:39:18.594 25881 25881 I Finsky  : [2] Flushing in-memory image cache
06-12 01:39:18.614  2176  3977 D slpi-STK3BFX: Prox Cal complete, Cause PDATA0, New PDATA 1181, DALTA 485, PILT 1413, PIHT 1641
06-12 01:39:18.639 23412 23425 D UiDevice: Node not found with selector: BySelector [SCROLLABLE='true'].
06-12 01:39:18.640 23412 23425 D UiDevice: Retrieving node with selector: BySelector [SCROLLABLE='true'].
06-12 01:39:18.665  3386  3541 I MotoSoftApCheckin: onWifiNetworkStateChanged: 1
06-12 01:39:18.666  3386  3541 I MotoStaCheckin: onCapabilitiesChanged, Network ID: 122, Valid: true, NetworkCapabilities: [ Transports: WIFI Capabilities: NOT_METERED&INTERNET&NOT_RESTRICTED&TRUSTED&NOT_VPN&VALIDATED&NOT_ROAMING&FOREGROUND&NOT_CONGESTED&NOT_SUSPENDED&NOT_VCN_MANAGED&NOT_BANDWIDTH_CONSTRAINED LinkUpBandwidth>=19748Kbps LinkDnBandwidth>=58489Kbps TransportInfo: <SSID: "BTMZ69_5G", BSSID: 8c:6a:8d:a3:9d:60, MAC: ca:88:f4:5d:84:17, IP: /192.168.0.4, Security type: 4, Supplicant state: COMPLETED, Wi-Fi standard: 11ax, RSSI: -65, Link speed: 288Mbps, Tx Link speed: 288Mbps, Max Supported Tx Link speed: 1200Mbps, Calculated Tx : 166Mbps, Rx Link speed: 204Mbps, Max Supported Rx Link speed: 1200Mbps, Calculated Rx : 288Mbps, Frequency: 5280MHz, Net ID: 1, Metered hint: false, score: 100, isUsable: true, CarrierMerged: false, SubscriptionId: -1, IsPrimary: 1, Trusted: true, Restricted: false, Ephemeral: false, OEM paid: false, OEM private: false, OSU AP: false, FQDN: <none>, Provider friendly name: <none>, Requesting package name: <none>"BTMZ69_5G"wpa3-saeMLO Information: , Is TID-To-Link negotiation supported by the AP: false, AP MLD Address: <none>, AP MLO Link Id: <none>, AP MLO Affiliated links: <none>, Vendor Data: <none>> SignalStrength: -65 AdminUids: [10339] SSID: "BTMZ69_5G" UnderlyingNetworks: Null]
06-12 01:39:18.667  3386  4144 I HalDevMgr: bestIfaceCreationProposal is null, requestIface=STA, existingIface=[name=wlan0 type=STA]
06-12 01:39:18.668  3386  8757 I MotoStaCheckin: onWifiUsabilityStats, seqNum: 30214, isSameBssidAndFreq: true, RSSI: -65, isThroughputSufficient: true, LinkSpeed: 288 Mbps, RxLinkSpeed: 204 Mbps
06-12 01:39:18.668  3386  8757 I MotoStaCheckin: onWifiUsabilityStats, Duration: 401197879, Rx Good: 304 ( PPS: 0 ), Tx Good: 208, Tx Bad: 0 ( 0 % ), Tx Retry: 25 ( 10 % ), NSS: 2, Bandwidth: 2
06-12 01:39:18.669  3386  3386 D WiFiBlocklistController: Wifi onCapabilitiesChanged
06-12 01:39:18.669  3386  3386 D WiFiBlocklistController: Default net onCapabilitiesChanged
06-12 01:39:18.669  3386  3386 D WiFiBlocklistController: updateDefaultNet:122
06-12 01:39:18.669  3386  3386 D WiFiBlocklistController: mayUpdateNotification: shouldShow=false,UidsBlocked=false, net info=net:122,ifName=wlan0,securityType=4,isDefault=true,ssid="BTMZ69_5G",notificationId=0
06-12 01:39:18.672  4726  5381 D QCNEJ/NativeAidlConnector: -> SND notifyDefaultNetworkChanged(1)
06-12 01:39:18.672  4726  5381 D cneJni  : sendDefaultNwMsg start
06-12 01:39:18.673  4726  5381 D cneJni  : sendWifiStatus start
06-12 01:39:18.673  4598  5378 D txpwrJni: sendNetworkInfo start
06-12 01:39:18.673  4598  5378 D txpwrJni: sendNetworkInfo RatType 0
06-12 01:39:18.674  6519  8351 I ModemStats: [DataStallDetectService] onCapabilitiesChanged networkCapabilities=[ Transports: WIFI Capabilities: NOT_METERED&INTERNET&NOT_RESTRICTED&TRUSTED&NOT_VPN&VALIDATED&NOT_ROAMING&FOREGROUND&NOT_CONGESTED&NOT_SUSPENDED&NOT_VCN_MANAGED&NOT_BANDWIDTH_CONSTRAINED LinkUpBandwidth>=19748Kbps LinkDnBandwidth>=58489Kbps TransportInfo: <SSID: <unknown ssid>, BSSID: 02:00:00:00:00:00, MAC: 02:00:00:00:00:00, IP: /192.168.0.4, Security type: 4, Supplicant state: COMPLETED, Wi-Fi standard: 11ax, RSSI: -65, Link speed: 288Mbps, Tx Link speed: 288Mbps, Max Supported Tx Link speed: 1200Mbps, Calculated Tx : 166Mbps, Rx Link speed: 204Mbps, Max Supported Rx Link speed: 1200Mbps, Calculated Rx : 288Mbps, Frequency: 5280MHz, Net ID: -1, Metered hint: false, score: 100, isUsable: true, CarrierMerged: false, SubscriptionId: -1, IsPrimary: -1, Trusted: true, Restricted: false, Ephemeral: false, OEM paid: false, OEM private: false, OSU AP: false, FQDN: <none>, Provider friendly name: <none>, Requesting package name: <none><none>MLO Information: , Is TID-To-Link negotiation supported by the AP: false, AP MLD Address: <none>, AP MLO Link Id: <none>, AP MLO Affiliated links: <none>, Vendor Data: <none>> SignalStrength: -65 UnderlyingNetworks: Null]
06-12 01:39:18.674  6519  8351 I ModemStats: [DataStallDetectService] onCapabilitiesChanged NET_CAPABILITY_VALIDATED=true
06-12 01:39:18.674  6519  8351 I ModemStats: [DataStallDetectService] onCapabilitiesChanged mDataStallManager.mDataStallInstance=null
06-12 01:39:18.674  6519  8351 I ModemStats: [DataStallDetectService] onCapabilitiesChanged mDataStallSmart5gManager.mDataStallInstance=null
06-12 01:39:18.674  3386  4183 I EnhancedConnectivity: [DataStallService] NetworkCallback  isDataStallNetwork=false isLabCard=false
06-12 01:39:18.675 21190 21308 I BugleRcsEngine: handleMessage processing message:[NOTIFY_UPTIME_IGNORE_STATE_CHANGED] with [non-null]:RcsEngineImpl reference [CONTEXT log_prefix="RcsEngineImpl[DUAL_REG]:[01031263-d77e]>Handler" thread_id=245 ]
06-12 01:39:18.675 21190 21277 I BugleRcsEngine: Connected state: [1], networkType: [WIFI] [CONTEXT thread_id=238 ]
