06-12 01:39:42.836  3386  3541 I MotoStaCheckin: onCapabilitiesChanged, Network ID: 122, Valid: true, NetworkCapabilities: [ Transports: WIFI Capabilities: NOT_METERED&INTERNET&NOT_RESTRICTED&TRUSTED&NOT_VPN&VALIDATED&NOT_ROAMING&FOREGROUND&NOT_CONGESTED&NOT_SUSPENDED&NOT_VCN_MANAGED&NOT_BANDWIDTH_CONSTRAINED LinkUpBandwidth>=14569Kbps LinkDnBandwidth>=52872Kbps TransportInfo: <SSID: "BTMZ69_5G", BSSID: 8c:6a:8d:a3:9d:60, MAC: ca:88:f4:5d:84:17, IP: /192.168.0.4, Security type: 4, Supplicant state: COMPLETED, Wi-Fi standard: 11ax, RSSI: -66, Link speed: 216Mbps, Tx Link speed: 216Mbps, Max Supported Tx Link speed: 1200Mbps, Calculated Tx : 222Mbps, Rx Link speed: 216Mbps, Max Supported Rx Link speed: 1200Mbps, Calculated Rx : 203Mbps, Frequency: 5280MHz, Net ID: 1, Metered hint: false, score: 100, isUsable: true, CarrierMerged: false, SubscriptionId: -1, IsPrimary: 1, Trusted: true, Restricted: false, Ephemeral: false, OEM paid: false, OEM private: false, OSU AP: false, FQDN: <none>, Provider friendly name: <none>, Requesting package name: <none>"BTMZ69_5G"wpa3-saeMLO Information: , Is TID-To-Link negotiation supported by the AP: false, AP MLD Address: <none>, AP MLO Link Id: <none>, AP MLO Affiliated links: <none>, Vendor Data: <none>> SignalStrength: -66 AdminUids: [10339] SSID: "BTMZ69_5G" UnderlyingNetworks: Null]
06-12 01:39:42.837  3386  3386 D WiFiBlocklistController: Wifi onCapabilitiesChanged
06-12 01:39:42.843  3386  4144 I HalDevMgr: bestIfaceCreationProposal is null, requestIface=STA, existingIface=[name=wlan0 type=STA]
06-12 01:39:42.843  3386  8757 I MotoStaCheckin: onWifiUsabilityStats, seqNum: 30222, isSameBssidAndFreq: true, RSSI: -66, isThroughputSufficient: true, LinkSpeed: 216 Mbps, RxLinkSpeed: 216 Mbps
06-12 01:39:42.843  3386  8757 I MotoStaCheckin: onWifiUsabilityStats, Duration: 401222054, Rx Good: 150 ( PPS: 0 ), Tx Good: 106, Tx Bad: 0 ( 0 % ), Tx Retry: 19 ( 15 % ), NSS: 2, Bandwidth: 2
06-12 01:39:42.843  3386  3386 D WiFiBlocklistController: Default net onCapabilitiesChanged
06-12 01:39:42.843  3386  3386 D WiFiBlocklistController: updateDefaultNet:122
06-12 01:39:42.843  3386  3386 D WiFiBlocklistController: mayUpdateNotification: shouldShow=false,UidsBlocked=false, net info=net:122,ifName=wlan0,securityType=4,isDefault=true,ssid="BTMZ69_5G",notificationId=0
06-12 01:39:42.846  6519  8351 I ModemStats: [DataStallDetectService] onCapabilitiesChanged networkCapabilities=[ Transports: WIFI Capabilities: NOT_METERED&INTERNET&NOT_RESTRICTED&TRUSTED&NOT_VPN&VALIDATED&NOT_ROAMING&FOREGROUND&NOT_CONGESTED&NOT_SUSPENDED&NOT_VCN_MANAGED&NOT_BANDWIDTH_CONSTRAINED LinkUpBandwidth>=14569Kbps LinkDnBandwidth>=52872Kbps TransportInfo: <SSID: <unknown ssid>, BSSID: 02:00:00:00:00:00, MAC: 02:00:00:00:00:00, IP: /192.168.0.4, Security type: 4, Supplicant state: COMPLETED, Wi-Fi standard: 11ax, RSSI: -66, Link speed: 216Mbps, Tx Link speed: 216Mbps, Max Supported Tx Link speed: 1200Mbps, Calculated Tx : 222Mbps, Rx Link speed: 216Mbps, Max Supported Rx Link speed: 1200Mbps, Calculated Rx : 203Mbps, Frequency: 5280MHz, Net ID: -1, Metered hint: false, score: 100, isUsable: true, CarrierMerged: false, SubscriptionId: -1, IsPrimary: -1, Trusted: true, Restricted: false, Ephemeral: false, OEM paid: false, OEM private: false, OSU AP: false, FQDN: <none>, Provider friendly name: <none>, Requesting package name: <none><none>MLO Information: , Is TID-To-Link negotiation supported by the AP: false, AP MLD Address: <none>, AP MLO Link Id: <none>, AP MLO Affiliated links: <none>, Vendor Data: <none>> SignalStrength: -66 UnderlyingNetworks: Null]
06-12 01:39:42.846  6519  8351 I ModemStats: [DataStallDetectService] onCapabilitiesChanged NET_CAPABILITY_VALIDATED=true
06-12 01:39:42.846  6519  8351 I ModemStats: [DataStallDetectService] onCapabilitiesChanged mDataStallManager.mDataStallInstance=null
06-12 01:39:42.846  6519  8351 I ModemStats: [DataStallDetectService] onCapabilitiesChanged mDataStallSmart5gManager.mDataStallInstance=null
06-12 01:39:42.849 21190 21308 I BugleRcsEngine: handleMessage processing message:[NOTIFY_UPTIME_IGNORE_STATE_CHANGED] with [non-null]:RcsEngineImpl reference [CONTEXT log_prefix="RcsEngineImpl[DUAL_REG]:[01031263-d77e]>Handler" thread_id=245 ]
06-12 01:39:42.849 21190 21277 I BugleRcsEngine: Connected state: [1], networkType: [WIFI] [CONTEXT thread_id=238 ]
06-12 01:39:42.850  3386 15683 D FileUtils: Rounded bytes from 11859554304 to 16000000000
06-12 01:39:42.852  3386  4183 I EnhancedConnectivity: [DataStallService] NetworkCallback  isDataStallNetwork=false isLabCard=false
06-12 01:39:42.852  4726  5381 D cneJni  : sendWifiStatus start
06-12 01:39:42.847 23032 23081 D WM-WorkConstraintsTrack: NetworkRequestConstraintController onCapabilitiesChanged callback
06-12 01:39:42.859  3386  4153 D ConnectivityService: NetReassign [no changes] [c 0] [a 0] [i 5]
06-12 01:39:42.861  4598  5378 D txpwrJni: sendNetworkInfo start
06-12 01:39:42.861  4598  5378 D txpwrJni: sendNetworkInfo RatType 0
06-12 01:39:42.864   490   946 D WM-WorkConstraintsTrack: NetworkRequestConstraintController onCapabilitiesChanged callback
06-12 01:39:42.865  4726  5381 D QCNEJ/NativeAidlConnector: -> SND notifyDefaultNetworkChanged(1)
06-12 01:39:42.865  4726  5381 D cneJni  : sendDefaultNwMsg start
06-12 01:39:42.867   506  1386 I NearbyMediums: Wifi changed new SSID: <unknown ssid>
06-12 01:39:42.867   506  1386 I NearbyMediums: WifiLanConnectivityInfo is not changed, skip notify.
06-12 01:39:42.868 21190 21308 I BugleRcsEngine: Rcs is enabled from user settings: true [CONTEXT log_prefix="ProvisioningEngineDataRetriever" thread_id=245 ]
06-12 01:39:42.858  2778  2778 W qms     : type=1400 audit(0.0:335451): avc:  denied  { dac_read_search } for  capability=2  scontext=u:r:vendor_qms:s0 tcontext=u:r:vendor_qms:s0 tclass=capability permissive=0
06-12 01:39:42.858  2778  2778 W qms     : type=1400 audit(0.0:335452): avc:  denied  { dac_override } for  capability=1  scontext=u:r:vendor_qms:s0 tcontext=u:r:vendor_qms:s0 tclass=capability permissive=0
06-12 01:39:42.888  2343  5612 E PERF-LLLITE-LEARNER: PERF-LLLITE-LEARNER: getPid() 240: Failed to get pid for app_name android
06-12 01:39:42.942  2177  2337 I SDM     : DisplayBase::CommitThread: Received Idle Timeout, panel: video, timeout: 70000 us
06-12 01:39:42.979  2177  2337 I SDM     : HWDeviceDRM::SetupConcurrentWriteback: Tear down the Concurrent Writeback topology
06-12 01:39:43.017 22978 22984 W System  : A resource failed to call close.
06-12 01:39:43.017 22978 22984 W System  : A resource failed to call close.
06-12 01:39:43.080 23989 23994 I dex2oat64: Priority-to-niceness mapping: 19, 16, 13, 10, 0, -2, -4, -5, -6, -8
06-12 01:39:43.108 22978 23117 W System.err: FlagsHookHelper: skip hook flags method getInstanceHook
06-12 01:39:43.112 23989 23989 W dex2oat64: userfaultfd: MOVE is not supported on the device: Invalid argument
06-12 01:39:43.118 22978 23178 W NaviWarn: StackPtr is not 8-byte aligned.
06-12 01:39:43.119 23989 23989 I dex2oat64: Explicit concurrent mark compact GC freed 12MB AllocSpace bytes, 0(0B) LOS objects, 95% free, 1038KB/25MB, paused 14us,106us total 10.707ms
06-12 01:39:43.232  4473 15803 D IpClient/wlan0: addressUpdated: 2a02:8071:7861:1480:c888:f4ff:fe5d:8417/64 on ifindex 24 flags 0x00000100 scope 0
06-12 01:39:43.233  4473 15803 D IpClient/wlan0: addressUpdated: 2a02:8071:7861:1480:1ac2:7bae:a3d8:3edf/64 on ifindex 24 flags 0x00000001 scope 0
06-12 01:39:43.233  4473 15803 W AlarmManager: Unrecognized alarm listener com.android.networkstack.android.net.ip.IpClientLinkObserver$Dhcp6PdPreferredPrefixAlarmListener@67ff17e
06-12 01:39:43.235  4473 15803 D ApfFilter: (wlan0): Adding RA fe80::10:18ff:fea3:9d54 -> ff02::1 180s 2a02:8071:7861:1480::/64 86400s/86400s DNS 86400s 2a02:8071:7861:1480:10:18ff:fea3:9d54 RIO 180s ::/0
06-12 01:39:43.341 23989 23989 I dex2oat64: dex2oat took 1.117s (3.051s cpu) (threads: 6) arena alloc=16MB (17008936B) java alloc=1038KB (1063136B) native alloc=4588KB (4698768B) free=7090KB (7261136B) swap=16MB (16777216B)
06-12 01:39:43.355 18478 18480 I artd    : dex2oat returned code 0
06-12 01:39:43.360  3386  4399 D FileUtils: Rounded bytes from 11859554304 to 16000000000
06-12 01:39:43.362   506  1386 I NearbySharing: Network state changed: NetworkState(isRestricted=false, isOnline=true, isCongested=false, isMetered=false, isWifiConnected=true)
06-12 01:39:43.364  3386  8297 I ArtService: Dexopt result: [packageName = com.papernotes] DexContainerFileDexoptResult{dexContainerFile=/data/app/~~40EqDtKVkVMf2_zVRWAKDA==/com.papernotes-8jaWK_jQ1tbhbnuvlw5D4w==/base.apk, primaryAbi=true, abi=arm64-v8a, actualCompilerFilter=speed-profile, status=PERFORMED, dex2oatWallTimeMillis=1165, dex2oatCpuTimeMillis=3090, sizeBytes=5267408, sizeBeforeBytes=5267408, extendedStatusFlags=[]}
06-12 01:39:43.432  6373 23329 I MediaProvider: Invalidating LocalCallingIdentity cache for package com.papernotes.baselineprofile. Reason: owned_database_row_deleted:/storage/emulated/0/Android/media/com.papernotes.baselineprofile/temporaryScript_1320461836.sh
06-12 01:39:43.435  6373 23329 I MediaProvider: Deleted 0 0 0 0 0 0 1 items on external_primary due to com.android.shell
06-12 01:39:43.451  6373 22157 W MediaProvider: isAppCloneUserPair for user 0: false
06-12 01:39:43.456   506   563 I UriTaskContentObserver: (REDACTED) Throttling content uri change event for %s
06-12 01:39:43.559 18478 18480 I artd    : Running profman: /apex/com.android.art/bin/art_exec --drop-capabilities --keep-fds=6:7 -- /apex/com.android.art/bin/profman --reference-profile-file-fd=6 --apk-fd=7
06-12 01:39:43.559 18478 18480 I artd    : Opened FDs: 6:/data/misc/profiles/ref/com.papernotes/primary.prof 7:/data/app/~~40EqDtKVkVMf2_zVRWAKDA==/com.papernotes-8jaWK_jQ1tbhbnuvlw5D4w==/base.apk
06-12 01:39:43.596 18478 18480 I artd    : profman returned code 2
06-12 01:39:43.599 18478 20901 I artd    : Running profman: /apex/com.android.art/bin/art_exec --drop-capabilities --keep-fds=6:7:8:9 -- /apex/com.android.art/bin/profman --profile-file-fd=6 --profile-file-fd=7 --dump-output-to-fd=8 --apk-fd=9 --dump-classes-and-methods
06-12 01:39:43.599 18478 20901 I artd    : Opened FDs: 6:/data/misc/profiles/ref/com.papernotes/primary.prof 7:/data/misc/profiles/cur/0/com.papernotes/primary.prof 8:/data/misc/profiles/ref/com.papernotes/primary.prof.V30UNw.tmp 9:/data/app/~~40EqDtKVkVMf2_zVRWAKDA==/com.papernotes-8jaWK_jQ1tbhbnuvlw5D4w==/base.apk
06-12 01:39:43.695 18478 20901 I artd    : profman returned code 0
06-12 01:39:43.775  6373 25889 I MediaProvider: Invalidating LocalCallingIdentity cache for package com.papernotes.baselineprofile. Reason: owned_database_row_deleted:/storage/emulated/0/Android/media/com.papernotes.baselineprofile/temporaryScript_3711466921.sh
06-12 01:39:43.779  6373 25889 I MediaProvider: Deleted 0 0 0 0 0 0 1 items on external_primary due to com.android.shell
06-12 01:39:43.783 10282 23999 W adbd    : timed out while waiting for FUNCTIONFS_BIND, trying again
06-12 01:39:43.783 10282 23999 I adbd    : UsbFfs: connection terminated: monitor thread finished
06-12 01:39:43.796  6373 23329 W MediaProvider: isAppCloneUserPair for user 0: false
06-12 01:39:43.810   506   563 I UriTaskContentObserver: (REDACTED) Throttling content uri change event for %s
06-12 01:39:43.824 10282 10288 I adbd    : opening control endpoint /dev/usb-ffs/adb/ep0
06-12 01:39:43.864  3386  4989 D FileUtils: Rounded bytes from 11859554304 to 16000000000
06-12 01:39:43.891  8882  9062 E PT      : P1:0
06-12 01:39:43.906  6373 23329 I MediaProvider: Invalidating LocalCallingIdentity cache for package com.papernotes.baselineprofile. Reason: owned_database_row_deleted:/storage/emulated/0/Android/media/com.papernotes.baselineprofile/temporaryScript_3862586762.sh
06-12 01:39:43.913  2343  5612 E PERF-LLLITE-LEARNER: PERF-LLLITE-LEARNER: getPid() 240: Failed to get pid for app_name android
06-12 01:39:43.915  6373 23329 I MediaProvider: Deleted 0 0 0 0 0 0 1 items on external_primary due to com.android.shell
06-12 01:39:43.973  6373 23329 I MediaProvider: Deleted 0 0 0 0 0 0 0 items on external_primary due to com.papernotes.baselineprofile
06-12 01:39:44.337  3386  4153 D InetDiagMessage: Destroyed 0 sockets, proto=IPPROTO_TCP, family=AF_INET, states=14
06-12 01:39:44.338  3386  4153 D InetDiagMessage: Destroyed 0 sockets, proto=IPPROTO_TCP, family=AF_INET6, states=14
06-12 01:39:44.338  3386  4153 D InetDiagMessage: Destroyed live tcp sockets for uids={10132} in 2ms
06-12 01:39:44.339  3386  4153 D InetDiagMessage: Destroyed 0 sockets, proto=IPPROTO_TCP, family=AF_INET, states=14
06-12 01:39:44.340  3386  4153 D InetDiagMessage: Destroyed 0 sockets, proto=IPPROTO_TCP, family=AF_INET6, states=14
06-12 01:39:44.340  3386  4153 D InetDiagMessage: Destroyed live tcp sockets for uids={10179} in 2ms
06-12 01:39:44.447  3386  4153 D InetDiagMessage: Destroyed 0 sockets, proto=IPPROTO_TCP, family=AF_INET, states=14
06-12 01:39:44.448  3386  4153 D InetDiagMessage: Destroyed 0 sockets, proto=IPPROTO_TCP, family=AF_INET6, states=14
06-12 01:39:44.448  3386  4153 D InetDiagMessage: Destroyed live tcp sockets for uids={10180} in 2ms
06-12 01:39:44.449  3386  4153 D InetDiagMessage: Destroyed 0 sockets, proto=IPPROTO_TCP, family=AF_INET, states=14
06-12 01:39:44.450  3386  4153 D InetDiagMessage: Destroyed 0 sockets, proto=IPPROTO_TCP, family=AF_INET6, states=14
06-12 01:39:44.450  3386  4153 D InetDiagMessage: Destroyed live tcp sockets for uids={10199} in 2ms
06-12 01:39:44.451  3386  4153 D InetDiagMessage: Destroyed 0 sockets, proto=IPPROTO_TCP, family=AF_INET, states=14
06-12 01:39:44.452  3386  4153 D InetDiagMessage: Destroyed 0 sockets, proto=IPPROTO_TCP, family=AF_INET6, states=14
06-12 01:39:44.452  3386  4153 D InetDiagMessage: Destroyed live tcp sockets for uids={10203} in 1ms
06-12 01:39:44.452  3386  4153 D InetDiagMessage: Destroyed 0 sockets, proto=IPPROTO_TCP, family=AF_INET, states=14
06-12 01:39:44.453  3386  4153 D InetDiagMessage: Destroyed 0 sockets, proto=IPPROTO_TCP, family=AF_INET6, states=14
06-12 01:39:44.453  3386  4153 D InetDiagMessage: Destroyed live tcp sockets for uids={10211} in 1ms
06-12 01:39:44.454  3386  4153 D InetDiagMessage: Destroyed 0 sockets, proto=IPPROTO_TCP, family=AF_INET, states=14
06-12 01:39:44.455  3386  4153 D InetDiagMessage: Destroyed 0 sockets, proto=IPPROTO_TCP, family=AF_INET6, states=14
06-12 01:39:44.455  3386  4153 D InetDiagMessage: Destroyed live tcp sockets for uids={10225} in 2ms
06-12 01:39:44.456  3386  4153 D InetDiagMessage: Destroyed 0 sockets, proto=IPPROTO_TCP, family=AF_INET, states=14
06-12 01:39:44.456  3386  4153 D InetDiagMessage: Destroyed 0 sockets, proto=IPPROTO_TCP, family=AF_INET6, states=14
06-12 01:39:44.456  3386  4153 D InetDiagMessage: Destroyed live tcp sockets for uids={10231} in 1ms
06-12 01:39:44.457  3386  4153 D InetDiagMessage: Destroyed 0 sockets, proto=IPPROTO_TCP, family=AF_INET, states=14
06-12 01:39:44.458  3386  4153 D InetDiagMessage: Destroyed 0 sockets, proto=IPPROTO_TCP, family=AF_INET6, states=14
06-12 01:39:44.458  3386  4153 D InetDiagMessage: Destroyed live tcp sockets for uids={10240} in 2ms
06-12 01:39:44.459  3386  4153 D InetDiagMessage: Destroyed 0 sockets, proto=IPPROTO_TCP, family=AF_INET, states=14
06-12 01:39:44.460  3386  4153 D InetDiagMessage: Destroyed 0 sockets, proto=IPPROTO_TCP, family=AF_INET6, states=14
06-12 01:39:44.460  3386  4153 D InetDiagMessage: Destroyed live tcp sockets for uids={10244} in 2ms
06-12 01:39:44.461  3386  4153 D InetDiagMessage: Destroyed 0 sockets, proto=IPPROTO_TCP, family=AF_INET, states=14
06-12 01:39:44.461  3386  4153 D InetDiagMessage: Destroyed 0 sockets, proto=IPPROTO_TCP, family=AF_INET6, states=14
06-12 01:39:44.462  3386  4153 D InetDiagMessage: Destroyed live tcp sockets for uids={10250} in 1ms
06-12 01:39:44.462  3386  4153 D InetDiagMessage: Destroyed 0 sockets, proto=IPPROTO_TCP, family=AF_INET, states=14
06-12 01:39:44.463  3386  4153 D InetDiagMessage: Destroyed 0 sockets, proto=IPPROTO_TCP, family=AF_INET6, states=14
06-12 01:39:44.463  3386  4153 D InetDiagMessage: Destroyed live tcp sockets for uids={10259} in 2ms
06-12 01:39:44.464  3386  4153 D InetDiagMessage: Destroyed 0 sockets, proto=IPPROTO_TCP, family=AF_INET, states=14
06-12 01:39:44.465  3386  4153 D InetDiagMessage: Destroyed 0 sockets, proto=IPPROTO_TCP, family=AF_INET6, states=14
06-12 01:39:44.465  3386  4153 D InetDiagMessage: Destroyed live tcp sockets for uids={10266} in 2ms
06-12 01:39:44.466  3386  4153 D InetDiagMessage: Destroyed 0 sockets, proto=IPPROTO_TCP, family=AF_INET, states=14
06-12 01:39:44.466  3386  4153 D InetDiagMessage: Destroyed 0 sockets, proto=IPPROTO_TCP, family=AF_INET6, states=14
06-12 01:39:44.466  3386  4153 D InetDiagMessage: Destroyed live tcp sockets for uids={10285} in 1ms
06-12 01:39:44.467  3386  4153 D InetDiagMessage: Destroyed 0 sockets, proto=IPPROTO_TCP, family=AF_INET, states=14
06-12 01:39:44.468  3386  4153 D InetDiagMessage: Destroyed 0 sockets, proto=IPPROTO_TCP, family=AF_INET6, states=14
06-12 01:39:44.468  3386  4153 D InetDiagMessage: Destroyed live tcp sockets for uids={10286} in 2ms
06-12 01:39:44.469  3386  4153 D InetDiagMessage: Destroyed 0 sockets, proto=IPPROTO_TCP, family=AF_INET, states=14
06-12 01:39:44.469  3386  4153 D InetDiagMessage: Destroyed 0 sockets, proto=IPPROTO_TCP, family=AF_INET6, states=14
06-12 01:39:44.470  3386  4153 D InetDiagMessage: Destroyed live tcp sockets for uids={10322} in 1ms
06-12 01:39:44.470  3386  4153 D InetDiagMessage: Destroyed 0 sockets, proto=IPPROTO_TCP, family=AF_INET, states=14
06-12 01:39:44.471  3386  4153 D InetDiagMessage: Destroyed 0 sockets, proto=IPPROTO_TCP, family=AF_INET6, states=14
06-12 01:39:44.471  3386  4153 D InetDiagMessage: Destroyed live tcp sockets for uids={10328} in 2ms
06-12 01:39:44.472  3386  4153 D InetDiagMessage: Destroyed 0 sockets, proto=IPPROTO_TCP, family=AF_INET, states=14
06-12 01:39:44.473  3386  4153 D InetDiagMessage: Destroyed 0 sockets, proto=IPPROTO_TCP, family=AF_INET6, states=14
06-12 01:39:44.473  3386  4153 D InetDiagMessage: Destroyed live tcp sockets for uids={10365} in 1ms
06-12 01:39:44.474  3386  4153 D InetDiagMessage: Destroyed 11 sockets, proto=IPPROTO_TCP, family=AF_INET, states=14
06-12 01:39:44.475  3386  4153 D InetDiagMessage: Destroyed 0 sockets, proto=IPPROTO_TCP, family=AF_INET6, states=14
06-12 01:39:44.475  3386  4153 D InetDiagMessage: Destroyed live tcp sockets for uids={10386} in 2ms
06-12 01:39:44.659 31883 24040 I GmscoreIpa: Starting mediastore instant index [CONTEXT service_id=255 ]
06-12 01:39:44.829 10282 24031 W adbd    : timed out while waiting for FUNCTIONFS_BIND, trying again
06-12 01:39:44.829 10282 24031 I adbd    : UsbFfs: connection terminated: monitor thread finished
06-12 01:39:44.924  2343  5612 E PERF-LLLITE-LEARNER: PERF-LLLITE-LEARNER: getPid() 240: Failed to get pid for app_name android
06-12 01:39:44.939 23412 23425 D Benchmark: Unstable profiles during iteration 2
06-12 01:39:44.939 23412 23425 D Benchmark: Killing package com.papernotes
06-12 01:39:44.940 23412 23425 D Benchmark: Flushing ART profiles for com.papernotes
06-12 01:39:44.969 10282 10288 I adbd    : opening control endpoint /dev/usb-ffs/adb/ep0
06-12 01:39:45.015  2176  3977 D slpi-STK3BFX: Prox Cal complete, Cause TC, New PDATA 1187, DALTA 485, PILT 1419, PIHT 1647
06-12 01:39:45.073  2176  3977 D slpi    : stk6b9x_als_notify:: Lux = 0, raw data = 0, 1, 0, 0 scale = 1043
06-12 01:39:45.149  3386  4153 D InetDiagMessage: Destroyed 0 sockets, proto=IPPROTO_TCP, family=AF_INET, states=14
06-12 01:39:45.151  3386  4153 D InetDiagMessage: Destroyed 0 sockets, proto=IPPROTO_TCP, family=AF_INET6, states=14
06-12 01:39:45.151  3386  4153 D InetDiagMessage: Destroyed live tcp sockets for uids={10387} in 4ms
06-12 01:39:45.165  2176  3977 D slpi    : stk6b9x_als_notify:: Lux = 0, raw data = 0, 0, 0, 0 scale = 1043
06-12 01:39:45.211  3386  4153 D InetDiagMessage: Destroyed 0 sockets, proto=IPPROTO_TCP, family=AF_INET, states=14
06-12 01:39:45.214  3386  4153 D InetDiagMessage: Destroyed 0 sockets, proto=IPPROTO_TCP, family=AF_INET6, states=14
06-12 01:39:45.214  3386  4153 D InetDiagMessage: Destroyed live tcp sockets for uids={10398} in 4ms
06-12 01:39:45.307  3386  4153 D InetDiagMessage: Destroyed 0 sockets, proto=IPPROTO_TCP, family=AF_INET, states=14
06-12 01:39:45.309  3386  4153 D InetDiagMessage: Destroyed 0 sockets, proto=IPPROTO_TCP, family=AF_INET6, states=14
06-12 01:39:45.309  3386  4153 D InetDiagMessage: Destroyed live tcp sockets for uids={10406} in 4ms
06-12 01:39:45.310  3386  4153 D InetDiagMessage: Destroyed 0 sockets, proto=IPPROTO_TCP, family=AF_INET, states=14
06-12 01:39:45.312  3386  4153 D InetDiagMessage: Destroyed 0 sockets, proto=IPPROTO_TCP, family=AF_INET6, states=14
06-12 01:39:45.312  3386  4153 D InetDiagMessage: Destroyed live tcp sockets for uids={10425} in 2ms
06-12 01:39:45.312  3386  4153 D InetDiagMessage: Destroyed 0 sockets, proto=IPPROTO_TCP, family=AF_INET, states=14
06-12 01:39:45.313  3386  4153 D InetDiagMessage: Destroyed 0 sockets, proto=IPPROTO_TCP, family=AF_INET6, states=14
06-12 01:39:45.313  3386  4153 D InetDiagMessage: Destroyed live tcp sockets for uids={10456} in 1ms
06-12 01:39:45.718  2176  3977 D slpi    : stk6b9x_als_notify:: Lux = 0, raw data = 1, 1, 1, 0 scale = 1043
06-12 01:39:45.812  2176  3977 D slpi    : stk6b9x_als_notify:: Lux = 0, raw data = 0, 0, 1, 0 scale = 1043
06-12 01:39:45.864  3386  3541 I MotoSoftApCheckin: onWifiNetworkStateChanged: 1
06-12 01:39:45.864  3386  3541 I MotoStaCheckin: onCapabilitiesChanged, Network ID: 122, Valid: true, NetworkCapabilities: [ Transports: WIFI Capabilities: NOT_METERED&INTERNET&NOT_RESTRICTED&TRUSTED&NOT_VPN&VALIDATED&NOT_ROAMING&FOREGROUND&NOT_CONGESTED&NOT_SUSPENDED&NOT_VCN_MANAGED&NOT_BANDWIDTH_CONSTRAINED LinkUpBandwidth>=19748Kbps LinkDnBandwidth>=58916Kbps TransportInfo: <SSID: "BTMZ69_5G", BSSID: 8c:6a:8d:a3:9d:60, MAC: ca:88:f4:5d:84:17, IP: /192.168.0.4, Security type: 4, Supplicant state: COMPLETED, Wi-Fi standard: 11ax, RSSI: -65, Link speed: 216Mbps, Tx Link speed: 216Mbps, Max Supported Tx Link speed: 1200Mbps, Calculated Tx : 172Mbps, Rx Link speed: 216Mbps, Max Supported Rx Link speed: 1200Mbps, Calculated Rx : 203Mbps, Frequency: 5280MHz, Net ID: 1, Metered hint: false, score: 100, isUsable: true, CarrierMerged: false, SubscriptionId: -1, IsPrimary: 1, Trusted: true, Restricted: false, Ephemeral: false, OEM paid: false, OEM private: false, OSU AP: false, FQDN: <none>, Provider friendly name: <none>, Requesting package name: <none>"BTMZ69_5G"wpa3-saeMLO Information: , Is TID-To-Link negotiation supported by the AP: false, AP MLD Address: <none>, AP MLO Link Id: <none>, AP MLO Affiliated links: <none>, Vendor Data: <none>> SignalStrength: -65 AdminUids: [10339] SSID: "BTMZ69_5G" UnderlyingNetworks: Null]
06-12 01:39:45.866  3386  4144 I HalDevMgr: bestIfaceCreationProposal is null, requestIface=STA, existingIface=[name=wlan0 type=STA]
06-12 01:39:45.868  3386  8757 I MotoStaCheckin: onWifiUsabilityStats, seqNum: 30223, isSameBssidAndFreq: true, RSSI: -65, isThroughputSufficient: true, LinkSpeed: 216 Mbps, RxLinkSpeed: 216 Mbps
06-12 01:39:45.869  3386  3386 D WiFiBlocklistController: Wifi onCapabilitiesChanged
06-12 01:39:45.869  3386  3386 D WiFiBlocklistController: Default net onCapabilitiesChanged
06-12 01:39:45.869  3386  3386 D WiFiBlocklistController: updateDefaultNet:122
06-12 01:39:45.869  3386  3386 D WiFiBlocklistController: mayUpdateNotification: shouldShow=false,UidsBlocked=false, net info=net:122,ifName=wlan0,securityType=4,isDefault=true,ssid="BTMZ69_5G",notificationId=0
06-12 01:39:45.870  3386  8757 I MotoStaCheckin: onWifiUsabilityStats, Duration: 401225080, Rx Good: 96 ( PPS: 0 ), Tx Good: 81, Tx Bad: 0 ( 0 % ), Tx Retry: 18 ( 18 % ), NSS: 2, Bandwidth: 2
06-12 01:39:45.871  4726  5381 D QCNEJ/NativeAidlConnector: -> SND notifyDefaultNetworkChanged(1)
06-12 01:39:45.872  4726  5381 D cneJni  : sendDefaultNwMsg start
06-12 01:39:45.874  4726  5381 D cneJni  : sendWifiStatus start
06-12 01:39:45.875 23032 23081 D WM-WorkConstraintsTrack: NetworkRequestConstraintController onCapabilitiesChanged callback
06-12 01:39:45.876 21190 21308 I BugleRcsEngine: handleMessage processing message:[NOTIFY_UPTIME_IGNORE_STATE_CHANGED] with [non-null]:RcsEngineImpl reference [CONTEXT log_prefix="RcsEngineImpl[DUAL_REG]:[01031263-d77e]>Handler" thread_id=245 ]
06-12 01:39:45.876  6519  8351 I ModemStats: [DataStallDetectService] onCapabilitiesChanged networkCapabilities=[ Transports: WIFI Capabilities: NOT_METERED&INTERNET&NOT_RESTRICTED&TRUSTED&NOT_VPN&VALIDATED&NOT_ROAMING&FOREGROUND&NOT_CONGESTED&NOT_SUSPENDED&NOT_VCN_MANAGED&NOT_BANDWIDTH_CONSTRAINED LinkUpBandwidth>=19748Kbps LinkDnBandwidth>=58916Kbps TransportInfo: <SSID: <unknown ssid>, BSSID: 02:00:00:00:00:00, MAC: 02:00:00:00:00:00, IP: /192.168.0.4, Security type: 4, Supplicant state: COMPLETED, Wi-Fi standard: 11ax, RSSI: -65, Link speed: 216Mbps, Tx Link speed: 216Mbps, Max Supported Tx Link speed: 1200Mbps, Calculated Tx : 172Mbps, Rx Link speed: 216Mbps, Max Supported Rx Link speed: 1200Mbps, Calculated Rx : 203Mbps, Frequency: 5280MHz, Net ID: -1, Metered hint: false, score: 100, isUsable: true, CarrierMerged: false, SubscriptionId: -1, IsPrimary: -1, Trusted: true, Restricted: false, Ephemeral: false, OEM paid: false, OEM private: false, OSU AP: false, FQDN: <none>, Provider friendly name: <none>, Requesting package name: <none><none>MLO Information: , Is TID-To-Link negotiation supported by the AP: false, AP MLD Address: <none>, AP MLO Link Id: <none>, AP MLO Affiliated links: <none>, Vendor Data: <none>> SignalStrength: -65 UnderlyingNetworks: Null]
06-12 01:39:45.877 21190 21277 I BugleRcsEngine: Connected state: [1], networkType: [WIFI] [CONTEXT thread_id=238 ]
06-12 01:39:45.877  4598  5378 D txpwrJni: sendNetworkInfo start
06-12 01:39:45.877  4598  5378 D txpwrJni: sendNetworkInfo RatType 0
06-12 01:39:45.877  6519  8351 I ModemStats: [DataStallDetectService] onCapabilitiesChanged NET_CAPABILITY_VALIDATED=true
06-12 01:39:45.877  6519  8351 I ModemStats: [DataStallDetectService] onCapabilitiesChanged mDataStallManager.mDataStallInstance=null
06-12 01:39:45.877  6519  8351 I ModemStats: [DataStallDetectService] onCapabilitiesChanged mDataStallSmart5gManager.mDataStallInstance=null
06-12 01:39:45.878  3386  4183 I EnhancedConnectivity: [DataStallService] NetworkCallback  isDataStallNetwork=false isLabCard=false
06-12 01:39:45.881   490   946 D WM-WorkConstraintsTrack: NetworkRequestConstraintController onCapabilitiesChanged callback
06-12 01:39:45.882  3386  4153 D ConnectivityService: NetReassign [no changes] [c 0] [a 0] [i 0]
06-12 01:39:45.882   506  1386 I NearbyMediums: Wifi changed new SSID: <unknown ssid>
06-12 01:39:45.883   506  1386 I NearbyMediums: WifiLanConnectivityInfo is not changed, skip notify.
06-12 01:39:45.878  2778  2778 W qms     : type=1400 audit(0.0:335453): avc:  denied  { dac_read_search } for  capability=2  scontext=u:r:vendor_qms:s0 tcontext=u:r:vendor_qms:s0 tclass=capability permissive=0
06-12 01:39:45.878  2778  2778 W qms     : type=1400 audit(0.0:335454): avc:  denied  { dac_override } for  capability=1  scontext=u:r:vendor_qms:s0 tcontext=u:r:vendor_qms:s0 tclass=capability permissive=0
06-12 01:39:45.884 21190 21308 I BugleRcsEngine: Rcs is enabled from user settings: true [CONTEXT log_prefix="ProvisioningEngineDataRetriever" thread_id=245 ]
06-12 01:39:45.975 10282 24043 W adbd    : timed out while waiting for FUNCTIONFS_BIND, trying again
06-12 01:39:45.976 10282 24043 I adbd    : UsbFfs: connection terminated: monitor thread finished
06-12 01:39:45.977  2343  5612 E PERF-LLLITE-LEARNER: PERF-LLLITE-LEARNER: getPid() 240: Failed to get pid for app_name android
06-12 01:39:45.980  2177  2337 I SDM     : DisplayBase::CommitThread: Received Idle Timeout, panel: video, timeout: 69999 us
06-12 01:39:46.004 10282 10288 I adbd    : opening control endpoint /dev/usb-ffs/adb/ep0
06-12 01:39:46.015  2681  2681 I CNSS    : /sys/wifi/dump_in_progress doesn't exist
06-12 01:39:46.016  2681  2681 I CNSS    : /sys/wifi/max_chipset_log_size doesn't exist
06-12 01:39:46.020  2177  2337 I SDM     : HWDeviceDRM::SetupConcurrentWriteback: Tear down the Concurrent Writeback topology
06-12 01:39:46.078  2778  2778 W qms     : type=1400 audit(0.0:335455): avc:  denied  { dac_read_search } for  capability=2  scontext=u:r:vendor_qms:s0 tcontext=u:r:vendor_qms:s0 tclass=capability permissive=0
06-12 01:39:46.078  2778  2778 W qms     : type=1400 audit(0.0:335456): avc:  denied  { dac_override } for  capability=1  scontext=u:r:vendor_qms:s0 tcontext=u:r:vendor_qms:s0 tclass=capability permissive=0
06-12 01:39:46.124  2199  2223 I android.hardware.thermal-service.qti: Sensor Name: skin temp: 27.863. prev severity:1. cur severity:0 New severity:0
06-12 01:39:46.205  4473 15803 D IpClient/wlan0: addressUpdated: 2a02:8071:7861:1480:c888:f4ff:fe5d:8417/64 on ifindex 24 flags 0x00000100 scope 0
06-12 01:39:46.206  4473 15803 D IpClient/wlan0: addressUpdated: 2a02:8071:7861:1480:1ac2:7bae:a3d8:3edf/64 on ifindex 24 flags 0x00000001 scope 0
06-12 01:39:46.207  4473 15803 W AlarmManager: Unrecognized alarm listener com.android.networkstack.android.net.ip.IpClientLinkObserver$Dhcp6PdPreferredPrefixAlarmListener@67ff17e
06-12 01:39:46.209  4473 15803 D ApfFilter: (wlan0): Ignoring RA RA fe80::10:18ff:fea3:9d54 -> ff02::1 180s 2a02:8071:7861:1480::/64 86400s/86400s DNS 86400s 2a02:8071:7861:1480:10:18ff:fea3:9d54 RIO 180s ::/0  which matches RA fe80::10:18ff:fea3:9d54 -> ff02::1 180s 2a02:8071:7861:1480::/64 86400s/86400s DNS 86400s 2a02:8071:7861:1480:10:18ff:fea3:9d54 RIO 180s ::/0
06-12 01:39:46.384   506  1386 I NearbySharing: Network state changed: NetworkState(isRestricted=false, isOnline=true, isCongested=false, isMetered=false, isWifiConnected=true)
06-12 01:39:46.891  8882  9062 E PT      : P1:0
06-12 01:39:47.009 10282 24046 W adbd    : timed out while waiting for FUNCTIONFS_BIND, trying again
06-12 01:39:47.010 10282 24046 I adbd    : UsbFfs: connection terminated: monitor thread finished
06-12 01:39:47.033 10282 10288 I adbd    : opening control endpoint /dev/usb-ffs/adb/ep0
06-12 01:39:47.035  2343  5612 E PERF-LLLITE-LEARNER: PERF-LLLITE-LEARNER: getPid() 240: Failed to get pid for app_name android
06-12 01:39:48.039 10282 24048 W adbd    : timed out while waiting for FUNCTIONFS_BIND, trying again
06-12 01:39:48.039 10282 24048 I adbd    : UsbFfs: connection terminated: monitor thread finished
06-12 01:39:48.056 10282 10288 I adbd    : opening control endpoint /dev/usb-ffs/adb/ep0
06-12 01:39:48.092  2343  5612 E PERF-LLLITE-LEARNER: PERF-LLLITE-LEARNER: getPid() 240: Failed to get pid for app_name android
06-12 01:39:48.704  8882  8882 E ThermalEngine: thermal-engine lockup detected count=1:prev_count=1
06-12 01:39:48.885  3386  3541 I MotoSoftApCheckin: onWifiNetworkStateChanged: 1
06-12 01:39:48.885  3386  3541 I MotoStaCheckin: onCapabilitiesChanged, Network ID: 122, Valid: true, NetworkCapabilities: [ Transports: WIFI Capabilities: NOT_METERED&INTERNET&NOT_RESTRICTED&TRUSTED&NOT_VPN&VALIDATED&NOT_ROAMING&FOREGROUND&NOT_CONGESTED&NOT_SUSPENDED&NOT_VCN_MANAGED&NOT_BANDWIDTH_CONSTRAINED LinkUpBandwidth>=19748Kbps LinkDnBandwidth>=58916Kbps TransportInfo: <SSID: "BTMZ69_5G", BSSID: 8c:6a:8d:a3:9d:60, MAC: ca:88:f4:5d:84:17, IP: /192.168.0.4, Security type: 4, Supplicant state: COMPLETED, Wi-Fi standard: 11ax, RSSI: -65, Link speed: 216Mbps, Tx Link speed: 216Mbps, Max Supported Tx Link speed: 1200Mbps, Calculated Tx : 166Mbps, Rx Link speed: 288Mbps, Max Supported Rx Link speed: 1200Mbps, Calculated Rx : 203Mbps, Frequency: 5280MHz, Net ID: 1, Metered hint: false, score: 100, isUsable: true, CarrierMerged: false, SubscriptionId: -1, IsPrimary: 1, Trusted: true, Restricted: false, Ephemeral: false, OEM paid: false, OEM private: false, OSU AP: false, FQDN: <none>, Provider friendly name: <none>, Requesting package name: <none>"BTMZ69_5G"wpa3-saeMLO Information: , Is TID-To-Link negotiation supported by the AP: false, AP MLD Address: <none>, AP MLO Link Id: <none>, AP MLO Affiliated links: <none>, Vendor Data: <none>> SignalStrength: -65 AdminUids: [10339] SSID: "BTMZ69_5G" UnderlyingNetworks: Null]
06-12 01:39:48.890  3386  3386 D WiFiBlocklistController: Wifi onCapabilitiesChanged
06-12 01:39:48.890  3386  3386 D WiFiBlocklistController: Default net onCapabilitiesChanged
06-12 01:39:48.890  3386  3386 D WiFiBlocklistController: updateDefaultNet:122
06-12 01:39:48.890  3386  3386 D WiFiBlocklistController: mayUpdateNotification: shouldShow=false,UidsBlocked=false, net info=net:122,ifName=wlan0,securityType=4,isDefault=true,ssid="BTMZ69_5G",notificationId=0
06-12 01:39:48.891  3386  4144 I HalDevMgr: bestIfaceCreationProposal is null, requestIface=STA, existingIface=[name=wlan0 type=STA]
06-12 01:39:48.893  4726  5381 D cneJni  : sendWifiStatus start
06-12 01:39:48.894  3386  4183 I EnhancedConnectivity: [DataStallService] NetworkCallback  isDataStallNetwork=false isLabCard=false
06-12 01:39:48.895  3386  8757 I MotoStaCheckin: onWifiUsabilityStats, seqNum: 30224, isSameBssidAndFreq: true, RSSI: -65, isThroughputSufficient: true, LinkSpeed: 216 Mbps, RxLinkSpeed: 288 Mbps
06-12 01:39:48.895  3386  8757 I MotoStaCheckin: onWifiUsabilityStats, Duration: 401228106, Rx Good: 34 ( PPS: 0 ), Tx Good: 36, Tx Bad: 0 ( 0 % ), Tx Retry: 8 ( 18 % ), NSS: 2, Bandwidth: 2
06-12 01:39:48.896  4726  5381 D QCNEJ/NativeAidlConnector: -> SND notifyDefaultNetworkChanged(1)
06-12 01:39:48.896  4598  5378 D txpwrJni: sendNetworkInfo start
06-12 01:39:48.896  4726  5381 D cneJni  : sendDefaultNwMsg start
06-12 01:39:48.896  4598  5378 D txpwrJni: sendNetworkInfo RatType 0
06-12 01:39:48.897  6519  8351 I ModemStats: [DataStallDetectService] onCapabilitiesChanged networkCapabilities=[ Transports: WIFI Capabilities: NOT_METERED&INTERNET&NOT_RESTRICTED&TRUSTED&NOT_VPN&VALIDATED&NOT_ROAMING&FOREGROUND&NOT_CONGESTED&NOT_SUSPENDED&NOT_VCN_MANAGED&NOT_BANDWIDTH_CONSTRAINED LinkUpBandwidth>=19748Kbps LinkDnBandwidth>=58916Kbps TransportInfo: <SSID: <unknown ssid>, BSSID: 02:00:00:00:00:00, MAC: 02:00:00:00:00:00, IP: /192.168.0.4, Security type: 4, Supplicant state: COMPLETED, Wi-Fi standard: 11ax, RSSI: -65, Link speed: 216Mbps, Tx Link speed: 216Mbps, Max Supported Tx Link speed: 1200Mbps, Calculated Tx : 166Mbps, Rx Link speed: 288Mbps, Max Supported Rx Link speed: 1200Mbps, Calculated Rx : 203Mbps, Frequency: 5280MHz, Net ID: -1, Metered hint: false, score: 100, isUsable: true, CarrierMerged: false, SubscriptionId: -1, IsPrimary: -1, Trusted: true, Restricted: false, Ephemeral: false, OEM paid: false, OEM private: false, OSU AP: false, FQDN: <none>, Provider friendly name: <none>, Requesting package name: <none><none>MLO Information: , Is TID-To-Link negotiation supported by the AP: false, AP MLD Address: <none>, AP MLO Link Id: <none>, AP MLO Affiliated links: <none>, Vendor Data: <none>> SignalStrength: -65 UnderlyingNetworks: Null]
06-12 01:39:48.898  6519  8351 I ModemStats: [DataStallDetectService] onCapabilitiesChanged NET_CAPABILITY_VALIDATED=true
06-12 01:39:48.898  6519  8351 I ModemStats: [DataStallDetectService] onCapabilitiesChanged mDataStallManager.mDataStallInstance=null
06-12 01:39:48.898  6519  8351 I ModemStats: [DataStallDetectService] onCapabilitiesChanged mDataStallSmart5gManager.mDataStallInstance=null
06-12 01:39:48.898 21190 21277 I BugleRcsEngine: Connected state: [1], networkType: [WIFI] [CONTEXT thread_id=238 ]
06-12 01:39:48.894  2778  2778 W qms     : type=1400 audit(0.0:335457): avc:  denied  { dac_read_search } for  capability=2  scontext=u:r:vendor_qms:s0 tcontext=u:r:vendor_qms:s0 tclass=capability permissive=0
06-12 01:39:48.894  2778  2778 W qms     : type=1400 audit(0.0:335458): avc:  denied  { dac_override } for  capability=1  scontext=u:r:vendor_qms:s0 tcontext=u:r:vendor_qms:s0 tclass=capability permissive=0
06-12 01:39:48.900 21190 21308 I BugleRcsEngine: handleMessage processing message:[NOTIFY_UPTIME_IGNORE_STATE_CHANGED] with [non-null]:RcsEngineImpl reference [CONTEXT log_prefix="RcsEngineImpl[DUAL_REG]:[01031263-d77e]>Handler" thread_id=245 ]
06-12 01:39:48.901   490   946 D WM-WorkConstraintsTrack: NetworkRequestConstraintController onCapabilitiesChanged callback
06-12 01:39:48.902 23032 23081 D WM-WorkConstraintsTrack: NetworkRequestConstraintController onCapabilitiesChanged callback
06-12 01:39:48.903  3386  4153 D ConnectivityService: NetReassign [no changes] [c 1] [a 0] [i 0]
06-12 01:39:48.903   506 27598 I NearbyMediums: Wifi changed new SSID: <unknown ssid>
06-12 01:39:48.903   506 27598 I NearbyMediums: WifiLanConnectivityInfo is not changed, skip notify.
06-12 01:39:48.907 21190 21308 I BugleRcsEngine: Rcs is enabled from user settings: true [CONTEXT log_prefix="ProvisioningEngineDataRetriever" thread_id=245 ]
06-12 01:39:49.061 10282 24049 W adbd    : timed out while waiting for FUNCTIONFS_BIND, trying again
06-12 01:39:49.061 10282 24049 I adbd    : UsbFfs: connection terminated: monitor thread finished
06-12 01:39:49.080 10282 10288 I adbd    : opening control endpoint /dev/usb-ffs/adb/ep0
06-12 01:39:49.131  2343  5612 E PERF-LLLITE-LEARNER: PERF-LLLITE-LEARNER: getPid() 240: Failed to get pid for app_name android
06-12 01:39:49.280  4473 15803 D IpClient/wlan0: addressUpdated: 2a02:8071:7861:1480:c888:f4ff:fe5d:8417/64 on ifindex 24 flags 0x00000100 scope 0
06-12 01:39:49.280  4473 15803 D IpClient/wlan0: addressUpdated: 2a02:8071:7861:1480:1ac2:7bae:a3d8:3edf/64 on ifindex 24 flags 0x00000001 scope 0
06-12 01:39:49.281  4473 15803 W AlarmManager: Unrecognized alarm listener com.android.networkstack.android.net.ip.IpClientLinkObserver$Dhcp6PdPreferredPrefixAlarmListener@67ff17e
06-12 01:39:49.285  4473 15803 D ApfFilter: (wlan0): Ignoring RA RA fe80::10:18ff:fea3:9d54 -> ff02::1 180s 2a02:8071:7861:1480::/64 86400s/86400s DNS 86400s 2a02:8071:7861:1480:10:18ff:fea3:9d54 RIO 180s ::/0  which matches RA fe80::10:18ff:fea3:9d54 -> ff02::1 180s 2a02:8071:7861:1480::/64 86400s/86400s DNS 86400s 2a02:8071:7861:1480:10:18ff:fea3:9d54 RIO 180s ::/0
06-12 01:39:49.406   506 27598 I NearbySharing: Network state changed: NetworkState(isRestricted=false, isOnline=true, isCongested=false, isMetered=false, isWifiConnected=true)
06-12 01:39:49.891  8882  9062 E PT      : P1:0
06-12 01:39:49.993 23412 23425 D Benchmark: Compile iteration (3) for com.papernotes
06-12 01:39:49.995 23412 23425 D UiDevice: Pressing home button.
06-12 01:39:50.027  3386  3470 D WindowManager: startDockOrHome: startReason= startDockOrHome
06-12 01:39:50.027  4368  4368 I vol.VolumeDialogImpl: mDialog.dismiss() reason: volume_controller from: com.android.systemui.volume.VolumeDialogImpl$10.onDismissRequested:3 displayId: 0 mShowing: false mIsAnimatingDismiss: false
06-12 01:39:50.035  3386  3541 D MotoPerf: setAffinity_native: for tid:2567 setting cpu mask 248
06-12 01:39:50.035  3386  3541 D MotoPerf: setAffinity_native: for tid:2619 setting cpu mask 248
06-12 01:39:50.036  3386  3470 V GrammaticalInflectionUtils: AttributionSource: android.content.AttributionSource@1d866a8e does not have READ_SYSTEM_GRAMMATICAL_GENDER permission.
06-12 01:39:50.040  4368   784 D KeyguardService: setOccluded(false)
06-12 01:39:50.040  4368   784 D KeyguardViewMediator: setOccluded(false)
06-12 01:39:50.040  4368  4368 D KeyguardViewMediator: handleSetOccluded(false)
06-12 01:39:50.040  4368  4368 D KeyguardViewMediator: KeyguardViewMediator queue processing message: SET_OCCLUDED
06-12 01:39:50.042  7310  7310 D MainActivity: Home-Intent empfangen (Δ=17315ms)
06-12 01:39:50.044  7310  7310 D UsageReturn: hasUsageAccess=true mode=0
06-12 01:39:50.044  7310  7310 D ReturnStore: storedPackages=[com.ebay.mobile, com.google.android.apps.bard]
06-12 01:39:50.044  7310  7310 D UsageReturn: hasUsageAccess=true mode=0
06-12 01:39:50.045  7310  7310 D UsageReturn: eventCandidate=null
06-12 01:39:50.048  7310  7310 D UsageReturn: statsCandidate=ForegroundAppObservation(packageName=com.google.android.apps.bard, observedAtMs=1781212702339, source=usage-stats)
06-12 01:39:50.048  7310  7310 D UsageReturn: recentForegroundObservation=ForegroundAppObservation(packageName=com.google.android.apps.bard, observedAtMs=1781212702339, source=usage-stats) eventCandidate=null statsCandidate=ForegroundAppObservation(packageName=com.google.android.apps.bard, observedAtMs=1781212702339, source=usage-stats)
06-12 01:39:50.048  7310  7310 D ReturnStore: storedOriginCount=2
06-12 01:39:50.048  7310  7310 D ReturnFlow: resume a11y=false usage=true storedPackages=[com.ebay.mobile, com.google.android.apps.bard] storedOrigins=2 pending=null pendingLaunchWall=0 beforeLauncher=null usageObservation=ForegroundAppObservation(packageName=com.google.android.apps.bard, observedAtMs=1781212702339, source=usage-stats)
06-12 01:39:50.048  7310  7310 D ReturnStore: get launched=com.ebay.mobile hit=true target=com.ebay.mobile source=HOME
06-12 01:39:50.048  7310  7310 D ReturnStore: get launched=com.google.android.apps.bard hit=true target=__search_return_target__ source=HOME
06-12 01:39:50.048  7310  7310 D ReturnFlow: resume gateReason=stale-animation matchedObservation=ForegroundAppObservation(packageName=com.google.android.apps.bard, observedAtMs=1781212702339, source=usage-stats) chosen=null target=null source=null bounds=false
06-12 01:39:50.084 10282 24050 W adbd    : timed out while waiting for FUNCTIONFS_BIND, trying again
06-12 01:39:50.085 10282 24050 I adbd    : UsbFfs: connection terminated: monitor thread finished
06-12 01:39:50.111 10282 10288 I adbd    : opening control endpoint /dev/usb-ffs/adb/ep0
06-12 01:39:50.179  2343  5612 E PERF-LLLITE-LEARNER: PERF-LLLITE-LEARNER: getPid() 240: Failed to get pid for app_name android
06-12 01:39:50.354  4368  4368 I vol.VolumeDialogImpl: dismissH reason = volume_controller mDialog.isShowing(): false
06-12 01:39:50.525  2567  2567 D OverviewCommandHelper: clearing pending commands - size: 0
06-12 01:39:50.666   506   506 D BoundBrokerSvc: onUnbind: Intent { act=com.google.android.gms.libs.gmscorelogger.service.START dat=chimera-action:/... xflg=0x4 cmp=com.google.android.gms/.chimera.PersistentDirectBootAwareApiService }
06-12 01:39:51.040 23412 23425 W InteractionController: Timed out waiting 1000ms for command and events.
06-12 01:39:51.092 23412 23425 D Benchmark: Starting activity with command: am start  -W "intent:#Intent;action=android.intent.action.MAIN;category=android.intent.category.LAUNCHER;launchFlags=0x10008000;package=com.papernotes;component=com.papernotes/.MainActivity;end"
06-12 01:39:51.106  6373  6790 W MediaProvider: isAppCloneUserPair for user 0: false
06-12 01:39:51.118 10282 24057 W adbd    : timed out while waiting for FUNCTIONFS_BIND, trying again
06-12 01:39:51.118 10282 24057 I adbd    : UsbFfs: connection terminated: monitor thread finished
06-12 01:39:51.122  2199  2223 I android.hardware.thermal-service.qti: Sensor Name: skin temp: 27.802. prev severity:1. cur severity:0 New severity:0
06-12 01:39:51.156 10282 10288 I adbd    : opening control endpoint /dev/usb-ffs/adb/ep0
06-12 01:39:51.185  3386  3541 D MotoPerf: setAffinity_native: for tid:2567 setting cpu mask 248
06-12 01:39:51.186  3386  3541 D MotoPerf: setAffinity_native: for tid:2619 setting cpu mask 248
06-12 01:39:51.189  3386  7666 V GrammaticalInflectionUtils: AttributionSource: android.content.AttributionSource@27c37e48 does not have READ_SYSTEM_GRAMMATICAL_GENDER permission.
06-12 01:39:51.195  2343  5612 E PERF-LLLITE-LEARNER: PERF-LLLITE-LEARNER: getPid() 240: Failed to get pid for app_name android
06-12 01:39:51.204  2343  2422 E PERF_APPCLASSIFIER: PERF_APPCLASSIFIER: getData() 195: DBQuery failed for appName:android
06-12 01:39:51.204  2343  2407 E PERF_APPCLASSIFIER: PERF_APPCLASSIFIER: getData() 195: DBQuery failed for appName:android
06-12 01:39:51.205  2343  2407 E PERF_APPCLASSIFIER: PERF_APPCLASSIFIER: getData() 195: DBQuery failed for appName:android
06-12 01:39:51.206  2343  2422 E PERF_APPCLASSIFIER: PERF_APPCLASSIFIER: getData() 195: DBQuery failed for appName:android
06-12 01:39:51.208  2343  2402 E PERFHAL-OPTSHANDLER: PERFHAL-OPTSHANDLER: modify_sysfsnode() 1142: Perflock resource /sys/devices/system/cpu/bus_dcvs/L3/soc:qcom,memlat:l3:prime/min_freq not supported
06-12 01:39:51.208  2343  2402 E PERFHAL-RESOURCEQS: PERFHAL-RESOURCEQS: AddAndApply() 159: Failed to apply optimization [13, 22]
06-12 01:39:51.208  2343  2402 E PERFHAL-TARGETCONFIG: PERFHAL-TARGETCONFIG: getCoresInCluster() 86: Error: Invalid cluster id 3
06-12 01:39:51.208  2343  2402 E PERFHAL-REQUEST: PERFHAL-REQUEST: Process() 394: Translate to physical failed
06-12 01:39:51.210  2343  5619 I HidlServiceManagement: Trying to get transport of vendor.qti.hardware.servicetracker@1.1::IServicetracker/default without hwservicemanager
06-12 01:39:51.210  2343  5619 I HidlServiceManagement: Trying to get transport of vendor.qti.hardware.servicetracker@1.0::IServicetracker/default without hwservicemanager
06-12 01:39:51.210  2343  5619 E ANDR-PERF-LM: DependentServices: getSTServiceAndLinkToDeath() 66: IServicetracker::getService failed!
06-12 01:39:51.211  3386  7666 D ActivityTrigger: ActivityTrigger activityPauseTrigger
06-12 01:39:51.211  2343  2407 E PERF_APPCLASSIFIER: PERF_APPCLASSIFIER: getData() 195: DBQuery failed for appName:android
06-12 01:39:51.211  5287  5287 D MAC/ActionCoreApplicationMC: onTopResumedActivityChange()-->packageName=com.example.androidlauncher,isTop=false，UXCore is running=null,UXCore invisibility = null
06-12 01:39:51.211  2343  2407 E PERF_APPCLASSIFIER: PERF_APPCLASSIFIER: getData() 195: DBQuery failed for appName:android
06-12 01:39:51.211  2343  2407 E PERF_APPCLASSIFIER: PERF_APPCLASSIFIER: getData() 195: DBQuery failed for appName:android
06-12 01:39:51.212  2343  2407 E PERF_APPCLASSIFIER: PERF_APPCLASSIFIER: getData() 195: DBQuery failed for appName:android
06-12 01:39:51.212  2343  2407 E PERF_APPCLASSIFIER: PERF_APPCLASSIFIER: getData() 195: DBQuery failed for appName:android
06-12 01:39:51.212  2343  2402 E PERFHAL-OPTSHANDLER: PERFHAL-OPTSHANDLER: modify_sysfsnode() 1142: Perflock resource /sys/devices/system/cpu/bus_dcvs/L3/soc:qcom,memlat:l3:prime/min_freq not supported
06-12 01:39:51.212  2343  2402 E PERFHAL-RESOURCEQS: PERFHAL-RESOURCEQS: AddAndApply() 159: Failed to apply optimization [13, 22]
06-12 01:39:51.214  2343  2407 E PERF_APPCLASSIFIER: PERF_APPCLASSIFIER: getData() 195: DBQuery failed for appName:android
06-12 01:39:51.214  2343  2407 E PERF_APPCLASSIFIER: PERF_APPCLASSIFIER: getData() 195: DBQuery failed for appName:android
06-12 01:39:51.214  2343  2407 E PERF_APPCLASSIFIER: PERF_APPCLASSIFIER: getData() 195: DBQuery failed for appName:android
06-12 01:39:51.215  2567  2567 D LooperExecutor: UiThreadHelper execute: com.android.quickstep.RecentTasksList$$ExternalSyntheticLambda0@d2f0c5c
06-12 01:39:51.216  2343  2402 E PERFHAL-OPTSHANDLER: PERFHAL-OPTSHANDLER: modify_sysfsnode() 1142: Perflock resource /sys/devices/system/cpu/bus_dcvs/L3/soc:qcom,memlat:l3:prime/min_freq not supported
06-12 01:39:51.216  2343  2402 E PERFHAL-RESOURCEQS: PERFHAL-RESOURCEQS: AddAndApply() 159: Failed to apply optimization [13, 22]
06-12 01:39:51.216  2343  2402 E PERFHAL-OPTSHANDLER: PERFHAL-OPTSHANDLER: modify_sysfsnode() 1142: Perflock resource /sys/devices/system/cpu/bus_dcvs/L3/soc:qcom,memlat:l3:prime/min_freq not supported
06-12 01:39:51.216  2343  2402 E PERFHAL-RESOURCEQS: PERFHAL-RESOURCEQS: RemoveAndApply() 292: Failed to reset optimization here [13, 22]
06-12 01:39:51.217  3386  3475 V GrammaticalInflectionUtils: AttributionSource: android.content.AttributionSource@27c37e48 does not have READ_SYSTEM_GRAMMATICAL_GENDER permission.
06-12 01:39:51.217  2567  2567 I TopTaskTracker: onTaskMovedToFront: (moved taskInfo to front) taskId=865, baseIntent=Intent { act=android.intent.action.MAIN cat=[android.intent.category.LAUNCHER] flg=0x10008000 pkg=com.papernotes cmp=com.papernotes/.MainActivity }
06-12 01:39:51.220  2343  2407 E PERFHAL-LLLITE: PERFHAL-LLLITE: CheckOngoingLaunchScenario() 188: mBoostedPkgName is empty!
06-12 01:39:51.222  2567  4335 D LooperExecutor: main execute: com.android.quickstep.RecentTasksList$1$$ExternalSyntheticLambda3@df47b65
06-12 01:39:51.222  2567  4335 D LooperExecutor: main execute: com.android.quickstep.RecentTasksList$1$$ExternalSyntheticLambda3@3cf803a
06-12 01:39:51.222  2567  2567 D LooperExecutor: UiThreadHelper execute: com.android.quickstep.RecentTasksList$$ExternalSyntheticLambda0@f4774eb
06-12 01:39:51.222  2567  2567 D LooperExecutor: UiThreadHelper execute: com.android.quickstep.RecentTasksList$$ExternalSyntheticLambda0@fce9248
06-12 01:39:51.223  2448  2448 I BpBinder: onLastStrongRef automatically unlinking death recipients:
06-12 01:39:51.227  2448  2448 D SurfaceFlinger: setDesiredDisplayModeSpecs[{0, false, PR={p[60.00-120.00]Hz, r[60.00-120.00]Hz}, AR={p[0.00-120.00]Hz, r[0.00-120.00]Hz}}]: by process 3386 uid 1000 for display 4630946747577212050
06-12 01:39:51.227  2448  2448 I SurfaceFlinger: doPolicyValidationAndCorrection for Prim to {0, false, PR={p[60.00-120.00]Hz, r[60.00-120.00]Hz}, AR={p[0.00-120.00]Hz, r[0.00-120.00]Hz}}
06-12 01:39:51.227  2448  2448 D RefreshRateSelector: constructAvailableRefreshRates: {defaultModeId=0, allowGroupSwitching=false, primaryRanges={physical=[60.00 Hz, 120.00 Hz], render=[60.00 Hz, 120.00 Hz]}, appRequestRanges={physical=[0.00 Hz, 120.00 Hz], render=[0.00 Hz, 120.00 Hz]} idleScreenConfig=nullptr}
